<html>
<body>
<pre>
<h1>µVision Build Log</h1>
<h2>Project:</h2>
N:\MTE241Project\MTE241-Project3-master\Project2.uvproj
Project File Date:  07/09/2018

<h2>Output:</h2>
Build target 'Target 1'
compiling system_LPC17xx.c...
compiling IOControls.c...
IOControls.c(18): warning:  #61-D: integer operation result is out of range
IOControls.c(18): warning:  #68-D: integer conversion resulted in a change of sign
IOControls.c(34): warning:  #61-D: integer operation result is out of range
IOControls.c(34): warning:  #68-D: integer conversion resulted in a change of sign
linking...
Project2.axf: Warning: L6304W: Duplicate input file system_lpc17xx.o ignored.
Program Size: Code=20180 RO-data=7076 RW-data=240 ZI-data=12480  
"Project2.axf" - 0 Error(s), 5 Warning(s).
Load "N:\\MTE241Project\\MTE241-Project3-master\\Project2.AXF" 
Erase Done.
Programming Done.
Verify OK.
Build target 'Target 1'
compiling IOControls.c...
IOControls.c(18): warning:  #61-D: integer operation result is out of range
IOControls.c(18): warning:  #68-D: integer conversion resulted in a change of sign
IOControls.c(34): warning:  #61-D: integer operation result is out of range
IOControls.c(34): warning:  #68-D: integer conversion resulted in a change of sign
linking...
Project2.axf: Warning: L6304W: Duplicate input file system_lpc17xx.o ignored.
Program Size: Code=20184 RO-data=7080 RW-data=240 ZI-data=12480  
"Project2.axf" - 0 Error(s), 5 Warning(s).
Load "N:\\MTE241Project\\MTE241-Project3-master\\Project2.AXF" 
Erase Done.
Programming Done.
Verify OK.
Build target 'Target 1'
compiling IOControls.c...
IOControls.c(12): warning:  #61-D: integer operation result is out of range
IOControls.c(12): warning:  #68-D: integer conversion resulted in a change of sign
IOControls.c(18): warning:  #61-D: integer operation result is out of range
IOControls.c(18): warning:  #68-D: integer conversion resulted in a change of sign
IOControls.c(34): warning:  #61-D: integer operation result is out of range
IOControls.c(34): warning:  #68-D: integer conversion resulted in a change of sign
linking...
Project2.axf: Warning: L6304W: Duplicate input file system_lpc17xx.o ignored.
Program Size: Code=20188 RO-data=7076 RW-data=240 ZI-data=12480  
"Project2.axf" - 0 Error(s), 7 Warning(s).
Load "N:\\MTE241Project\\MTE241-Project3-master\\Project2.AXF" 
Erase Done.
Programming Done.
Verify OK.
Build target 'Target 1'
compiling nba3PointChallengeMain.c...
compiling IOControls.c...
IOControls.c(12): warning:  #61-D: integer operation result is out of range
IOControls.c(12): warning:  #68-D: integer conversion resulted in a change of sign
IOControls.c(19): warning:  #61-D: integer operation result is out of range
IOControls.c(19): warning:  #68-D: integer conversion resulted in a change of sign
IOControls.c(35): warning:  #61-D: integer operation result is out of range
IOControls.c(35): warning:  #68-D: integer conversion resulted in a change of sign
linking...
Project2.axf: Warning: L6304W: Duplicate input file system_lpc17xx.o ignored.
Program Size: Code=20148 RO-data=7076 RW-data=240 ZI-data=12480  
"Project2.axf" - 0 Error(s), 7 Warning(s).
Load "N:\\MTE241Project\\MTE241-Project3-master\\Project2.AXF" 
Erase Done.
Programming Done.
Verify OK.
Build target 'Target 1'
compiling nba3PointChallengeMain.c...
linking...
Project2.axf: Warning: L6304W: Duplicate input file system_lpc17xx.o ignored.
Program Size: Code=20128 RO-data=7080 RW-data=240 ZI-data=12480  
"Project2.axf" - 0 Error(s), 1 Warning(s).
Load "N:\\MTE241Project\\MTE241-Project3-master\\Project2.AXF" 
Erase Done.
Programming Done.
Verify OK.
compiling nba3PointChallengeMain.c...
nba3PointChallengeMain.c - 0 Error(s), 0 Warning(s).
Build target 'Target 1'
linking...
Project2.axf: Warning: L6304W: Duplicate input file system_lpc17xx.o ignored.
Program Size: Code=20124 RO-data=7076 RW-data=240 ZI-data=12480  
"Project2.axf" - 0 Error(s), 1 Warning(s).
Load "N:\\MTE241Project\\MTE241-Project3-master\\Project2.AXF" 
Erase Done.
Programming Done.
Verify OK.
Build target 'Target 1'
compiling nba3PointChallengeMain.c...
linking...
Project2.axf: Warning: L6304W: Duplicate input file system_lpc17xx.o ignored.
Program Size: Code=20144 RO-data=7080 RW-data=240 ZI-data=12480  
"Project2.axf" - 0 Error(s), 1 Warning(s).
Load "N:\\MTE241Project\\MTE241-Project3-master\\Project2.AXF" 
Erase Done.
Programming Done.
Verify OK.
Build target 'Target 1'
compiling nba3PointChallengeMain.c...
linking...
Project2.axf: Warning: L6304W: Duplicate input file system_lpc17xx.o ignored.
Program Size: Code=20144 RO-data=7080 RW-data=240 ZI-data=12480  
"Project2.axf" - 0 Error(s), 1 Warning(s).
Load "N:\\MTE241Project\\MTE241-Project3-master\\Project2.AXF" 
Erase Done.
Programming Done.
Verify OK.
Build target 'Target 1'
linking...
Project2.axf: Warning: L6304W: Duplicate input file system_lpc17xx.o ignored.
Program Size: Code=20144 RO-data=7080 RW-data=240 ZI-data=12480  
"Project2.axf" - 0 Error(s), 1 Warning(s).
Load "N:\\MTE241Project\\MTE241-Project3-master\\Project2.AXF" 
Erase Done.
Programming Done.
Verify OK.
Build target 'Target 1'
compiling IOControls.c...
IOControls.c(12): warning:  #61-D: integer operation result is out of range
IOControls.c(12): warning:  #68-D: integer conversion resulted in a change of sign
IOControls.c(19): warning:  #61-D: integer operation result is out of range
IOControls.c(19): warning:  #68-D: integer conversion resulted in a change of sign
IOControls.c(35): warning:  #61-D: integer operation result is out of range
IOControls.c(35): warning:  #68-D: integer conversion resulted in a change of sign
linking...
Project2.axf: Warning: L6304W: Duplicate input file system_lpc17xx.o ignored.
Program Size: Code=20144 RO-data=7080 RW-data=240 ZI-data=12480  
"Project2.axf" - 0 Error(s), 7 Warning(s).
Load "N:\\MTE241Project\\MTE241-Project3-master\\Project2.AXF" 
Erase Done.
Programming Done.
Verify OK.
Build target 'Target 1'
compiling nba3PointChallengeMain.c...
linking...
Project2.axf: Warning: L6304W: Duplicate input file system_lpc17xx.o ignored.
Program Size: Code=20152 RO-data=7080 RW-data=240 ZI-data=12480  
"Project2.axf" - 0 Error(s), 1 Warning(s).
Load "N:\\MTE241Project\\MTE241-Project3-master\\Project2.AXF" 
Erase Done.
Programming Done.
Verify OK.
Build target 'Target 1'
compiling nba3PointChallengeMain.c...
linking...
Project2.axf: Warning: L6304W: Duplicate input file system_lpc17xx.o ignored.
Program Size: Code=20152 RO-data=7080 RW-data=240 ZI-data=12480  
"Project2.axf" - 0 Error(s), 1 Warning(s).
Load "N:\\MTE241Project\\MTE241-Project3-master\\Project2.AXF" 
Erase Done.
Programming Done.
Verify OK.
Build target 'Target 1'
compiling nba3PointChallengeMain.c...
linking...
Project2.axf: Warning: L6304W: Duplicate input file system_lpc17xx.o ignored.
Program Size: Code=20152 RO-data=7080 RW-data=240 ZI-data=12480  
"Project2.axf" - 0 Error(s), 1 Warning(s).
Load "N:\\MTE241Project\\MTE241-Project3-master\\Project2.AXF" 
Erase Done.
Programming Done.
Verify Failed!
Build target 'Target 1'
compiling nba3PointChallengeMain.c...
linking...
Project2.axf: Warning: L6304W: Duplicate input file system_lpc17xx.o ignored.
Program Size: Code=20152 RO-data=7080 RW-data=240 ZI-data=12480  
"Project2.axf" - 0 Error(s), 1 Warning(s).
Load "N:\\MTE241Project\\MTE241-Project3-master\\Project2.AXF" 
Erase Done.
Programming Done.
Verify OK.
Build target 'Target 1'
compiling nba3PointChallengeMain.c...
linking...
Project2.axf: Warning: L6304W: Duplicate input file system_lpc17xx.o ignored.
Program Size: Code=20152 RO-data=7080 RW-data=240 ZI-data=12480  
"Project2.axf" - 0 Error(s), 1 Warning(s).
Load "N:\\MTE241Project\\MTE241-Project3-master\\Project2.AXF" 
Erase Done.
Programming Done.
Verify OK.
Build target 'Target 1'
compiling IOControls.c...
IOControls.c(12): warning:  #61-D: integer operation result is out of range
IOControls.c(12): warning:  #68-D: integer conversion resulted in a change of sign
IOControls.c(19): warning:  #61-D: integer operation result is out of range
IOControls.c(19): warning:  #68-D: integer conversion resulted in a change of sign
IOControls.c(35): warning:  #61-D: integer operation result is out of range
IOControls.c(35): warning:  #68-D: integer conversion resulted in a change of sign
linking...
Project2.axf: Warning: L6304W: Duplicate input file system_lpc17xx.o ignored.
Program Size: Code=20148 RO-data=7076 RW-data=240 ZI-data=12480  
"Project2.axf" - 0 Error(s), 7 Warning(s).
Load "N:\\MTE241Project\\MTE241-Project3-master\\Project2.AXF" 
Erase Done.
Programming Done.
Verify OK.
Build target 'Target 1'
compiling IOControls.c...
IOControls.c(12): warning:  #61-D: integer operation result is out of range
IOControls.c(12): warning:  #68-D: integer conversion resulted in a change of sign
IOControls.c(20): warning:  #61-D: integer operation result is out of range
IOControls.c(20): warning:  #68-D: integer conversion resulted in a change of sign
IOControls.c(36): warning:  #61-D: integer operation result is out of range
IOControls.c(36): warning:  #68-D: integer conversion resulted in a change of sign
linking...
Project2.axf: Warning: L6304W: Duplicate input file system_lpc17xx.o ignored.
Program Size: Code=20152 RO-data=7080 RW-data=240 ZI-data=12480  
"Project2.axf" - 0 Error(s), 7 Warning(s).
Build target 'Target 1'
compiling IOControls.c...
IOControls.c(12): warning:  #61-D: integer operation result is out of range
IOControls.c(12): warning:  #68-D: integer conversion resulted in a change of sign
IOControls.c(20): warning:  #61-D: integer operation result is out of range
IOControls.c(20): warning:  #68-D: integer conversion resulted in a change of sign
IOControls.c(36): warning:  #61-D: integer operation result is out of range
IOControls.c(36): warning:  #68-D: integer conversion resulted in a change of sign
linking...
Project2.axf: Warning: L6304W: Duplicate input file system_lpc17xx.o ignored.
Program Size: Code=20152 RO-data=7080 RW-data=240 ZI-data=12480  
"Project2.axf" - 0 Error(s), 7 Warning(s).
Load "N:\\MTE241Project\\MTE241-Project3-master\\Project2.AXF" 
Erase Done.
Programming Done.
Verify OK.
Build target 'Target 1'
compiling nba3PointChallengeMain.c...
compiling IOControls.c...
IOControls.c(12): warning:  #61-D: integer operation result is out of range
IOControls.c(12): warning:  #68-D: integer conversion resulted in a change of sign
IOControls.c(18): warning:  #61-D: integer operation result is out of range
IOControls.c(18): warning:  #68-D: integer conversion resulted in a change of sign
IOControls.c(34): warning:  #61-D: integer operation result is out of range
IOControls.c(34): warning:  #68-D: integer conversion resulted in a change of sign
linking...
Project2.axf: Warning: L6304W: Duplicate input file system_lpc17xx.o ignored.
Program Size: Code=20152 RO-data=7080 RW-data=240 ZI-data=12480  
"Project2.axf" - 0 Error(s), 7 Warning(s).
Load "N:\\MTE241Project\\MTE241-Project3-master\\Project2.AXF" 
Erase Done.
Programming Done.
Verify OK.
Build target 'Target 1'
compiling nba3PointChallengeMain.c...
linking...
Project2.axf: Warning: L6304W: Duplicate input file system_lpc17xx.o ignored.
Program Size: Code=20152 RO-data=7080 RW-data=240 ZI-data=12480  
"Project2.axf" - 0 Error(s), 1 Warning(s).
Load "N:\\MTE241Project\\MTE241-Project3-master\\Project2.AXF" 
Erase Done.
Programming Done.
Verify OK.
Build target 'Target 1'
compiling nba3PointChallengeMain.c...
linking...
Project2.axf: Warning: L6304W: Duplicate input file system_lpc17xx.o ignored.
Program Size: Code=20152 RO-data=7080 RW-data=240 ZI-data=12480  
"Project2.axf" - 0 Error(s), 1 Warning(s).
Load "N:\\MTE241Project\\MTE241-Project3-master\\Project2.AXF" 
Erase Done.
Programming Done.
Verify OK.
Build target 'Target 1'
compiling nba3PointChallengeMain.c...
linking...
Project2.axf: Warning: L6304W: Duplicate input file system_lpc17xx.o ignored.
Program Size: Code=20152 RO-data=7080 RW-data=240 ZI-data=12480  
"Project2.axf" - 0 Error(s), 1 Warning(s).
Load "N:\\MTE241Project\\MTE241-Project3-master\\Project2.AXF" 
Erase Done.
Programming Done.
Verify OK.
Build target 'Target 1'
linking...
Project2.axf: Warning: L6304W: Duplicate input file system_lpc17xx.o ignored.
Program Size: Code=20152 RO-data=7080 RW-data=240 ZI-data=12480  
"Project2.axf" - 0 Error(s), 1 Warning(s).
Load "N:\\MTE241Project\\MTE241-Project3-master\\Project2.AXF" 
Erase Done.
Programming Done.
Verify OK.
Build target 'Target 1'
compiling nba3PointChallengeMain.c...
linking...
Project2.axf: Warning: L6304W: Duplicate input file system_lpc17xx.o ignored.
Program Size: Code=20152 RO-data=7080 RW-data=240 ZI-data=12480  
"Project2.axf" - 0 Error(s), 1 Warning(s).
Load "N:\\MTE241Project\\MTE241-Project3-master\\Project2.AXF" 
Erase Done.
Programming Done.
Verify OK.
Build target 'Target 1'
linking...
Project2.axf: Warning: L6304W: Duplicate input file system_lpc17xx.o ignored.
Program Size: Code=20152 RO-data=7080 RW-data=240 ZI-data=12480  
"Project2.axf" - 0 Error(s), 1 Warning(s).
Build target 'Target 1'
compiling nba3PointChallengeMain.c...
linking...
Project2.axf: Warning: L6304W: Duplicate input file system_lpc17xx.o ignored.
Program Size: Code=20160 RO-data=7080 RW-data=240 ZI-data=12480  
"Project2.axf" - 0 Error(s), 1 Warning(s).
Load "N:\\MTE241Project\\MTE241-Project3-master\\Project2.AXF" 
Erase Done.
Programming Done.
Verify OK.
Build target 'Target 1'
compiling nba3PointChallengeMain.c...
nba3PointChallengeMain.c(300): error:  #20: identifier "MAX_POINTS" is undefined
nba3PointChallengeMain.c(302): error:  #65: expected a ";"
nba3PointChallengeMain.c(335): error:  #20: identifier "TOTAL_SHOTS" is undefined
Target not created
Build target 'Target 1'
compiling nba3PointChallengeMain.c...
nba3PointChallengeMain.c(300): error:  #20: identifier "MAX_POINTS" is undefined
nba3PointChallengeMain.c(302): error:  #65: expected a ";"
nba3PointChallengeMain.c(335): error:  #20: identifier "TOTAL_SHOTS" is undefined
Target not created
Build target 'Target 1'
compiling nba3PointChallengeMain.c...
linking...
Project2.axf: Warning: L6304W: Duplicate input file system_lpc17xx.o ignored.
Program Size: Code=20028 RO-data=7076 RW-data=240 ZI-data=12480  
"Project2.axf" - 0 Error(s), 1 Warning(s).
Load "N:\\MTE241Project\\MTE241-Project3-master\\Project2.AXF" 
Erase Done.
Programming Done.
Verify OK.
Build target 'Target 1'
compiling nba3PointChallengeMain.c...
linking...
Project2.axf: Warning: L6304W: Duplicate input file system_lpc17xx.o ignored.
Program Size: Code=20020 RO-data=7076 RW-data=240 ZI-data=12480  
"Project2.axf" - 0 Error(s), 1 Warning(s).
Load "N:\\MTE241Project\\MTE241-Project3-master\\Project2.AXF" 
Erase Done.
Programming Done.
Verify OK.
Build target 'Target 1'
compiling nba3PointChallengeMain.c...
linking...
Project2.axf: Warning: L6304W: Duplicate input file system_lpc17xx.o ignored.
Program Size: Code=20024 RO-data=7088 RW-data=240 ZI-data=12480  
"Project2.axf" - 0 Error(s), 1 Warning(s).
Load "N:\\MTE241Project\\MTE241-Project3-master\\Project2.AXF" 
Erase Done.
Programming Done.
Verify OK.
Build target 'Target 1'
compiling nba3PointChallengeMain.c...
linking...
Project2.axf: Warning: L6304W: Duplicate input file system_lpc17xx.o ignored.
Program Size: Code=20032 RO-data=7088 RW-data=240 ZI-data=12480  
"Project2.axf" - 0 Error(s), 1 Warning(s).
Load "N:\\MTE241Project\\MTE241-Project3-master\\Project2.AXF" 
Erase Done.
Programming Done.
Verify OK.
Build target 'Target 1'
compiling IOControls.c...
IOControls.c(12): warning:  #61-D: integer operation result is out of range
IOControls.c(12): warning:  #68-D: integer conversion resulted in a change of sign
IOControls.c(18): warning:  #61-D: integer operation result is out of range
IOControls.c(18): warning:  #68-D: integer conversion resulted in a change of sign
IOControls.c(34): warning:  #61-D: integer operation result is out of range
IOControls.c(34): warning:  #68-D: integer conversion resulted in a change of sign
linking...
Project2.axf: Warning: L6304W: Duplicate input file system_lpc17xx.o ignored.
Program Size: Code=20024 RO-data=7088 RW-data=240 ZI-data=12480  
"Project2.axf" - 0 Error(s), 7 Warning(s).
Load "N:\\MTE241Project\\MTE241-Project3-master\\Project2.AXF" 
Erase Done.
Programming Done.
Verify OK.
Build target 'Target 1'
compiling nba3PointChallengeMain.c...
compiling IOControls.c...
IOControls.c(12): warning:  #61-D: integer operation result is out of range
IOControls.c(12): warning:  #68-D: integer conversion resulted in a change of sign
IOControls.c(18): warning:  #61-D: integer operation result is out of range
IOControls.c(18): warning:  #68-D: integer conversion resulted in a change of sign
IOControls.c(34): warning:  #61-D: integer operation result is out of range
IOControls.c(34): warning:  #68-D: integer conversion resulted in a change of sign
linking...
Project2.axf: Warning: L6304W: Duplicate input file system_lpc17xx.o ignored.
Program Size: Code=20036 RO-data=7084 RW-data=240 ZI-data=12480  
"Project2.axf" - 0 Error(s), 7 Warning(s).
Load "N:\\MTE241Project\\MTE241-Project3-master\\Project2.AXF" 
Erase Done.
Programming Done.
Verify OK.
Build target 'Target 1'
compiling nba3PointChallengeMain.c...
linking...
Project2.axf: Warning: L6304W: Duplicate input file system_lpc17xx.o ignored.
Program Size: Code=20000 RO-data=7088 RW-data=224 ZI-data=12480  
"Project2.axf" - 0 Error(s), 1 Warning(s).
Load "N:\\MTE241Project\\MTE241-Project3-master\\Project2.AXF" 
Erase Done.
Programming Done.
Verify OK.
Build target 'Target 1'
compiling nba3PointChallengeMain.c...
linking...
Project2.axf: Warning: L6304W: Duplicate input file system_lpc17xx.o ignored.
Program Size: Code=20000 RO-data=7088 RW-data=224 ZI-data=12480  
"Project2.axf" - 0 Error(s), 1 Warning(s).
Load "N:\\MTE241Project\\MTE241-Project3-master\\Project2.AXF" 
Erase Done.
Programming Done.
Verify OK.
Build target 'Target 1'
compiling nba3PointChallengeMain.c...
linking...
Project2.axf: Warning: L6304W: Duplicate input file system_lpc17xx.o ignored.
Program Size: Code=20000 RO-data=7088 RW-data=224 ZI-data=12480  
"Project2.axf" - 0 Error(s), 1 Warning(s).
Load "N:\\MTE241Project\\MTE241-Project3-master\\Project2.AXF" 
Erase Done.
Programming Done.
Verify OK.
Build target 'Target 1'
compiling nba3PointChallengeMain.c...
linking...
Project2.axf: Warning: L6304W: Duplicate input file system_lpc17xx.o ignored.
Program Size: Code=19996 RO-data=7084 RW-data=224 ZI-data=12480  
"Project2.axf" - 0 Error(s), 1 Warning(s).
Load "N:\\MTE241Project\\MTE241-Project3-master\\Project2.AXF" 
Erase Done.
Programming Done.
Verify OK.
Build target 'Target 1'
compiling nba3PointChallengeMain.c...
linking...
Project2.axf: Warning: L6304W: Duplicate input file system_lpc17xx.o ignored.
Program Size: Code=20000 RO-data=7088 RW-data=224 ZI-data=12480  
"Project2.axf" - 0 Error(s), 1 Warning(s).
Load "N:\\MTE241Project\\MTE241-Project3-master\\Project2.AXF" 
Erase Done.
Programming Done.
Verify OK.
Build target 'Target 1'
compiling nba3PointChallengeMain.c...
compiling IOControls.c...
IOControls.c(12): warning:  #61-D: integer operation result is out of range
IOControls.c(12): warning:  #68-D: integer conversion resulted in a change of sign
IOControls.c(18): warning:  #61-D: integer operation result is out of range
IOControls.c(18): warning:  #68-D: integer conversion resulted in a change of sign
IOControls.c(34): warning:  #61-D: integer operation result is out of range
IOControls.c(34): warning:  #68-D: integer conversion resulted in a change of sign
compiling nbaGraphics.c...
nbaGraphics.c(7): warning:  #520-D: initialization with "{...}" expected for aggregate object
nbaGraphics.c(7): error:  #29: expected an expression
nbaGraphics.c(8): warning:  #520-D: initialization with "{...}" expected for aggregate object
nbaGraphics.c(8): error:  #29: expected an expression
nbaGraphics.c(9): warning:  #520-D: initialization with "{...}" expected for aggregate object
nbaGraphics.c(9): error:  #29: expected an expression
nbaGraphics.c(10): warning:  #520-D: initialization with "{...}" expected for aggregate object
nbaGraphics.c(10): error:  #29: expected an expression
nbaGraphics.c(11): warning:  #520-D: initialization with "{...}" expected for aggregate object
nbaGraphics.c(11): error:  #29: expected an expression
nbaGraphics.c(12): warning:  #520-D: initialization with "{...}" expected for aggregate object
nbaGraphics.c(12): error:  #29: expected an expression
nbaGraphics.c(13): warning:  #520-D: initialization with "{...}" expected for aggregate object
nbaGraphics.c(13): error:  #29: expected an expression
nbaGraphics.c(14): warning:  #520-D: initialization with "{...}" expected for aggregate object
nbaGraphics.c(14): error:  #29: expected an expression
nbaGraphics.c(16): error:  #148: variable "topDown0" has already been initialized
nbaGraphics.c(16): warning:  #520-D: initialization with "{...}" expected for aggregate object
nbaGraphics.c(16): error:  #29: expected an expression
nbaGraphics.c(17): warning:  #520-D: initialization with "{...}" expected for aggregate object
nbaGraphics.c(17): error:  #29: expected an expression
nbaGraphics.c(18): warning:  #520-D: initialization with "{...}" expected for aggregate object
nbaGraphics.c(18): error:  #29: expected an expression
nbaGraphics.c(19): error:  #148: variable "topDown45" has already been initialized
nbaGraphics.c(19): warning:  #520-D: initialization with "{...}" expected for aggregate object
nbaGraphics.c(19): error:  #29: expected an expression
nbaGraphics.c(20): warning:  #520-D: initialization with "{...}" expected for aggregate object
nbaGraphics.c(20): error:  #29: expected an expression
nbaGraphics.c(21): warning:  #520-D: initialization with "{...}" expected for aggregate object
nbaGraphics.c(21): error:  #29: expected an expression
nbaGraphics.c(22): error:  #148: variable "topDown90" has already been initialized
nbaGraphics.c(22): warning:  #520-D: initialization with "{...}" expected for aggregate object
nbaGraphics.c(22): error:  #29: expected an expression
nbaGraphics.c(27): warning:  #550-D: variable "XYInterval" was set but never used
nbaGraphics.c(28): warning:  #550-D: variable "XZInterval" was set but never used
Target not created
Build target 'Target 1'
compiling nbaGraphics.c...
nbaGraphics.c(27): warning:  #550-D: variable "XYInterval" was set but never used
nbaGraphics.c(28): warning:  #550-D: variable "XZInterval" was set but never used
linking...
Project2.axf: Warning: L6304W: Duplicate input file system_lpc17xx.o ignored.
Program Size: Code=20088 RO-data=7088 RW-data=224 ZI-data=12480  
"Project2.axf" - 0 Error(s), 3 Warning(s).
Load "N:\\MTE241Project\\MTE241-Project3-master\\Project2.AXF" 
Erase Done.
Programming Done.
Verify OK.
Load "N:\\MTE241Project\\MTE241-Project3-master\\Project2.AXF" 
Erase Done.
Programming Done.
Verify OK.
Build target 'Target 1'
compiling nba3PointChallengeMain.c...
compiling nbaGraphics.c...
nbaGraphics.c(27): warning:  #550-D: variable "XYInterval" was set but never used
nbaGraphics.c(28): warning:  #550-D: variable "XZInterval" was set but never used
linking...
Project2.axf: Warning: L6304W: Duplicate input file system_lpc17xx.o ignored.
Program Size: Code=20092 RO-data=7084 RW-data=224 ZI-data=12480  
"Project2.axf" - 0 Error(s), 3 Warning(s).
Load "N:\\MTE241Project\\MTE241-Project3-master\\Project2.AXF" 
Erase Done.
Programming Done.
Verify OK.
Build target 'Target 1'
compiling nba3PointChallengeMain.c...
linking...
Project2.axf: Warning: L6304W: Duplicate input file system_lpc17xx.o ignored.
Program Size: Code=20092 RO-data=7084 RW-data=224 ZI-data=12480  
"Project2.axf" - 0 Error(s), 1 Warning(s).
