ARM Linker, 5.02 [Build 28] [MDK-ARM Lite]

==============================================================================

Section Cross References

    system_lpc17xx.o(.text) refers to uldiv.o(.text) for __aeabi_uldivmod
    system_lpc17xx.o(.text) refers to system_lpc17xx.o(.data) for SystemCoreClock
    startup_lpc17xx.o(RESET) refers to startup_lpc17xx.o(STACK) for __initial_sp
    startup_lpc17xx.o(RESET) refers to startup_lpc17xx.o(.text) for Reset_Handler
    startup_lpc17xx.o(RESET) refers to hal_cm3.o(.emb_text) for SVC_Handler
    startup_lpc17xx.o(RESET) refers to uart.o(.text) for UART0_IRQHandler
    startup_lpc17xx.o(.text) refers to system_lpc17xx.o(.text) for SystemInit
    startup_lpc17xx.o(.text) refers to entry.o(.ARM.Collect$$$$00000000) for __main
    uart.o(.text) refers to uart.o(.data) for RcvLock0
    uart.o(.text) refers to uart.o(.bss) for UART0Buffer
    uart.o(.text) refers to system_lpc17xx.o(.data) for SystemCoreClock
    retarget.o(.text) refers to uart.o(.text) for UARTInit
    retarget.o(.text) refers to retarget.o(.data) for uart_init_called
    glcd_spi_lpc1700.o(.text) refers to glcd_spi_lpc1700.o(.data) for Himax
    glcd_spi_lpc1700.o(.text) refers to glcd_spi_lpc1700.o(.constdata) for Font_6x8_h
    nba3pointchallengemain.o(.text) refers to iocontrols.o(.text) for checkPotentiometer
    nba3pointchallengemain.o(.text) refers to nbagraphics.o(.text) for updateStatsSelectScreen
    nba3pointchallengemain.o(.text) refers to dflti.o(.text) for __aeabi_i2d
    nba3pointchallengemain.o(.text) refers to dmul.o(.text) for __aeabi_dmul
    nba3pointchallengemain.o(.text) refers to ddiv.o(.text) for __aeabi_ddiv
    nba3pointchallengemain.o(.text) refers to cos.o(i.cos) for cos
    nba3pointchallengemain.o(.text) refers to sin.o(i.sin) for sin
    nba3pointchallengemain.o(.text) refers to printfa.o(i.__0printf) for __2printf
    nba3pointchallengemain.o(.text) refers to cdcmple.o(.text) for __aeabi_cdcmple
    nba3pointchallengemain.o(.text) refers to pow.o(i.pow) for pow
    nba3pointchallengemain.o(.text) refers to dadd.o(.text) for __aeabi_dsub
    nba3pointchallengemain.o(.text) refers to sqrt.o(i.sqrt) for sqrt
    nba3pointchallengemain.o(.text) refers to f2d.o(.text) for __aeabi_f2d
    nba3pointchallengemain.o(.text) refers to cdrcmple.o(.text) for __aeabi_cdrcmple
    nba3pointchallengemain.o(.text) refers to nba3pointchallengemain.o(.bss) for selectTask1
    nba3pointchallengemain.o(.text) refers to rt_mutex.o(i.rt_mut_wait) for rt_mut_wait
    nba3pointchallengemain.o(.text) refers to nba3pointchallengemain.o(.data) for updateLock
    nba3pointchallengemain.o(.text) refers to rt_semaphore.o(i.rt_sem_wait) for rt_sem_wait
    nba3pointchallengemain.o(.text) refers to rt_mutex.o(i.rt_mut_release) for rt_mut_release
    nba3pointchallengemain.o(.text) refers to rt_semaphore.o(i.rt_sem_send) for rt_sem_send
    nba3pointchallengemain.o(.text) refers to rt_task.o(i.rt_tsk_pass) for rt_tsk_pass
    nba3pointchallengemain.o(.text) refers to rt_mutex.o(i.rt_mut_init) for rt_mut_init
    nba3pointchallengemain.o(.text) refers to rt_semaphore.o(i.rt_sem_init) for rt_sem_init
    nba3pointchallengemain.o(.text) refers to rt_task.o(i.rt_tsk_create) for rt_tsk_create
    nba3pointchallengemain.o(.text) refers to system_lpc17xx.o(.text) for SystemInit
    nba3pointchallengemain.o(.text) refers to glcd_spi_lpc1700.o(.text) for GLCD_Init
    nba3pointchallengemain.o(.text) refers to d2f.o(.text) for __aeabi_d2f
    nba3pointchallengemain.o(.text) refers to hal_cm3.o(.emb_text) for os_set_env
    nba3pointchallengemain.o(.text) refers to rt_task.o(i.rt_tsk_delete) for rt_tsk_delete
    nba3pointchallengemain.o(.text) refers to nba3pointchallengemain.o(.constdata) for xPositions
    nba3pointchallengemain.o(.text) refers to rt_task.o(i.rt_sys_init) for rt_sys_init
    iocontrols.o(.text) refers to fflti.o(.text) for __aeabi_i2f
    iocontrols.o(.text) refers to ffixi.o(.text) for __aeabi_f2iz
    iocontrols.o(.text) refers to dflti.o(.text) for __aeabi_i2d
    iocontrols.o(.text) refers to dadd.o(.text) for __aeabi_dadd
    iocontrols.o(.text) refers to dfixi.o(.text) for __aeabi_d2iz
    nbagraphics.o(.text) refers to printfa.o(i.__0sprintf) for __2sprintf
    nbagraphics.o(.text) refers to glcd_spi_lpc1700.o(.text) for GLCD_DisplayString
    rt_task.o(i.rt_block) refers to rt_list.o(i.rt_put_dly) for rt_put_dly
    rt_task.o(i.rt_block) refers to rt_list.o(i.rt_get_first) for rt_get_first
    rt_task.o(i.rt_block) refers to rt_task.o(i.rt_switch_req) for rt_switch_req
    rt_task.o(i.rt_block) refers to rt_task.o(.data) for .data
    rt_task.o(i.rt_block) refers to rt_list.o(.bss) for os_rdy
    rt_task.o(i.rt_dispatch) refers to rt_list.o(i.rt_put_rdy_first) for rt_put_rdy_first
    rt_task.o(i.rt_dispatch) refers to rt_task.o(i.rt_switch_req) for rt_switch_req
[...]
    printf8.o(i.__0sprintf$8) refers to printf8.o(i._sputc) for _sputc
    printf8.o(i.__0vfprintf$8) refers to printf8.o(i._printf_core) for _printf_core
    printf8.o(i.__0vfprintf$8) refers to retarget.o(.text) for fputc
    printf8.o(i.__0vprintf$8) refers to printf8.o(i._printf_core) for _printf_core
    printf8.o(i.__0vprintf$8) refers to retarget.o(.text) for fputc
    printf8.o(i.__0vprintf$8) refers to retarget.o(.data) for __stdout
    printf8.o(i.__0vsnprintf$8) refers to printf8.o(i._printf_core) for _printf_core
    printf8.o(i.__0vsnprintf$8) refers to printf8.o(i._snputc) for _snputc
    printf8.o(i.__0vsprintf$8) refers to printf8.o(i._printf_core) for _printf_core
    printf8.o(i.__0vsprintf$8) refers to printf8.o(i._sputc) for _sputc
    printf8.o(i._printf_core) refers to printf8.o(i._printf_pre_padding) for _printf_pre_padding
    printf8.o(i._printf_core) refers to uldiv.o(.text) for __aeabi_uldivmod
    printf8.o(i._printf_core) refers to printf8.o(i._printf_post_padding) for _printf_post_padding
    printfa.o(i.__0fprintf) refers (Special) to iusefp.o(.text) for __I$use$fp
    printfa.o(i.__0fprintf) refers to printfa.o(i._printf_core) for _printf_core
    printfa.o(i.__0fprintf) refers to retarget.o(.text) for fputc
    printfa.o(i.__0printf) refers (Special) to iusefp.o(.text) for __I$use$fp
    printfa.o(i.__0printf) refers to printfa.o(i._printf_core) for _printf_core
    printfa.o(i.__0printf) refers to retarget.o(.text) for fputc
    printfa.o(i.__0printf) refers to retarget.o(.data) for __stdout
    printfa.o(i.__0snprintf) refers (Special) to iusefp.o(.text) for __I$use$fp
    printfa.o(i.__0snprintf) refers to printfa.o(i._printf_core) for _printf_core
    printfa.o(i.__0snprintf) refers to printfa.o(i._snputc) for _snputc
    printfa.o(i.__0sprintf) refers (Special) to iusefp.o(.text) for __I$use$fp
    printfa.o(i.__0sprintf) refers to printfa.o(i._printf_core) for _printf_core
    printfa.o(i.__0sprintf) refers to printfa.o(i._sputc) for _sputc
    printfa.o(i.__0vfprintf) refers (Special) to iusefp.o(.text) for __I$use$fp
    printfa.o(i.__0vfprintf) refers to printfa.o(i._printf_core) for _printf_core
    printfa.o(i.__0vfprintf) refers to retarget.o(.text) for fputc
    printfa.o(i.__0vprintf) refers (Special) to iusefp.o(.text) for __I$use$fp
    printfa.o(i.__0vprintf) refers to printfa.o(i._printf_core) for _printf_core
    printfa.o(i.__0vprintf) refers to retarget.o(.text) for fputc
    printfa.o(i.__0vprintf) refers to retarget.o(.data) for __stdout
    printfa.o(i.__0vsnprintf) refers (Special) to iusefp.o(.text) for __I$use$fp
    printfa.o(i.__0vsnprintf) refers to printfa.o(i._printf_core) for _printf_core
    printfa.o(i.__0vsnprintf) refers to printfa.o(i._snputc) for _snputc
    printfa.o(i.__0vsprintf) refers (Special) to iusefp.o(.text) for __I$use$fp
    printfa.o(i.__0vsprintf) refers to printfa.o(i._printf_core) for _printf_core
    printfa.o(i.__0vsprintf) refers to printfa.o(i._sputc) for _sputc
    printfa.o(i._fp_digits) refers (Special) to iusefp.o(.text) for __I$use$fp
    printfa.o(i._fp_digits) refers to dmul.o(.text) for __aeabi_dmul
    printfa.o(i._fp_digits) refers to ddiv.o(.text) for __aeabi_ddiv
    printfa.o(i._fp_digits) refers to cdrcmple.o(.text) for __aeabi_cdrcmple
    printfa.o(i._fp_digits) refers to dadd.o(.text) for __aeabi_dadd
    printfa.o(i._fp_digits) refers to dfixul.o(.text) for __aeabi_d2ulz
    printfa.o(i._fp_digits) refers to uldiv.o(.text) for __aeabi_uldivmod
    printfa.o(i._printf_core) refers (Special) to iusefp.o(.text) for __I$use$fp
    printfa.o(i._printf_core) refers to printfa.o(i._printf_pre_padding) for _printf_pre_padding
    printfa.o(i._printf_core) refers to uldiv.o(.text) for __aeabi_uldivmod
    printfa.o(i._printf_core) refers to printfa.o(i._printf_post_padding) for _printf_post_padding
    printfa.o(i._printf_core) refers to printfa.o(i._fp_digits) for _fp_digits
    printfa.o(i._printf_core) refers to uidiv.o(.text) for __aeabi_uidivmod
    printfa.o(i._printf_post_padding) refers (Special) to iusefp.o(.text) for __I$use$fp
    printfa.o(i._printf_pre_padding) refers (Special) to iusefp.o(.text) for __I$use$fp
    printfa.o(i._snputc) refers (Special) to iusefp.o(.text) for __I$use$fp
    printfa.o(i._sputc) refers (Special) to iusefp.o(.text) for __I$use$fp
    dadd.o(.text) refers (Special) to iusefp.o(.text) for __I$use$fp
    dadd.o(.text) refers to llshl.o(.text) for __aeabi_llsl
    dadd.o(.text) refers to llsshr.o(.text) for __aeabi_lasr
    dadd.o(.text) refers to depilogue.o(.text) for _double_epilogue
    dmul.o(.text) refers (Special) to iusefp.o(.text) for __I$use$fp
    dmul.o(.text) refers to depilogue.o(.text) for _double_epilogue
    ddiv.o(.text) refers (Special) to iusefp.o(.text) for __I$use$fp
    ddiv.o(.text) refers to depilogue.o(.text) for _double_round
    fflti.o(.text) refers (Special) to iusefp.o(.text) for __I$use$fp
    fflti.o(.text) refers to fepilogue.o(.text) for _float_epilogue
    dflti.o(.text) refers (Special) to iusefp.o(.text) for __I$use$fp
    dflti.o(.text) refers to depilogue.o(.text) for _double_epilogue
    ffixi.o(.text) refers (Special) to iusefp.o(.text) for __I$use$fp
    dfixi.o(.text) refers (Special) to iusefp.o(.text) for __I$use$fp
    dfixi.o(.text) refers to llushr.o(.text) for __aeabi_llsr
    f2d.o(.text) refers (Special) to iusefp.o(.text) for __I$use$fp
    cdcmple.o(.text) refers (Special) to iusefp.o(.text) for __I$use$fp
    cdrcmple.o(.text) refers (Special) to iusefp.o(.text) for __I$use$fp
    d2f.o(.text) refers (Special) to iusefp.o(.text) for __I$use$fp
    d2f.o(.text) refers to fepilogue.o(.text) for _float_round
    cos_i.o(i.__kernel_cos) refers (Special) to iusefp.o(.text) for __I$use$fp
    cos_i.o(i.__kernel_cos) refers to dfixi.o(.text) for __aeabi_d2iz
    cos_i.o(i.__kernel_cos) refers to dmul.o(.text) for __aeabi_dmul
    cos_i.o(i.__kernel_cos) refers to poly.o(i.__kernel_poly) for __kernel_poly
    cos_i.o(i.__kernel_cos) refers to dadd.o(.text) for __aeabi_dsub
    cos_i.o(i.__kernel_cos) refers to dscalb.o(.text) for __ARM_scalbn
    cos_i.o(i.__kernel_cos) refers to cos_i.o(.constdata) for .constdata
    cos_i.o(.constdata) refers (Special) to iusefp.o(.text) for __I$use$fp
    dunder.o(i.__mathlib_dbl_underflow) refers to dscalb.o(.text) for __ARM_scalbn
    fpclassify.o(i.__ARM_fpclassify) refers (Special) to iusefp.o(.text) for __I$use$fp
    poly.o(i.__kernel_poly) refers (Special) to iusefp.o(.text) for __I$use$fp
    poly.o(i.__kernel_poly) refers to dmul.o(.text) for __aeabi_dmul
    poly.o(i.__kernel_poly) refers to dadd.o(.text) for __aeabi_dadd
    qnan.o(.constdata) refers (Special) to iusefp.o(.text) for __I$use$fp
    rred.o(i.__ieee754_rem_pio2) refers (Special) to iusefp.o(.text) for __I$use$fp
    rred.o(i.__ieee754_rem_pio2) refers to dadd.o(.text) for __aeabi_dsub
    rred.o(i.__ieee754_rem_pio2) refers to dmul.o(.text) for __aeabi_dmul
    rred.o(i.__ieee754_rem_pio2) refers to dfixi.o(.text) for __aeabi_d2iz
    rred.o(i.__ieee754_rem_pio2) refers to dflti.o(.text) for __aeabi_i2d
    rred.o(i.__ieee754_rem_pio2) refers to dfltui.o(.text) for __aeabi_ui2d
    rred.o(i.__ieee754_rem_pio2) refers to dscalb.o(.text) for __ARM_scalbn
    rred.o(i.__ieee754_rem_pio2) refers to rred.o(.constdata) for .constdata
    rred.o(i.__use_accurate_range_reduction) refers (Special) to iusefp.o(.text) for __I$use$fp
    rred.o(.constdata) refers (Special) to iusefp.o(.text) for __I$use$fp
    sin_i.o(i.__kernel_sin) refers (Special) to iusefp.o(.text) for __I$use$fp
    sin_i.o(i.__kernel_sin) refers to fpclassify.o(i.__ARM_fpclassify) for __ARM_fpclassify
    sin_i.o(i.__kernel_sin) refers to dunder.o(i.__mathlib_dbl_underflow) for __mathlib_dbl_underflow
    sin_i.o(i.__kernel_sin) refers to dmul.o(.text) for __aeabi_dmul
    sin_i.o(i.__kernel_sin) refers to poly.o(i.__kernel_poly) for __kernel_poly
    sin_i.o(i.__kernel_sin) refers to dscalb.o(.text) for __ARM_scalbn
    sin_i.o(i.__kernel_sin) refers to dadd.o(.text) for __aeabi_dsub
    sin_i.o(i.__kernel_sin) refers to sin_i.o(.constdata) for .constdata
    sin_i.o(.constdata) refers (Special) to iusefp.o(.text) for __I$use$fp
    sin_i_x.o(i.____kernel_sin$lsc) refers (Special) to iusefp.o(.text) for __I$use$fp
    sin_i_x.o(i.____kernel_sin$lsc) refers to dmul.o(.text) for __aeabi_dmul
    sin_i_x.o(i.____kernel_sin$lsc) refers to poly.o(i.__kernel_poly) for __kernel_poly
    sin_i_x.o(i.____kernel_sin$lsc) refers to dscalb.o(.text) for __ARM_scalbn
    sin_i_x.o(i.____kernel_sin$lsc) refers to dadd.o(.text) for __aeabi_dsub
    sin_i_x.o(i.____kernel_sin$lsc) refers to sin_i_x.o(.constdata) for .constdata
    sin_i_x.o(.constdata) refers (Special) to iusefp.o(.text) for __I$use$fp
    entry2.o(.ARM.Collect$$$$00000001) refers to entry2.o(.ARM.Collect$$$$00002712) for __lit__00000000
    entry2.o(.ARM.Collect$$$$00002712) refers to startup_lpc17xx.o(STACK) for __initial_sp
    entry2.o(__vectab_stack_and_reset_area) refers to startup_lpc17xx.o(STACK) for __initial_sp
    entry2.o(__vectab_stack_and_reset_area) refers to entry.o(.ARM.Collect$$$$00000000) for __main
    entry5.o(.ARM.Collect$$$$00000004) refers to init.o(.text) for __scatterload
    entry8.o(.ARM.Collect$$$$00000009) refers to nba3pointchallengemain.o(.text) for main
    errno.o(i.__aeabi_errno_addr) refers to errno.o(.data) for .data
    errno.o(i.__read_errno) refers to errno.o(.data) for .data
    errno.o(i.__set_errno) refers to errno.o(.data) for .data
    depilogue.o(.text) refers to llshl.o(.text) for __aeabi_llsl
    depilogue.o(.text) refers to llushr.o(.text) for __aeabi_llsr
    dsqrt.o(.text) refers to llushr.o(.text) for __aeabi_llsr
    dsqrt.o(.text) refers to depilogue.o(.text) for _double_round
    dfixul.o(.text) refers to llushr.o(.text) for __aeabi_llsr
    dfixul.o(.text) refers to llshl.o(.text) for __aeabi_llsl
    init.o(.text) refers to entry5.o(.ARM.Collect$$$$00000004) for __main_after_scatterload
    dfltui.o(.text) refers to depilogue.o(.text) for _double_epilogue


==============================================================================

Removing Unused input sections from the image.

    Removing system_lpc17xx.o(.rev16_text), (4 bytes).
    Removing system_lpc17xx.o(.revsh_text), (4 bytes).
    Removing startup_lpc17xx.o(HEAP), (0 bytes).
    Removing uart.o(.rev16_text), (4 bytes).
    Removing uart.o(.revsh_text), (4 bytes).
    Removing glcd_spi_lpc1700.o(.rev16_text), (4 bytes).
    Removing glcd_spi_lpc1700.o(.revsh_text), (4 bytes).
    Removing nba3pointchallengemain.o(.rev16_text), (4 bytes).
    Removing nba3pointchallengemain.o(.revsh_text), (4 bytes).
    Removing iocontrols.o(.rev16_text), (4 bytes).
    Removing iocontrols.o(.revsh_text), (4 bytes).
    Removing iocontrols.o(.constdata), (8 bytes).
    Removing nbagraphics.o(.data), (12 bytes).
    Removing rt_task.o(i.rt_tsk_prio), (128 bytes).
    Removing rt_task.o(i.rt_tsk_self), (16 bytes).
    Removing rt_semaphore.o(i.isr_sem_send), (16 bytes).
    Removing rt_system.o(.emb_text), (0 bytes).
    Removing rt_system.o(i.rt_psh_req), (32 bytes).
    Removing rt_system.o(i.rt_resume), (176 bytes).
    Removing rt_system.o(i.rt_suspend), (44 bytes).
    Removing rt_system.o(i.rt_tsk_lock), (80 bytes).
    Removing rt_system.o(i.rt_tsk_unlock), (80 bytes).
    Removing rt_list.o(i.rt_psq_enq), (88 bytes).
    Removing rt_membox.o(i._calloc_box), (30 bytes).
    Removing rt_event.o(i.isr_evt_set), (40 bytes).
    Removing rt_event.o(i.rt_evt_clr), (28 bytes).
    Removing rt_event.o(i.rt_evt_get), (12 bytes).
    Removing rt_event.o(i.rt_evt_set), (96 bytes).
    Removing rt_event.o(i.rt_evt_wait), (64 bytes).
    Removing rt_mailbox.o(i.isr_mbx_receive), (84 bytes).
    Removing rt_mailbox.o(i.isr_mbx_send), (14 bytes).
    Removing rt_mailbox.o(i.rt_mbx_check), (8 bytes).
    Removing rt_mailbox.o(i.rt_mbx_init), (26 bytes).
    Removing rt_mailbox.o(i.rt_mbx_send), (160 bytes).
    Removing rt_mailbox.o(i.rt_mbx_wait), (184 bytes).
    Removing rt_time.o(i.rt_dly_wait), (6 bytes).
    Removing rt_time.o(i.rt_itv_set), (24 bytes).
    Removing rt_time.o(i.rt_itv_wait), (44 bytes).
    Removing rt_time.o(i.rt_time_get), (12 bytes).
    Removing rt_timer.o(i.rt_tmr_create), (80 bytes).
    Removing rt_timer.o(i.rt_tmr_kill), (52 bytes).

41 unused section(s) (total 1684 bytes) removed from the image.

==============================================================================

Image Symbol Table

    Local Symbols

    Symbol Name                              Value     Ov Type        Size  Object(Section)

    RESET                                    0x00000000   Section      204  startup_lpc17xx.o(RESET)
    ../clib/microlib/division.c              0x00000000   Number         0  uldiv.o ABSOLUTE
    ../clib/microlib/division.c              0x00000000   Number         0  uidiv.o ABSOLUTE
    ../clib/microlib/errno.c                 0x00000000   Number         0  errno.o ABSOLUTE
    ../clib/microlib/init/entry.s            0x00000000   Number         0  entry7b.o ABSOLUTE
    ../clib/microlib/init/entry.s            0x00000000   Number         0  entry7a.o ABSOLUTE
    ../clib/microlib/init/entry.s            0x00000000   Number         0  entry.o ABSOLUTE
    ../clib/microlib/init/entry.s            0x00000000   Number         0  entry5.o ABSOLUTE
    ../clib/microlib/init/entry.s            0x00000000   Number         0  entry8.o ABSOLUTE
    ../clib/microlib/init/entry.s            0x00000000   Number         0  entry2.o ABSOLUTE
    ../clib/microlib/longlong.c              0x00000000   Number         0  llushr.o ABSOLUTE
    ../clib/microlib/longlong.c              0x00000000   Number         0  llsshr.o ABSOLUTE
    ../clib/microlib/longlong.c              0x00000000   Number         0  llshl.o ABSOLUTE
    ../clib/microlib/printf/printf.c         0x00000000   Number         0  printf5.o ABSOLUTE
    ../clib/microlib/printf/printf.c         0x00000000   Number         0  printf7.o ABSOLUTE
    ../clib/microlib/printf/printf.c         0x00000000   Number         0  printfb.o ABSOLUTE
    ../clib/microlib/printf/printf.c         0x00000000   Number         0  printf0.o ABSOLUTE
    ../clib/microlib/printf/printf.c         0x00000000   Number         0  printf1.o ABSOLUTE
    ../clib/microlib/printf/printf.c         0x00000000   Number         0  printf2.o ABSOLUTE
    ../clib/microlib/printf/printf.c         0x00000000   Number         0  printf4.o ABSOLUTE
    ../clib/microlib/printf/printf.c         0x00000000   Number         0  printf6.o ABSOLUTE
    ../clib/microlib/printf/printf.c         0x00000000   Number         0  printf8.o ABSOLUTE
    ../clib/microlib/printf/printf.c         0x00000000   Number         0  printfa.o ABSOLUTE
    ../clib/microlib/printf/printf.c         0x00000000   Number         0  printf3.o ABSOLUTE
    ../clib/microlib/printf/stubs.s          0x00000000   Number         0  stubs.o ABSOLUTE
    ../clib/microlib/stubs.s                 0x00000000   Number         0  iusefp.o ABSOLUTE
    ../fplib/microlib/d2f.c                  0x00000000   Number         0  d2f.o ABSOLUTE
    ../fplib/microlib/f2d.c                  0x00000000   Number         0  f2d.o ABSOLUTE
    ../fplib/microlib/fpadd.c                0x00000000   Number         0  dadd.o ABSOLUTE
    ../fplib/microlib/fpdiv.c                0x00000000   Number         0  ddiv.o ABSOLUTE
    ../fplib/microlib/fpepilogue.c           0x00000000   Number         0  depilogue.o ABSOLUTE
    ../fplib/microlib/fpepilogue.c           0x00000000   Number         0  fepilogue.o ABSOLUTE
    ../fplib/microlib/fpfix.c                0x00000000   Number         0  dfixul.o ABSOLUTE
    ../fplib/microlib/fpfix.c                0x00000000   Number         0  ffixi.o ABSOLUTE
    ../fplib/microlib/fpfix.c                0x00000000   Number         0  dfixi.o ABSOLUTE
    ../fplib/microlib/fpflt.c                0x00000000   Number         0  fflti.o ABSOLUTE
    ../fplib/microlib/fpflt.c                0x00000000   Number         0  dflti.o ABSOLUTE
    ../fplib/microlib/fpflt.c                0x00000000   Number         0  dfltui.o ABSOLUTE
    ../fplib/microlib/fpmul.c                0x00000000   Number         0  dmul.o ABSOLUTE
    ../fplib/microlib/fpscalb.c              0x00000000   Number         0  dscalb.o ABSOLUTE
    ../fplib/microlib/fpsqrt.c               0x00000000   Number         0  dsqrt.o ABSOLUTE
    ../mathlib/cos.c                         0x00000000   Number         0  cos_x.o ABSOLUTE
    ../mathlib/cos.c                         0x00000000   Number         0  cos.o ABSOLUTE
    ../mathlib/cos_i.c                       0x00000000   Number         0  cos_i.o ABSOLUTE
    ../mathlib/dunder.c                      0x00000000   Number         0  dunder.o ABSOLUTE
    ../mathlib/fpclassify.c                  0x00000000   Number         0  fpclassify.o ABSOLUTE
    ../mathlib/poly.c                        0x00000000   Number         0  poly.o ABSOLUTE
    ../mathlib/pow.c                         0x00000000   Number         0  pow.o ABSOLUTE
    ../mathlib/pow.c                         0x00000000   Number         0  pow_x.o ABSOLUTE
    ../mathlib/qnan.c                        0x00000000   Number         0  qnan.o ABSOLUTE
    ../mathlib/rred.c                        0x00000000   Number         0  rred.o ABSOLUTE
    ../mathlib/sin.c                         0x00000000   Number         0  sin.o ABSOLUTE
    ../mathlib/sin.c                         0x00000000   Number         0  sin_x.o ABSOLUTE
    ../mathlib/sin_i.c                       0x00000000   Number         0  sin_i.o ABSOLUTE
    ../mathlib/sin_i.c                       0x00000000   Number         0  sin_i_x.o ABSOLUTE
    ../mathlib/sqrt.c                        0x00000000   Number         0  sqrt.o ABSOLUTE
    ../mathlib/sqrt.c                        0x00000000   Number         0  sqrt_x.o ABSOLUTE
    C:\Software\Keil\ARM\Startup\NXP\LPC17xx\system_LPC17xx.c 0x00000000   Number         0  system_lpc17xx.o ABSOLUTE
    C:\\Software\\Keil\\ARM\\Startup\\NXP\\LPC17xx\\system_LPC17xx.c 0x00000000   Number         0  system_lpc17xx.o ABSOLUTE
    GLCD_SPI_LPC1700.c                       0x00000000   Number         0  glcd_spi_lpc1700.o ABSOLUTE
    GLCD_SPI_LPC1700.c                       0x00000000   Number         0  glcd_spi_lpc1700.o ABSOLUTE
    IOControls.c                             0x00000000   Number         0  iocontrols.o ABSOLUTE
    IOControls.c                             0x00000000   Number         0  iocontrols.o ABSOLUTE
    RTX_config.c                             0x00000000   Number         0  rtx_config.o ABSOLUTE
    Retarget.c                               0x00000000   Number         0  retarget.o ABSOLUTE
    SRC\CM\HAL_CM3.c                         0x00000000   Number         0  hal_cm3.o ABSOLUTE
    SRC\CM\SVC_Table.s                       0x00000000   Number         0  SVC_Table.o ABSOLUTE
    SRC\CM\rt_Event.c                        0x00000000   Number         0  rt_event.o ABSOLUTE
    SRC\CM\rt_List.c                         0x00000000   Number         0  rt_list.o ABSOLUTE
    SRC\CM\rt_Mailbox.c                      0x00000000   Number         0  rt_mailbox.o ABSOLUTE
    SRC\CM\rt_MemBox.c                       0x00000000   Number         0  rt_membox.o ABSOLUTE
    SRC\CM\rt_Mutex.c                        0x00000000   Number         0  rt_mutex.o ABSOLUTE
    SRC\CM\rt_Robin.c                        0x00000000   Number         0  rt_robin.o ABSOLUTE
    SRC\CM\rt_Semaphore.c                    0x00000000   Number         0  rt_semaphore.o ABSOLUTE
    SRC\CM\rt_System.c                       0x00000000   Number         0  rt_system.o ABSOLUTE
    SRC\CM\rt_Task.c                         0x00000000   Number         0  rt_task.o ABSOLUTE
    SRC\CM\rt_Time.c                         0x00000000   Number         0  rt_time.o ABSOLUTE
    SRC\CM\rt_Timer.c                        0x00000000   Number         0  rt_timer.o ABSOLUTE
    SRC\\CM\\HAL_CM3.c                       0x00000000   Number         0  hal_cm3.o ABSOLUTE
    SRC\\CM\\rt_System.c                     0x00000000   Number         0  rt_system.o ABSOLUTE
    cdcmple.s                                0x00000000   Number         0  cdcmple.o ABSOLUTE
    cdrcmple.s                               0x00000000   Number         0  cdrcmple.o ABSOLUTE
    dc.s                                     0x00000000   Number         0  dc.o ABSOLUTE
    handlers.s                               0x00000000   Number         0  handlers.o ABSOLUTE
    init.s                                   0x00000000   Number         0  init.o ABSOLUTE
    nba3PointChallengeMain.c                 0x00000000   Number         0  nba3pointchallengemain.o ABSOLUTE
    nba3PointChallengeMain.c                 0x00000000   Number         0  nba3pointchallengemain.o ABSOLUTE
    nbaGraphics.c                            0x00000000   Number         0  nbagraphics.o ABSOLUTE
    startup_LPC17xx.s                        0x00000000   Number         0  startup_lpc17xx.o ABSOLUTE
    uart.c                                   0x00000000   Number         0  uart.o ABSOLUTE
    uart.c                                   0x00000000   Number         0  uart.o ABSOLUTE
    .ARM.Collect$$$$00000000                 0x000000cc   Section        0  entry.o(.ARM.Collect$$$$00000000)
    .ARM.Collect$$$$00000001                 0x000000cc   Section        4  entry2.o(.ARM.Collect$$$$00000001)
    .ARM.Collect$$$$00000004                 0x000000d0   Section        4  entry5.o(.ARM.Collect$$$$00000004)
    .ARM.Collect$$$$00000008                 0x000000d4   Section        0  entry7b.o(.ARM.Collect$$$$00000008)
    .ARM.Collect$$$$00000009                 0x000000d4   Section        8  entry8.o(.ARM.Collect$$$$00000009)
    .ARM.Collect$$$$00002712                 0x000000dc   Section        4  entry2.o(.ARM.Collect$$$$00002712)
    __lit__00000000                          0x000000dc   Data           4  entry2.o(.ARM.Collect$$$$00002712)
    .emb_text                                0x000000e0   Section      340  hal_cm3.o(.emb_text)
    .text                                    0x00000234   Section       36  startup_lpc17xx.o(.text)
    .text                                    0x00000258   Section        0  rtx_config.o(.text)
    .text                                    0x00000262   Section        0  uldiv.o(.text)
    .text                                    0x000002c4   Section        0  fflti.o(.text)
    .text                                    0x000002d6   Section        0  dflti.o(.text)
    .text                                    0x000002f8   Section        0  iusefp.o(.text)
    SVC_TABLE                                0x000002f8   Section        4  SVC_Table.o(SVC_TABLE)
    .ARM.__at_0x02FC                         0x000002fc   Section        4  startup_lpc17xx.o(.ARM.__at_0x02FC)
    .text                                    0x00000300   Section        0  system_lpc17xx.o(.text)
    .text                                    0x00000618   Section        0  uart.o(.text)
    NVIC_EnableIRQ                           0x00000971   Thumb Code    24  uart.o(.text)
    .text                                    0x000009c4   Section        0  retarget.o(.text)
    .text                                    0x00000a64   Section        0  glcd_spi_lpc1700.o(.text)
    delay                                    0x00000a65   Thumb Code    14  glcd_spi_lpc1700.o(.text)
    spi_tran_man                             0x00000a73   Thumb Code   124  glcd_spi_lpc1700.o(.text)
    wr_cmd                                   0x00000aef   Thumb Code    36  glcd_spi_lpc1700.o(.text)
    wr_dat                                   0x00000b13   Thumb Code    36  glcd_spi_lpc1700.o(.text)
    rd_reg                                   0x00000b37   Thumb Code    66  glcd_spi_lpc1700.o(.text)
    rd_id_man                                0x00000b79   Thumb Code   132  glcd_spi_lpc1700.o(.text)
    spi_tran                                 0x00001597   Thumb Code    26  glcd_spi_lpc1700.o(.text)
    wr_dat_start                             0x000015b1   Thumb Code    16  glcd_spi_lpc1700.o(.text)
    wr_dat_stop                              0x000015c1   Thumb Code     8  glcd_spi_lpc1700.o(.text)
    wr_dat_only                              0x000015c9   Thumb Code    18  glcd_spi_lpc1700.o(.text)
    wr_reg                                   0x000015db   Thumb Code    20  glcd_spi_lpc1700.o(.text)
    .text                                    0x00001608   Section        0  nba3pointchallengemain.o(.text)
    .text                                    0x0000202c   Section        0  iocontrols.o(.text)
    .text                                    0x00002270   Section        0  nbagraphics.o(.text)
    .text                                    0x000025bc   Section        0  dadd.o(.text)
    .text                                    0x0000270a   Section        0  dmul.o(.text)
    .text                                    0x000027ee   Section        0  ddiv.o(.text)
    .text                                    0x000028cc   Section        0  ffixi.o(.text)
    .text                                    0x000028fe   Section        0  dfixi.o(.text)
    .text                                    0x0000293c   Section        0  f2d.o(.text)
    .text                                    0x00002964   Section       40  cdcmple.o(.text)
    .text                                    0x0000298c   Section       40  cdrcmple.o(.text)
    .text                                    0x000029b4   Section        0  d2f.o(.text)
    .text                                    0x000029ec   Section        0  uidiv.o(.text)
    .text                                    0x00002a18   Section        0  llshl.o(.text)
    .text                                    0x00002a36   Section        0  llushr.o(.text)
    .text                                    0x00002a56   Section        0  llsshr.o(.text)
    .text                                    0x00002a7a   Section        0  fepilogue.o(.text)
    .text                                    0x00002ae6   Section        0  depilogue.o(.text)
    .text                                    0x00002ba4   Section        0  dscalb.o(.text)
    .text                                    0x00002bd2   Section        0  dsqrt.o(.text)
    .text                                    0x00002c74   Section        0  dfixul.o(.text)
    .text                                    0x00002ca4   Section       36  init.o(.text)
    .text                                    0x00002cc8   Section        0  dfltui.o(.text)
    i.__0printf                              0x00002ce4   Section        0  printfa.o(i.__0printf)
    i.__0sprintf                             0x00002d04   Section        0  printfa.o(i.__0sprintf)
    i.__ARM_fpclassify                       0x00002d2c   Section        0  fpclassify.o(i.__ARM_fpclassify)
    i.__ieee754_rem_pio2                     0x00002d54   Section        0  rred.o(i.__ieee754_rem_pio2)
    i.__kernel_cos                           0x000030dc   Section        0  cos_i.o(i.__kernel_cos)
    i.__kernel_poly                          0x000031d8   Section        0  poly.o(i.__kernel_poly)
    i.__kernel_sin                           0x00003284   Section        0  sin_i.o(i.__kernel_sin)
    i.__mathlib_dbl_underflow                0x00003370   Section        0  dunder.o(i.__mathlib_dbl_underflow)
    i.__scatterload_copy                     0x00003380   Section       14  handlers.o(i.__scatterload_copy)
    i.__scatterload_null                     0x0000338e   Section        2  handlers.o(i.__scatterload_null)
    i.__scatterload_zeroinit                 0x00003390   Section       14  handlers.o(i.__scatterload_zeroinit)
    i.__set_errno                            0x000033a0   Section        0  errno.o(i.__set_errno)
    i._fp_digits                             0x000033ac   Section        0  printfa.o(i._fp_digits)
    _fp_digits                               0x000033ad   Thumb Code   326  printfa.o(i._fp_digits)
    i._init_box                              0x00003508   Section        0  rt_membox.o(i._init_box)
    i._printf_core                           0x00003550   Section        0  printfa.o(i._printf_core)
    _printf_core                             0x00003551   Thumb Code  1762  printfa.o(i._printf_core)
    i._printf_post_padding                   0x00003c40   Section        0  printfa.o(i._printf_post_padding)
    _printf_post_padding                     0x00003c41   Thumb Code    38  printfa.o(i._printf_post_padding)
    i._printf_pre_padding                    0x00003c66   Section        0  printfa.o(i._printf_pre_padding)
    _printf_pre_padding                      0x00003c67   Thumb Code    48  printfa.o(i._printf_pre_padding)
    i._sputc                                 0x00003c96   Section        0  printfa.o(i._sputc)
    _sputc                                   0x00003c97   Thumb Code    10  printfa.o(i._sputc)
    i.cos                                    0x00003ca0   Section        0  cos.o(i.cos)
    i.dbg_init                               0x00003d4c   Section        0  hal_cm3.o(i.dbg_init)
    i.dbg_task_notify                        0x00003d7c   Section        0  hal_cm3.o(i.dbg_task_notify)
    i.dbg_task_switch                        0x00003d9c   Section        0  hal_cm3.o(i.dbg_task_switch)
    i.os_tick_init                           0x00003dac   Section        0  rt_system.o(i.os_tick_init)
    i.os_tick_irqack                         0x00003dd4   Section        0  rt_system.o(i.os_tick_irqack)
    i.pow                                    0x00003dd8   Section        0  pow.o(i.pow)
    i.rt_alloc_box                           0x000047b8   Section        0  rt_membox.o(i.rt_alloc_box)
    i.rt_block                               0x000047d4   Section        0  rt_task.o(i.rt_block)
    i.rt_chk_robin                           0x0000480c   Section        0  rt_robin.o(i.rt_chk_robin)
    i.rt_dec_dly                             0x00004854   Section        0  rt_list.o(i.rt_dec_dly)
    i.rt_dispatch                            0x000048c8   Section        0  rt_task.o(i.rt_dispatch)
    i.rt_evt_psh                             0x0000490c   Section        0  rt_event.o(i.rt_evt_psh)
    i.rt_free_box                            0x00004958   Section        0  rt_membox.o(i.rt_free_box)
    i.rt_get_first                           0x00004978   Section        0  rt_list.o(i.rt_get_first)
    i.rt_get_same_rdy_prio                   0x000049a0   Section        0  rt_list.o(i.rt_get_same_rdy_prio)
    i.rt_init_context                        0x000049c4   Section        0  rt_task.o(i.rt_init_context)
    rt_init_context                          0x000049c5   Thumb Code    64  rt_task.o(i.rt_init_context)
    i.rt_init_robin                          0x00004a08   Section        0  rt_robin.o(i.rt_init_robin)
    i.rt_init_stack                          0x00004a20   Section        0  hal_cm3.o(i.rt_init_stack)
    i.rt_mbx_psh                             0x00004a70   Section        0  rt_mailbox.o(i.rt_mbx_psh)
    i.rt_mut_init                            0x00004b30   Section        0  rt_mutex.o(i.rt_mut_init)
    i.rt_mut_release                         0x00004b40   Section        0  rt_mutex.o(i.rt_mut_release)
    i.rt_mut_wait                            0x00004bec   Section        0  rt_mutex.o(i.rt_mut_wait)
    i.rt_pop_req                             0x00004c50   Section        0  rt_system.o(i.rt_pop_req)
    i.rt_put_dly                             0x00004cc8   Section        0  rt_list.o(i.rt_put_dly)
    i.rt_put_prio                            0x00004d10   Section        0  rt_list.o(i.rt_put_prio)
    i.rt_put_rdy_first                       0x00004d48   Section        0  rt_list.o(i.rt_put_rdy_first)
    i.rt_resort_prio                         0x00004d5c   Section        0  rt_list.o(i.rt_resort_prio)
    i.rt_rmv_dly                             0x00004d90   Section        0  rt_list.o(i.rt_rmv_dly)
    i.rt_rmv_list                            0x00004db8   Section        0  rt_list.o(i.rt_rmv_list)
    i.rt_sem_init                            0x00004de8   Section        0  rt_semaphore.o(i.rt_sem_init)
    i.rt_sem_psh                             0x00004df4   Section        0  rt_semaphore.o(i.rt_sem_psh)
    i.rt_sem_send                            0x00004e28   Section        0  rt_semaphore.o(i.rt_sem_send)
    i.rt_sem_wait                            0x00004e60   Section        0  rt_semaphore.o(i.rt_sem_wait)
    i.rt_stk_check                           0x00004e9c   Section        0  rt_system.o(i.rt_stk_check)
    i.rt_switch_req                          0x00004ec0   Section        0  rt_task.o(i.rt_switch_req)
    i.rt_sys_init                            0x00004ee8   Section        0  rt_task.o(i.rt_sys_init)
    i.rt_systick                             0x00005040   Section        0  rt_system.o(i.rt_systick)
    i.rt_tmr_tick                            0x0000507c   Section        0  rt_timer.o(i.rt_tmr_tick)
    i.rt_tsk_create                          0x000050bc   Section        0  rt_task.o(i.rt_tsk_create)
    i.rt_tsk_delete                          0x00005150   Section        0  rt_task.o(i.rt_tsk_delete)
    i.rt_tsk_pass                            0x0000520c   Section        0  rt_task.o(i.rt_tsk_pass)
    i.sin                                    0x0000523c   Section        0  sin.o(i.sin)
    i.sqrt                                   0x000052ec   Section        0  sqrt.o(i.sqrt)
    .constdata                               0x0000533c   Section       40  rtx_config.o(.constdata)
    __tagsym$$used                           0x00005350   Number         0  rtx_config.o(.constdata)
    __tagsym$$used                           0x00005354   Number         0  rtx_config.o(.constdata)
    .constdata                               0x00005364   Section     6272  glcd_spi_lpc1700.o(.constdata)
    .constdata                               0x00006be8   Section      104  nba3pointchallengemain.o(.constdata)
    .constdata                               0x00006c50   Section      136  pow.o(.constdata)
    bp                                       0x00006c50   Data          16  pow.o(.constdata)
    dp_h                                     0x00006c60   Data          16  pow.o(.constdata)
    dp_l                                     0x00006c70   Data          16  pow.o(.constdata)
    L                                        0x00006c80   Data          48  pow.o(.constdata)
    P                                        0x00006cb0   Data          40  pow.o(.constdata)
    .constdata                               0x00006cd8   Section       48  cos_i.o(.constdata)
    C                                        0x00006cd8   Data          48  cos_i.o(.constdata)
    .constdata                               0x00006d08   Section        8  qnan.o(.constdata)
    .constdata                               0x00006d10   Section      200  rred.o(.constdata)
    pio2s                                    0x00006d10   Data          48  rred.o(.constdata)
    twooverpi                                0x00006d40   Data         152  rred.o(.constdata)
    .constdata                               0x00006dd8   Section       40  sin_i.o(.constdata)
    S                                        0x00006dd8   Data          40  sin_i.o(.constdata)
    .data                                    0x10000000   Section        4  system_lpc17xx.o(.data)
    .data                                    0x10000004   Section        4  rtx_config.o(.data)
    .data                                    0x10000008   Section       32  uart.o(.data)
    .data                                    0x10000028   Section       12  retarget.o(.data)
    .data                                    0x10000034   Section        5  glcd_spi_lpc1700.o(.data)
    Color                                    0x10000034   Data           4  glcd_spi_lpc1700.o(.data)
    Himax                                    0x10000038   Data           1  glcd_spi_lpc1700.o(.data)
    .data                                    0x1000003c   Section       96  nba3pointchallengemain.o(.data)
    .data                                    0x1000009c   Section        8  rt_task.o(.data)
    .data                                    0x100000a4   Section        1  hal_cm3.o(.data)
    .data                                    0x100000a8   Section        8  rt_system.o(.data)
    os_lock                                  0x100000a8   Data           1  rt_system.o(.data)
    os_psh_flag                              0x100000a9   Data           1  rt_system.o(.data)
    pend_flags                               0x100000aa   Data           1  rt_system.o(.data)
    .data                                    0x100000b0   Section        8  rt_robin.o(.data)
    .data                                    0x100000b8   Section        4  rt_time.o(.data)
    .data                                    0x100000bc   Section        8  rt_timer.o(.data)
    .data                                    0x100000c4   Section        4  errno.o(.data)
    _errno                                   0x100000c4   Data           4  errno.o(.data)
    .bss                                     0x100000c8   Section     4060  rtx_config.o(.bss)
    .bss                                     0x100010a4   Section      128  uart.o(.bss)
    .bss                                     0x10001124   Section       60  nba3pointchallengemain.o(.bss)
    .bss                                     0x10001160   Section       48  rt_task.o(.bss)
    .bss                                     0x10001190   Section       48  rt_list.o(.bss)
    STACK                                    0x100011c0   Section     8192  startup_lpc17xx.o(STACK)

    Global Symbols

    Symbol Name                              Value     Ov Type        Size  Object(Section)

    BuildAttributes$$THM_ISAv4$P$D$K$B$S$PE$A:L22UL41UL21$X:L11$S22US41US21$IEEE1$IW$USESV6$~STKCKD$USESV7$~SHL$OTIME$ROPI$IEEEX$EBA8$MICROLIB$REQ8$PRES8$EABIv2 0x00000000   Number         0  anon$$obj.o ABSOLUTE
    __ARM_use_no_argv                        0x00000000   Number         0  nba3pointchallengemain.o ABSOLUTE
    __Vectors                                0x00000000   Data           4  startup_lpc17xx.o(RESET)
    _printf_a                                0x00000000   Number         0  stubs.o ABSOLUTE
    _printf_c                                0x00000000   Number         0  stubs.o ABSOLUTE
    _printf_charcount                        0x00000000   Number         0  stubs.o ABSOLUTE
    _printf_d                                0x00000000   Number         0  stubs.o ABSOLUTE
    _printf_e                                0x00000000   Number         0  stubs.o ABSOLUTE
    _printf_f                                0x00000000   Number         0  stubs.o ABSOLUTE
    _printf_flags                            0x00000000   Number         0  stubs.o ABSOLUTE
    _printf_fp_dec                           0x00000000   Number         0  stubs.o ABSOLUTE
    _printf_fp_hex                           0x00000000   Number         0  stubs.o ABSOLUTE
    _printf_g                                0x00000000   Number         0  stubs.o ABSOLUTE
    _printf_i                                0x00000000   Number         0  stubs.o ABSOLUTE
    _printf_int_dec                          0x00000000   Number         0  stubs.o ABSOLUTE
    _printf_l                                0x00000000   Number         0  stubs.o ABSOLUTE
    _printf_lc                               0x00000000   Number         0  stubs.o ABSOLUTE
    _printf_ll                               0x00000000   Number         0  stubs.o ABSOLUTE
    _printf_lld                              0x00000000   Number         0  stubs.o ABSOLUTE
    _printf_lli                              0x00000000   Number         0  stubs.o ABSOLUTE
    _printf_llo                              0x00000000   Number         0  stubs.o ABSOLUTE
    _printf_llu                              0x00000000   Number         0  stubs.o ABSOLUTE
    _printf_llx                              0x00000000   Number         0  stubs.o ABSOLUTE
    _printf_longlong_dec                     0x00000000   Number         0  stubs.o ABSOLUTE
    _printf_longlong_hex                     0x00000000   Number         0  stubs.o ABSOLUTE
    _printf_longlong_oct                     0x00000000   Number         0  stubs.o ABSOLUTE
    _printf_ls                               0x00000000   Number         0  stubs.o ABSOLUTE
    _printf_mbtowc                           0x00000000   Number         0  stubs.o ABSOLUTE
    _printf_n                                0x00000000   Number         0  stubs.o ABSOLUTE
    _printf_o                                0x00000000   Number         0  stubs.o ABSOLUTE
    _printf_p                                0x00000000   Number         0  stubs.o ABSOLUTE
    _printf_percent                          0x00000000   Number         0  stubs.o ABSOLUTE
    _printf_pre_padding                      0x00000000   Number         0  stubs.o ABSOLUTE
    _printf_return_value                     0x00000000   Number         0  stubs.o ABSOLUTE
    _printf_s                                0x00000000   Number         0  stubs.o ABSOLUTE
    _printf_sizespec                         0x00000000   Number         0  stubs.o ABSOLUTE
    _printf_str                              0x00000000   Number         0  stubs.o ABSOLUTE
    _printf_truncate_signed                  0x00000000   Number         0  stubs.o ABSOLUTE
    _printf_truncate_unsigned                0x00000000   Number         0  stubs.o ABSOLUTE
    _printf_u                                0x00000000   Number         0  stubs.o ABSOLUTE
    _printf_wc                               0x00000000   Number         0  stubs.o ABSOLUTE
    _printf_wctomb                           0x00000000   Number         0  stubs.o ABSOLUTE
    _printf_widthprec                        0x00000000   Number         0  stubs.o ABSOLUTE
    _printf_x                                0x00000000   Number         0  stubs.o ABSOLUTE
    __decompress                              - Undefined Weak Reference
    _clock_init                               - Undefined Weak Reference
    __main                                   0x000000cd   Thumb Code     0  entry.o(.ARM.Collect$$$$00000000)
    _main_stk                                0x000000cd   Thumb Code     0  entry2.o(.ARM.Collect$$$$00000001)
    _main_scatterload                        0x000000d1   Thumb Code     0  entry5.o(.ARM.Collect$$$$00000004)
    __main_after_scatterload                 0x000000d5   Thumb Code     0  entry5.o(.ARM.Collect$$$$00000004)
    _main_clock                              0x000000d5   Thumb Code     0  entry7b.o(.ARM.Collect$$$$00000008)
    _main_init                               0x000000d5   Thumb Code     0  entry8.o(.ARM.Collect$$$$00000009)
    rt_set_PSP                               0x000000e1   Thumb Code     6  hal_cm3.o(.emb_text)
    rt_get_PSP                               0x000000e7   Thumb Code     6  hal_cm3.o(.emb_text)
    os_set_env                               0x000000ed   Thumb Code    24  hal_cm3.o(.emb_text)
    _alloc_box                               0x00000109   Thumb Code    28  hal_cm3.o(.emb_text)
    _free_box                                0x00000129   Thumb Code    28  hal_cm3.o(.emb_text)
    SVC_Handler                              0x00000149   Thumb Code   124  hal_cm3.o(.emb_text)
    PendSV_Handler                           0x000001d1   Thumb Code    76  hal_cm3.o(.emb_text)
    SysTick_Handler                          0x00000221   Thumb Code     8  hal_cm3.o(.emb_text)
    OS_Tick_Handler                          0x00000229   Thumb Code    12  hal_cm3.o(.emb_text)
    Reset_Handler                            0x00000235   Thumb Code     8  startup_lpc17xx.o(.text)
    NMI_Handler                              0x0000023d   Thumb Code     2  startup_lpc17xx.o(.text)
    HardFault_Handler                        0x0000023f   Thumb Code     2  startup_lpc17xx.o(.text)
    MemManage_Handler                        0x00000241   Thumb Code     2  startup_lpc17xx.o(.text)
    BusFault_Handler                         0x00000243   Thumb Code     2  startup_lpc17xx.o(.text)
    UsageFault_Handler                       0x00000245   Thumb Code     2  startup_lpc17xx.o(.text)
    DebugMon_Handler                         0x00000249   Thumb Code     2  startup_lpc17xx.o(.text)
    ADC_IRQHandler                           0x0000024f   Thumb Code     0  startup_lpc17xx.o(.text)
    BOD_IRQHandler                           0x0000024f   Thumb Code     0  startup_lpc17xx.o(.text)
    CANActivity_IRQHandler                   0x0000024f   Thumb Code     0  startup_lpc17xx.o(.text)
    CAN_IRQHandler                           0x0000024f   Thumb Code     0  startup_lpc17xx.o(.text)
    DMA_IRQHandler                           0x0000024f   Thumb Code     0  startup_lpc17xx.o(.text)
    EINT0_IRQHandler                         0x0000024f   Thumb Code     0  startup_lpc17xx.o(.text)
    EINT1_IRQHandler                         0x0000024f   Thumb Code     0  startup_lpc17xx.o(.text)
    EINT2_IRQHandler                         0x0000024f   Thumb Code     0  startup_lpc17xx.o(.text)
    EINT3_IRQHandler                         0x0000024f   Thumb Code     0  startup_lpc17xx.o(.text)
    ENET_IRQHandler                          0x0000024f   Thumb Code     0  startup_lpc17xx.o(.text)
    I2C0_IRQHandler                          0x0000024f   Thumb Code     0  startup_lpc17xx.o(.text)
    I2C1_IRQHandler                          0x0000024f   Thumb Code     0  startup_lpc17xx.o(.text)
    I2C2_IRQHandler                          0x0000024f   Thumb Code     0  startup_lpc17xx.o(.text)
    I2S_IRQHandler                           0x0000024f   Thumb Code     0  startup_lpc17xx.o(.text)
    MCPWM_IRQHandler                         0x0000024f   Thumb Code     0  startup_lpc17xx.o(.text)
    PLL0_IRQHandler                          0x0000024f   Thumb Code     0  startup_lpc17xx.o(.text)
    PLL1_IRQHandler                          0x0000024f   Thumb Code     0  startup_lpc17xx.o(.text)
    PWM1_IRQHandler                          0x0000024f   Thumb Code     0  startup_lpc17xx.o(.text)
    QEI_IRQHandler                           0x0000024f   Thumb Code     0  startup_lpc17xx.o(.text)
    RIT_IRQHandler                           0x0000024f   Thumb Code     0  startup_lpc17xx.o(.text)
    RTC_IRQHandler                           0x0000024f   Thumb Code     0  startup_lpc17xx.o(.text)
    SPI_IRQHandler                           0x0000024f   Thumb Code     0  startup_lpc17xx.o(.text)
    SSP0_IRQHandler                          0x0000024f   Thumb Code     0  startup_lpc17xx.o(.text)
    SSP1_IRQHandler                          0x0000024f   Thumb Code     0  startup_lpc17xx.o(.text)
    TIMER0_IRQHandler                        0x0000024f   Thumb Code     0  startup_lpc17xx.o(.text)
    TIMER1_IRQHandler                        0x0000024f   Thumb Code     0  startup_lpc17xx.o(.text)
    TIMER2_IRQHandler                        0x0000024f   Thumb Code     0  startup_lpc17xx.o(.text)
    TIMER3_IRQHandler                        0x0000024f   Thumb Code     0  startup_lpc17xx.o(.text)
    UART2_IRQHandler                         0x0000024f   Thumb Code     0  startup_lpc17xx.o(.text)
    UART3_IRQHandler                         0x0000024f   Thumb Code     0  startup_lpc17xx.o(.text)
    USBActivity_IRQHandler                   0x0000024f   Thumb Code     0  startup_lpc17xx.o(.text)
    USB_IRQHandler                           0x0000024f   Thumb Code     0  startup_lpc17xx.o(.text)
    WDT_IRQHandler                           0x0000024f   Thumb Code     0  startup_lpc17xx.o(.text)
    os_idle_demon                            0x00000259   Thumb Code     4  rtx_config.o(.text)
    os_tmr_call                              0x0000025d   Thumb Code     2  rtx_config.o(.text)
    os_error                                 0x0000025f   Thumb Code     4  rtx_config.o(.text)
    __aeabi_uldivmod                         0x00000263   Thumb Code    98  uldiv.o(.text)
    __aeabi_i2f                              0x000002c5   Thumb Code    18  fflti.o(.text)
    __aeabi_i2d                              0x000002d7   Thumb Code    34  dflti.o(.text)
    SVC_Count                                0x000002f8   Data           4  SVC_Table.o(SVC_TABLE)
    __I$use$fp                               0x000002f9   Thumb Code     0  iusefp.o(.text)
    SVC_Table                                0x000002fc   Data           0  SVC_Table.o(SVC_TABLE)
    SystemCoreClockUpdate                    0x00000301   Thumb Code   424  system_lpc17xx.o(.text)
    __RL_RTX_VER                             0x00000460   Number         0  rt_system.o ABSOLUTE
    SystemInit                               0x000004a9   Thumb Code   290  system_lpc17xx.o(.text)
    Free                                     0x00000619   Thumb Code     6  uart.o(.text)
    Lock                                     0x0000061f   Thumb Code    28  uart.o(.text)
    LockRcv                                  0x0000063b   Thumb Code    28  uart.o(.text)
    LockSnd                                  0x00000657   Thumb Code    28  uart.o(.text)
    FreeRcv                                  0x00000673   Thumb Code    28  uart.o(.text)
    FreeSnd                                  0x0000068f   Thumb Code    28  uart.o(.text)
    UART0_IRQHandler                         0x000006ab   Thumb Code    86  uart.o(.text)
    UART1_IRQHandler                         0x00000701   Thumb Code    88  uart.o(.text)
    getFrequency                             0x00000759   Thumb Code    64  uart.o(.text)
    UARTInit                                 0x00000799   Thumb Code   176  uart.o(.text)
    UARTSend                                 0x00000849   Thumb Code   112  uart.o(.text)
    UARTSendChar                             0x000008b9   Thumb Code    24  uart.o(.text)
    UARTRecieve                              0x000008d1   Thumb Code   134  uart.o(.text)
    UARTReceiveChar                          0x00000957   Thumb Code    26  uart.o(.text)
    sendchar                                 0x000009c5   Thumb Code    64  retarget.o(.text)
    getkey                                   0x00000a05   Thumb Code    32  retarget.o(.text)
    fputc                                    0x00000a25   Thumb Code    14  retarget.o(.text)
    fgetc                                    0x00000a33   Thumb Code    20  retarget.o(.text)
    ferror                                   0x00000a47   Thumb Code     8  retarget.o(.text)
    _ttywrch                                 0x00000a4f   Thumb Code    12  retarget.o(.text)
    _sys_exit                                0x00000a5b   Thumb Code     4  retarget.o(.text)
    GLCD_Init                                0x00000bfd   Thumb Code  1514  glcd_spi_lpc1700.o(.text)
    GLCD_SetWindow                           0x000011e7   Thumb Code   168  glcd_spi_lpc1700.o(.text)
    GLCD_WindowMax                           0x0000128f   Thumb Code    26  glcd_spi_lpc1700.o(.text)
    GLCD_PutPixel                            0x000012a9   Thumb Code   118  glcd_spi_lpc1700.o(.text)
    GLCD_SetTextColor                        0x0000131f   Thumb Code     6  glcd_spi_lpc1700.o(.text)
    GLCD_SetBackColor                        0x00001325   Thumb Code     6  glcd_spi_lpc1700.o(.text)
    GLCD_Clear                               0x0000132b   Thumb Code    42  glcd_spi_lpc1700.o(.text)
    GLCD_DrawChar                            0x00001355   Thumb Code   150  glcd_spi_lpc1700.o(.text)
    GLCD_DisplayChar                         0x000013eb   Thumb Code    84  glcd_spi_lpc1700.o(.text)
    GLCD_DisplayString                       0x0000143f   Thumb Code    40  glcd_spi_lpc1700.o(.text)
    GLCD_ClearLn                             0x00001467   Thumb Code    94  glcd_spi_lpc1700.o(.text)
    GLCD_Bargraph                            0x000014c5   Thumb Code    98  glcd_spi_lpc1700.o(.text)
    GLCD_Bitmap                              0x00001527   Thumb Code    82  glcd_spi_lpc1700.o(.text)
    GLCD_ScrollVertical                      0x00001579   Thumb Code     2  glcd_spi_lpc1700.o(.text)
    GLCD_WrCmd                               0x0000157b   Thumb Code    12  glcd_spi_lpc1700.o(.text)
    GLCD_WrReg                               0x00001587   Thumb Code    16  glcd_spi_lpc1700.o(.text)
    taskUpdateAngles                         0x00001609   Thumb Code   126  nba3pointchallengemain.o(.text)
    taskSelectButton                         0x00001687   Thumb Code    98  nba3pointchallengemain.o(.text)
    taskSelectScreen                         0x000016e9   Thumb Code    82  nba3pointchallengemain.o(.text)
    shotCalculation                          0x0000173b   Thumb Code  1062  nba3pointchallengemain.o(.text)
    luckPhasePrep                            0x00001b61   Thumb Code   196  nba3pointchallengemain.o(.text)
    ledLogic                                 0x00001c25   Thumb Code    80  nba3pointchallengemain.o(.text)
    ledResult                                0x00001c75   Thumb Code   204  nba3pointchallengemain.o(.text)
    taskLuckLEDAndButton                     0x00001d41   Thumb Code   288  nba3pointchallengemain.o(.text)
    Start_task                               0x00001e61   Thumb Code   270  nba3pointchallengemain.o(.text)
    initialize                               0x00001f6f   Thumb Code    72  nba3pointchallengemain.o(.text)
    main                                     0x00001fb7   Thumb Code    58  nba3pointchallengemain.o(.text)
    setLED                                   0x0000202d   Thumb Code   282  iocontrols.o(.text)
    checkPotentiometer                       0x00002147   Thumb Code   116  iocontrols.o(.text)
    checkJoyStick                            0x000021bb   Thumb Code   102  iocontrols.o(.text)
    checkJoyStickButton                      0x00002221   Thumb Code    26  iocontrols.o(.text)
    ButtonCurrentlyPressed                   0x0000223b   Thumb Code    20  iocontrols.o(.text)
    rotateIcon                               0x00002271   Thumb Code     2  nbagraphics.o(.text)
    updateAngleSelectScreen                  0x00002273   Thumb Code     2  nbagraphics.o(.text)
    updateStatsSelectScreen                  0x00002275   Thumb Code   360  nbagraphics.o(.text)
    drawSelectScreenBottom                   0x000023dd   Thumb Code   124  nbagraphics.o(.text)
    shotAnimation                            0x00002459   Thumb Code   128  nbagraphics.o(.text)
    clearScreen                              0x000024d9   Thumb Code    20  nbagraphics.o(.text)
    finalAnimation                           0x000024ed   Thumb Code     2  nbagraphics.o(.text)
    __aeabi_dadd                             0x000025bd   Thumb Code   322  dadd.o(.text)
    __aeabi_dsub                             0x000026ff   Thumb Code     6  dadd.o(.text)
    __aeabi_drsub                            0x00002705   Thumb Code     6  dadd.o(.text)
    __aeabi_dmul                             0x0000270b   Thumb Code   228  dmul.o(.text)
    __aeabi_ddiv                             0x000027ef   Thumb Code   222  ddiv.o(.text)
    __aeabi_f2iz                             0x000028cd   Thumb Code    50  ffixi.o(.text)
    __aeabi_d2iz                             0x000028ff   Thumb Code    62  dfixi.o(.text)
    __aeabi_f2d                              0x0000293d   Thumb Code    38  f2d.o(.text)
    __aeabi_cdcmpeq                          0x00002965   Thumb Code     0  cdcmple.o(.text)
    __aeabi_cdcmple                          0x00002965   Thumb Code    38  cdcmple.o(.text)
    __aeabi_cdrcmple                         0x0000298d   Thumb Code    38  cdrcmple.o(.text)
    __aeabi_d2f                              0x000029b5   Thumb Code    56  d2f.o(.text)
    __aeabi_uidiv                            0x000029ed   Thumb Code     0  uidiv.o(.text)
    __aeabi_uidivmod                         0x000029ed   Thumb Code    44  uidiv.o(.text)
    __aeabi_llsl                             0x00002a19   Thumb Code    30  llshl.o(.text)
    _ll_shift_l                              0x00002a19   Thumb Code     0  llshl.o(.text)
    __aeabi_llsr                             0x00002a37   Thumb Code    32  llushr.o(.text)
    _ll_ushift_r                             0x00002a37   Thumb Code     0  llushr.o(.text)
    __aeabi_lasr                             0x00002a57   Thumb Code    36  llsshr.o(.text)
    _ll_sshift_r                             0x00002a57   Thumb Code     0  llsshr.o(.text)
    _float_round                             0x00002a7b   Thumb Code    18  fepilogue.o(.text)
    _float_epilogue                          0x00002a8d   Thumb Code    90  fepilogue.o(.text)
    _double_round                            0x00002ae7   Thumb Code    26  depilogue.o(.text)
    _double_epilogue                         0x00002b01   Thumb Code   164  depilogue.o(.text)
    __ARM_scalbn                             0x00002ba5   Thumb Code    46  dscalb.o(.text)
    scalbn                                   0x00002ba5   Thumb Code     0  dscalb.o(.text)
    _dsqrt                                   0x00002bd3   Thumb Code   162  dsqrt.o(.text)
    __aeabi_d2ulz                            0x00002c75   Thumb Code    48  dfixul.o(.text)
    __scatterload                            0x00002ca5   Thumb Code    28  init.o(.text)
    __scatterload_rt2                        0x00002ca5   Thumb Code     0  init.o(.text)
    __aeabi_ui2d                             0x00002cc9   Thumb Code    26  dfltui.o(.text)
    __0printf                                0x00002ce5   Thumb Code    22  printfa.o(i.__0printf)
    __1printf                                0x00002ce5   Thumb Code     0  printfa.o(i.__0printf)
    __2printf                                0x00002ce5   Thumb Code     0  printfa.o(i.__0printf)
    __c89printf                              0x00002ce5   Thumb Code     0  printfa.o(i.__0printf)
    printf                                   0x00002ce5   Thumb Code     0  printfa.o(i.__0printf)
    __0sprintf                               0x00002d05   Thumb Code    34  printfa.o(i.__0sprintf)
    __1sprintf                               0x00002d05   Thumb Code     0  printfa.o(i.__0sprintf)
    __2sprintf                               0x00002d05   Thumb Code     0  printfa.o(i.__0sprintf)
    __c89sprintf                             0x00002d05   Thumb Code     0  printfa.o(i.__0sprintf)
    sprintf                                  0x00002d05   Thumb Code     0  printfa.o(i.__0sprintf)
    __ARM_fpclassify                         0x00002d2d   Thumb Code    40  fpclassify.o(i.__ARM_fpclassify)
    __ieee754_rem_pio2                       0x00002d55   Thumb Code   832  rred.o(i.__ieee754_rem_pio2)
    __kernel_cos                             0x000030dd   Thumb Code   230  cos_i.o(i.__kernel_cos)
    __kernel_poly                            0x000031d9   Thumb Code   170  poly.o(i.__kernel_poly)
    __kernel_sin                             0x00003285   Thumb Code   224  sin_i.o(i.__kernel_sin)
    __mathlib_dbl_underflow                  0x00003371   Thumb Code    10  dunder.o(i.__mathlib_dbl_underflow)
    __scatterload_copy                       0x00003381   Thumb Code    14  handlers.o(i.__scatterload_copy)
    __scatterload_null                       0x0000338f   Thumb Code     2  handlers.o(i.__scatterload_null)
    __scatterload_zeroinit                   0x00003391   Thumb Code    14  handlers.o(i.__scatterload_zeroinit)
    __set_errno                              0x000033a1   Thumb Code     6  errno.o(i.__set_errno)
    _init_box                                0x00003509   Thumb Code    70  rt_membox.o(i._init_box)
    cos                                      0x00003ca1   Thumb Code   164  cos.o(i.cos)
    dbg_init                                 0x00003d4d   Thumb Code    34  hal_cm3.o(i.dbg_init)
    dbg_task_notify                          0x00003d7d   Thumb Code    32  hal_cm3.o(i.dbg_task_notify)
    dbg_task_switch                          0x00003d9d   Thumb Code    16  hal_cm3.o(i.dbg_task_switch)
    os_tick_init                             0x00003dad   Thumb Code    32  rt_system.o(i.os_tick_init)
    os_tick_irqack                           0x00003dd5   Thumb Code     2  rt_system.o(i.os_tick_irqack)
    pow                                      0x00003dd9   Thumb Code  2510  pow.o(i.pow)
    rt_alloc_box                             0x000047b9   Thumb Code    26  rt_membox.o(i.rt_alloc_box)
    rt_block                                 0x000047d5   Thumb Code    48  rt_task.o(i.rt_block)
    rt_chk_robin                             0x0000480d   Thumb Code    60  rt_robin.o(i.rt_chk_robin)
    rt_dec_dly                               0x00004855   Thumb Code   106  rt_list.o(i.rt_dec_dly)
    rt_dispatch                              0x000048c9   Thumb Code    60  rt_task.o(i.rt_dispatch)
    rt_evt_psh                               0x0000490d   Thumb Code    72  rt_event.o(i.rt_evt_psh)
    rt_free_box                              0x00004959   Thumb Code    32  rt_membox.o(i.rt_free_box)
    rt_get_first                             0x00004979   Thumb Code    40  rt_list.o(i.rt_get_first)
    rt_get_same_rdy_prio                     0x000049a1   Thumb Code    26  rt_list.o(i.rt_get_same_rdy_prio)
    rt_init_robin                            0x00004a09   Thumb Code    14  rt_robin.o(i.rt_init_robin)
    rt_init_stack                            0x00004a21   Thumb Code    70  hal_cm3.o(i.rt_init_stack)
    rt_mbx_psh                               0x00004a71   Thumb Code   188  rt_mailbox.o(i.rt_mbx_psh)
    rt_mut_init                              0x00004b31   Thumb Code    16  rt_mutex.o(i.rt_mut_init)
    rt_mut_release                           0x00004b41   Thumb Code   164  rt_mutex.o(i.rt_mut_release)
    rt_mut_wait                              0x00004bed   Thumb Code    96  rt_mutex.o(i.rt_mut_wait)
    rt_pop_req                               0x00004c51   Thumb Code   106  rt_system.o(i.rt_pop_req)
    rt_put_dly                               0x00004cc9   Thumb Code    68  rt_list.o(i.rt_put_dly)
    rt_put_prio                              0x00004d11   Thumb Code    54  rt_list.o(i.rt_put_prio)
    rt_put_rdy_first                         0x00004d49   Thumb Code    14  rt_list.o(i.rt_put_rdy_first)
    rt_resort_prio                           0x00004d5d   Thumb Code    46  rt_list.o(i.rt_resort_prio)
    rt_rmv_dly                               0x00004d91   Thumb Code    40  rt_list.o(i.rt_rmv_dly)
    rt_rmv_list                              0x00004db9   Thumb Code    44  rt_list.o(i.rt_rmv_list)
    rt_sem_init                              0x00004de9   Thumb Code    12  rt_semaphore.o(i.rt_sem_init)
    rt_sem_psh                               0x00004df5   Thumb Code    46  rt_semaphore.o(i.rt_sem_psh)
    rt_sem_send                              0x00004e29   Thumb Code    52  rt_semaphore.o(i.rt_sem_send)
    rt_sem_wait                              0x00004e61   Thumb Code    56  rt_semaphore.o(i.rt_sem_wait)
    rt_stk_check                             0x00004e9d   Thumb Code    28  rt_system.o(i.rt_stk_check)
    rt_switch_req                            0x00004ec1   Thumb Code    30  rt_task.o(i.rt_switch_req)
    rt_sys_init                              0x00004ee9   Thumb Code   266  rt_task.o(i.rt_sys_init)
    rt_systick                               0x00005041   Thumb Code    48  rt_system.o(i.rt_systick)
    rt_tmr_tick                              0x0000507d   Thumb Code    56  rt_timer.o(i.rt_tmr_tick)
    rt_tsk_create                            0x000050bd   Thumb Code   126  rt_task.o(i.rt_tsk_create)
    rt_tsk_delete                            0x00005151   Thumb Code   162  rt_task.o(i.rt_tsk_delete)
    rt_tsk_pass                              0x0000520d   Thumb Code    38  rt_task.o(i.rt_tsk_pass)
    sin                                      0x0000523d   Thumb Code   166  sin.o(i.sin)
    sqrt                                     0x000052ed   Thumb Code    78  sqrt.o(i.sqrt)
    os_maxtaskrun                            0x0000533c   Data           2  rtx_config.o(.constdata)
    os_stackinfo                             0x00005340   Data           4  rtx_config.o(.constdata)
    os_rrobin                                0x00005344   Data           4  rtx_config.o(.constdata)
    os_trv                                   0x00005348   Data           4  rtx_config.o(.constdata)
    os_flags                                 0x0000534c   Data           1  rtx_config.o(.constdata)
    os_clockrate                             0x00005350   Data           4  rtx_config.o(.constdata)
    os_timernum                              0x00005354   Data           4  rtx_config.o(.constdata)
    mp_tcb_size                              0x00005358   Data           2  rtx_config.o(.constdata)
    mp_stk_size                              0x0000535c   Data           4  rtx_config.o(.constdata)
    os_fifo_size                             0x00005360   Data           1  rtx_config.o(.constdata)
    mp_tmr_size                              0x00005362   Data           2  rtx_config.o(.constdata)
    Font_6x8_h                               0x00005364   Data         896  glcd_spi_lpc1700.o(.constdata)
    Font_16x24_h                             0x000056e4   Data        5376  glcd_spi_lpc1700.o(.constdata)
    HEIGHT_OF_NET                            0x00006be8   Data           4  nba3pointchallengemain.o(.constdata)
    GRAV                                     0x00006bec   Data           4  nba3pointchallengemain.o(.constdata)
    MISS                                     0x00006bf0   Data           2  nba3pointchallengemain.o(.constdata)
    BAD_SHOT                                 0x00006bf2   Data           2  nba3pointchallengemain.o(.constdata)
    OK_SHOT                                  0x00006bf4   Data           2  nba3pointchallengemain.o(.constdata)
    GOOD_SHOT                                0x00006bf6   Data           2  nba3pointchallengemain.o(.constdata)
    SPLASH                                   0x00006bf8   Data           2  nba3pointchallengemain.o(.constdata)
    MAX_SHOTS                                0x00006bfa   Data           2  nba3pointchallengemain.o(.constdata)
    MAX_POINTS                               0x00006bfc   Data           2  nba3pointchallengemain.o(.constdata)
    LED_SPEED                                0x00006bfe   Data           2  nba3pointchallengemain.o(.constdata)
    xPositions                               0x00006c00   Data          40  nba3pointchallengemain.o(.constdata)
    yPositions                               0x00006c28   Data          40  nba3pointchallengemain.o(.constdata)
    __mathlib_zero                           0x00006d08   Data           8  qnan.o(.constdata)
    Region$$Table$$Base                      0x00006e00   Number         0  anon$$obj.o(Region$$Table)
    Region$$Table$$Limit                     0x00006e20   Number         0  anon$$obj.o(Region$$Table)
    SystemCoreClock                          0x10000000   Data           4  system_lpc17xx.o(.data)
    m_tmr                                    0x10000004   Data           4  rtx_config.o(.data)
    ITM_RxBuffer                             0x10000008   Data           4  uart.o(.data)
    UART0TxEmpty                             0x1000000c   Data           1  uart.o(.data)
    UART1TxEmpty                             0x1000000d   Data           1  uart.o(.data)
    UART0Count                               0x10000010   Data           4  uart.o(.data)
    UART1Count                               0x10000014   Data           4  uart.o(.data)
    i                                        0x10000018   Data           4  uart.o(.data)
    UART0Status                              0x1000001c   Data           4  uart.o(.data)
    UART1Status                              0x10000020   Data           4  uart.o(.data)
    RcvLock0                                 0x10000024   Data           1  uart.o(.data)
    SndLock0                                 0x10000025   Data           1  uart.o(.data)
    RcvLock1                                 0x10000026   Data           1  uart.o(.data)
    SndLock1                                 0x10000027   Data           1  uart.o(.data)
    uart_init_called                         0x10000028   Data           1  retarget.o(.data)
    __stdout                                 0x1000002c   Data           4  retarget.o(.data)
    __stdin                                  0x10000030   Data           4  retarget.o(.data)
    XZAngle                                  0x1000003c   Data           4  nba3pointchallengemain.o(.data)
    XYAngle                                  0x10000040   Data           4  nba3pointchallengemain.o(.data)
    buttonPressed                            0x10000044   Data           4  nba3pointchallengemain.o(.data)
    initVelocity                             0x10000048   Data           4  nba3pointchallengemain.o(.data)
    score                                    0x1000004c   Data           4  nba3pointchallengemain.o(.data)
    shotsTaken                               0x10000050   Data           4  nba3pointchallengemain.o(.data)
    updateScreen                             0x10000054   Data           4  nba3pointchallengemain.o(.data)
    incr                                     0x10000058   Data           4  nba3pointchallengemain.o(.data)
    luckFlag                                 0x1000005c   Data           4  nba3pointchallengemain.o(.data)
    shotAnimationStatus                      0x10000060   Data           4  nba3pointchallengemain.o(.data)
    led_num_display                          0x10000064   Data          32  nba3pointchallengemain.o(.data)
    led_num_display_index                    0x10000084   Data           4  nba3pointchallengemain.o(.data)
    led_success                              0x10000088   Data           2  nba3pointchallengemain.o(.data)
    updateLock                               0x1000008c   Data           8  nba3pointchallengemain.o(.data)
    playerPosition                           0x10000094   Data           8  nba3pointchallengemain.o(.data)
    os_tsk                                   0x1000009c   Data           8  rt_task.o(.data)
    dbg_msg                                  0x100000a4   Data           1  hal_cm3.o(.data)
    os_tick_irqn                             0x100000ac   Data           4  rt_system.o(.data)
    os_robin                                 0x100000b0   Data           8  rt_robin.o(.data)
    os_time                                  0x100000b8   Data           4  rt_time.o(.data)
    os_tmr                                   0x100000bc   Data           8  rt_timer.o(.data)
    mp_tcb                                   0x100000c8   Data         300  rtx_config.o(.bss)
    mp_stk                                   0x100001f8   Data        3600  rtx_config.o(.bss)
    os_fifo                                  0x10001008   Data         132  rtx_config.o(.bss)
    os_active_TCB                            0x1000108c   Data          24  rtx_config.o(.bss)
    UART0Buffer                              0x100010a4   Data          64  uart.o(.bss)
    UART1Buffer                              0x100010e4   Data          64  uart.o(.bss)
    selectTask1                              0x10001124   Data          12  nba3pointchallengemain.o(.bss)
    selectTask2                              0x10001130   Data          12  nba3pointchallengemain.o(.bss)
    selectTask3                              0x1000113c   Data          12  nba3pointchallengemain.o(.bss)
    selectTask4                              0x10001148   Data          12  nba3pointchallengemain.o(.bss)
    luckTask1                                0x10001154   Data          12  nba3pointchallengemain.o(.bss)
    os_idle_TCB                              0x10001160   Data          48  rt_task.o(.bss)
    os_rdy                                   0x10001190   Data          24  rt_list.o(.bss)
    os_dly                                   0x100011a8   Data          24  rt_list.o(.bss)
    __initial_sp                             0x100031c0   Data           0  startup_lpc17xx.o(STACK)



==============================================================================

Memory Map of the image

  Image Entry point : 0x000000cd

  Load Region LR_IROM1 (Base: 0x00000000, Size: 0x00006ee8, Max: 0x00080000, ABSOLUTE)

    Execution Region ER_IROM1 (Base: 0x00000000, Size: 0x00006e20, Max: 0x00080000, ABSOLUTE)

    Base Addr    Size         Type   Attr      Idx    E Section Name        Object

    0x00000000   0x000000cc   Data   RO           48    RESET               startup_lpc17xx.o
    0x000000cc   0x00000000   Code   RO          871  * .ARM.Collect$$$$00000000  mc_w.l(entry.o)
    0x000000cc   0x00000004   Code   RO         1180    .ARM.Collect$$$$00000001  mc_w.l(entry2.o)
    0x000000d0   0x00000004   Code   RO         1183    .ARM.Collect$$$$00000004  mc_w.l(entry5.o)
    0x000000d4   0x00000000   Code   RO         1185    .ARM.Collect$$$$00000008  mc_w.l(entry7b.o)
    0x000000d4   0x00000008   Code   RO         1186    .ARM.Collect$$$$00000009  mc_w.l(entry8.o)
    0x000000dc   0x00000004   Code   RO         1181    .ARM.Collect$$$$00002712  mc_w.l(entry2.o)
    0x000000e0   0x00000154   Code   RO          425    .emb_text           RTX_CM3.LIB(hal_cm3.o)
    0x00000234   0x00000024   Code   RO           50    .text               startup_lpc17xx.o
    0x00000258   0x0000000a   Code   RO           56    .text               rtx_config.o
    0x00000262   0x00000062   Code   RO          874    .text               mc_w.l(uldiv.o)
    0x000002c4   0x00000012   Code   RO         1143    .text               mf_w.l(fflti.o)
    0x000002d6   0x00000022   Code   RO         1145    .text               mf_w.l(dflti.o)
    0x000002f8   0x00000000   Code   RO         1202    .text               mc_w.l(iusefp.o)
    0x000002f8   0x00000004   Code   RO          684    SVC_TABLE           RTX_CM3.LIB(SVC_Table.o)
    0x000002fc   0x00000004   Code   RO           49    .ARM.__at_0x02FC    startup_lpc17xx.o
    0x00000300   0x00000318   Code   RO            3    .text               system_lpc17xx.o
    0x00000618   0x000003ac   Code   RO           81    .text               uart.o
    0x000009c4   0x000000a0   Code   RO          116    .text               retarget.o
    0x00000a64   0x00000ba4   Code   RO          140    .text               glcd_spi_lpc1700.o
    0x00001608   0x00000a24   Code   RO          177    .text               nba3pointchallengemain.o
    0x0000202c   0x00000244   Code   RO          222    .text               iocontrols.o
    0x00002270   0x0000034c   Code   RO          243    .text               nbagraphics.o
    0x000025bc   0x0000014e   Code   RO         1137    .text               mf_w.l(dadd.o)
    0x0000270a   0x000000e4   Code   RO         1139    .text               mf_w.l(dmul.o)
    0x000027ee   0x000000de   Code   RO         1141    .text               mf_w.l(ddiv.o)
    0x000028cc   0x00000032   Code   RO         1147    .text               mf_w.l(ffixi.o)
    0x000028fe   0x0000003e   Code   RO         1149    .text               mf_w.l(dfixi.o)
    0x0000293c   0x00000026   Code   RO         1151    .text               mf_w.l(f2d.o)
    0x00002962   0x00000002   PAD
    0x00002964   0x00000028   Code   RO         1153    .text               mf_w.l(cdcmple.o)
    0x0000298c   0x00000028   Code   RO         1155    .text               mf_w.l(cdrcmple.o)
    0x000029b4   0x00000038   Code   RO         1157    .text               mf_w.l(d2f.o)
    0x000029ec   0x0000002c   Code   RO         1187    .text               mc_w.l(uidiv.o)
    0x00002a18   0x0000001e   Code   RO         1189    .text               mc_w.l(llshl.o)
    0x00002a36   0x00000020   Code   RO         1191    .text               mc_w.l(llushr.o)
    0x00002a56   0x00000024   Code   RO         1193    .text               mc_w.l(llsshr.o)
    0x00002a7a   0x0000006c   Code   RO         1203    .text               mf_w.l(fepilogue.o)
    0x00002ae6   0x000000be   Code   RO         1205    .text               mf_w.l(depilogue.o)
    0x00002ba4   0x0000002e   Code   RO         1207    .text               mf_w.l(dscalb.o)
    0x00002bd2   0x000000a2   Code   RO         1209    .text               mf_w.l(dsqrt.o)
    0x00002c74   0x00000030   Code   RO         1211    .text               mf_w.l(dfixul.o)
    0x00002ca4   0x00000024   Code   RO         1213    .text               mc_w.l(init.o)
    0x00002cc8   0x0000001a   Code   RO         1215    .text               mf_w.l(dfltui.o)
    0x00002ce2   0x00000002   PAD
    0x00002ce4   0x00000020   Code   RO         1109    i.__0printf         mc_w.l(printfa.o)
    0x00002d04   0x00000028   Code   RO         1111    i.__0sprintf        mc_w.l(printfa.o)
    0x00002d2c   0x00000028   Code   RO         1164    i.__ARM_fpclassify  m_ws.l(fpclassify.o)
    0x00002d54   0x00000388   Code   RO         1169    i.__ieee754_rem_pio2  m_ws.l(rred.o)
    0x000030dc   0x000000fc   Code   RO         1159    i.__kernel_cos      m_ws.l(cos_i.o)
    0x000031d8   0x000000aa   Code   RO         1166    i.__kernel_poly     m_ws.l(poly.o)
    0x00003282   0x00000002   PAD
    0x00003284   0x000000ec   Code   RO         1174    i.__kernel_sin      m_ws.l(sin_i.o)
    0x00003370   0x00000010   Code   RO         1162    i.__mathlib_dbl_underflow  m_ws.l(dunder.o)
    0x00003380   0x0000000e   Code   RO         1219    i.__scatterload_copy  mc_w.l(handlers.o)
    0x0000338e   0x00000002   Code   RO         1220    i.__scatterload_null  mc_w.l(handlers.o)
    0x00003390   0x0000000e   Code   RO         1221    i.__scatterload_zeroinit  mc_w.l(handlers.o)
    0x0000339e   0x00000002   PAD
    0x000033a0   0x0000000c   Code   RO         1197    i.__set_errno       mc_w.l(errno.o)
    0x000033ac   0x0000015c   Code   RO         1116    i._fp_digits        mc_w.l(printfa.o)
    0x00003508   0x00000046   Code   RO          651    i._init_box         RTX_CM3.LIB(rt_membox.o)
    0x0000354e   0x00000002   PAD
    0x00003550   0x000006f0   Code   RO         1117    i._printf_core      mc_w.l(printfa.o)
    0x00003c40   0x00000026   Code   RO         1118    i._printf_post_padding  mc_w.l(printfa.o)
    0x00003c66   0x00000030   Code   RO         1119    i._printf_pre_padding  mc_w.l(printfa.o)
    0x00003c96   0x0000000a   Code   RO         1121    i._sputc            mc_w.l(printfa.o)
    0x00003ca0   0x000000ac   Code   RO          838    i.cos               m_ws.l(cos.o)
    0x00003d4c   0x00000030   Code   RO          426    i.dbg_init          RTX_CM3.LIB(hal_cm3.o)
    0x00003d7c   0x00000020   Code   RO          427    i.dbg_task_notify   RTX_CM3.LIB(hal_cm3.o)
    0x00003d9c   0x00000010   Code   RO          428    i.dbg_task_switch   RTX_CM3.LIB(hal_cm3.o)
    0x00003dac   0x00000028   Code   RO          467    i.os_tick_init      RTX_CM3.LIB(rt_system.o)
    0x00003dd4   0x00000002   Code   RO          468    i.os_tick_irqack    RTX_CM3.LIB(rt_system.o)
    0x00003dd6   0x00000002   PAD
    0x00003dd8   0x000009e0   Code   RO          846    i.pow               m_ws.l(pow.o)
    0x000047b8   0x0000001a   Code   RO          652    i.rt_alloc_box      RTX_CM3.LIB(rt_membox.o)
    0x000047d2   0x00000002   PAD
    0x000047d4   0x00000038   Code   RO          262    i.rt_block          RTX_CM3.LIB(rt_task.o)
    0x0000480c   0x00000048   Code   RO          629    i.rt_chk_robin      RTX_CM3.LIB(rt_robin.o)
    0x00004854   0x00000074   Code   RO          550    i.rt_dec_dly        RTX_CM3.LIB(rt_list.o)
    0x000048c8   0x00000044   Code   RO          263    i.rt_dispatch       RTX_CM3.LIB(rt_task.o)
    0x0000490c   0x0000004c   Code   RO          690    i.rt_evt_psh        RTX_CM3.LIB(rt_event.o)
    0x00004958   0x00000020   Code   RO          653    i.rt_free_box       RTX_CM3.LIB(rt_membox.o)
    0x00004978   0x00000028   Code   RO          551    i.rt_get_first      RTX_CM3.LIB(rt_list.o)
    0x000049a0   0x00000024   Code   RO          552    i.rt_get_same_rdy_prio  RTX_CM3.LIB(rt_list.o)
    0x000049c4   0x00000044   Code   RO          264    i.rt_init_context   RTX_CM3.LIB(rt_task.o)
    0x00004a08   0x00000018   Code   RO          630    i.rt_init_robin     RTX_CM3.LIB(rt_robin.o)
    0x00004a20   0x00000050   Code   RO          429    i.rt_init_stack     RTX_CM3.LIB(hal_cm3.o)
    0x00004a70   0x000000c0   Code   RO          733    i.rt_mbx_psh        RTX_CM3.LIB(rt_mailbox.o)
    0x00004b30   0x00000010   Code   RO          401    i.rt_mut_init       RTX_CM3.LIB(rt_mutex.o)
    0x00004b40   0x000000ac   Code   RO          402    i.rt_mut_release    RTX_CM3.LIB(rt_mutex.o)
    0x00004bec   0x00000064   Code   RO          403    i.rt_mut_wait       RTX_CM3.LIB(rt_mutex.o)
    0x00004c50   0x00000078   Code   RO          469    i.rt_pop_req        RTX_CM3.LIB(rt_system.o)
    0x00004cc8   0x00000048   Code   RO          554    i.rt_put_dly        RTX_CM3.LIB(rt_list.o)
    0x00004d10   0x00000036   Code   RO          555    i.rt_put_prio       RTX_CM3.LIB(rt_list.o)
    0x00004d46   0x00000002   PAD
    0x00004d48   0x00000014   Code   RO          556    i.rt_put_rdy_first  RTX_CM3.LIB(rt_list.o)
    0x00004d5c   0x00000034   Code   RO          557    i.rt_resort_prio    RTX_CM3.LIB(rt_list.o)
    0x00004d90   0x00000028   Code   RO          558    i.rt_rmv_dly        RTX_CM3.LIB(rt_list.o)
    0x00004db8   0x00000030   Code   RO          559    i.rt_rmv_list       RTX_CM3.LIB(rt_list.o)
    0x00004de8   0x0000000c   Code   RO          362    i.rt_sem_init       RTX_CM3.LIB(rt_semaphore.o)
    0x00004df4   0x00000034   Code   RO          363    i.rt_sem_psh        RTX_CM3.LIB(rt_semaphore.o)
    0x00004e28   0x00000038   Code   RO          364    i.rt_sem_send       RTX_CM3.LIB(rt_semaphore.o)
    0x00004e60   0x0000003c   Code   RO          365    i.rt_sem_wait       RTX_CM3.LIB(rt_semaphore.o)
    0x00004e9c   0x00000024   Code   RO          472    i.rt_stk_check      RTX_CM3.LIB(rt_system.o)
    0x00004ec0   0x00000028   Code   RO          265    i.rt_switch_req     RTX_CM3.LIB(rt_task.o)
    0x00004ee8   0x00000158   Code   RO          266    i.rt_sys_init       RTX_CM3.LIB(rt_task.o)
    0x00005040   0x0000003c   Code   RO          474    i.rt_systick        RTX_CM3.LIB(rt_system.o)
    0x0000507c   0x00000040   Code   RO          812    i.rt_tmr_tick       RTX_CM3.LIB(rt_timer.o)
    0x000050bc   0x00000094   Code   RO          267    i.rt_tsk_create     RTX_CM3.LIB(rt_task.o)
    0x00005150   0x000000bc   Code   RO          268    i.rt_tsk_delete     RTX_CM3.LIB(rt_task.o)
    0x0000520c   0x00000030   Code   RO          269    i.rt_tsk_pass       RTX_CM3.LIB(rt_task.o)
    0x0000523c   0x000000b0   Code   RO          856    i.sin               m_ws.l(sin.o)
    0x000052ec   0x0000004e   Code   RO          864    i.sqrt              m_ws.l(sqrt.o)
    0x0000533a   0x00000002   PAD
    0x0000533c   0x00000028   Data   RO           58    .constdata          rtx_config.o
    0x00005364   0x00001880   Data   RO          141    .constdata          glcd_spi_lpc1700.o
    0x00006be4   0x00000004   PAD
    0x00006be8   0x00000068   Data   RO          179    .constdata          nba3pointchallengemain.o
    0x00006c50   0x00000088   Data   RO          847    .constdata          m_ws.l(pow.o)
    0x00006cd8   0x00000030   Data   RO         1160    .constdata          m_ws.l(cos_i.o)
    0x00006d08   0x00000008   Data   RO         1168    .constdata          m_ws.l(qnan.o)
    0x00006d10   0x000000c8   Data   RO         1171    .constdata          m_ws.l(rred.o)
    0x00006dd8   0x00000028   Data   RO         1175    .constdata          m_ws.l(sin_i.o)
    0x00006e00   0x00000020   Data   RO         1217    Region$$Table       anon$$obj.o


    Execution Region RW_IRAM1 (Base: 0x10000000, Size: 0x000031c0, Max: 0x00008000, ABSOLUTE)

    Base Addr    Size         Type   Attr      Idx    E Section Name        Object

    0x10000000   0x00000004   Data   RW            4    .data               system_lpc17xx.o
    0x10000004   0x00000004   Data   RW           59    .data               rtx_config.o
    0x10000008   0x00000020   Data   RW           83    .data               uart.o
    0x10000028   0x0000000c   Data   RW          117    .data               retarget.o
    0x10000034   0x00000005   Data   RW          142    .data               glcd_spi_lpc1700.o
    0x10000039   0x00000003   PAD
    0x1000003c   0x00000060   Data   RW          180    .data               nba3pointchallengemain.o
    0x1000009c   0x00000008   Data   RW          273    .data               RTX_CM3.LIB(rt_task.o)
    0x100000a4   0x00000001   Data   RW          430    .data               RTX_CM3.LIB(hal_cm3.o)
    0x100000a5   0x00000003   PAD
    0x100000a8   0x00000008   Data   RW          477    .data               RTX_CM3.LIB(rt_system.o)
    0x100000b0   0x00000008   Data   RW          631    .data               RTX_CM3.LIB(rt_robin.o)
    0x100000b8   0x00000004   Data   RW          781    .data               RTX_CM3.LIB(rt_time.o)
    0x100000bc   0x00000008   Data   RW          813    .data               RTX_CM3.LIB(rt_timer.o)
    0x100000c4   0x00000004   Data   RW         1198    .data               mc_w.l(errno.o)
    0x100000c8   0x00000fdc   Zero   RW           57    .bss                rtx_config.o
    0x100010a4   0x00000080   Zero   RW           82    .bss                uart.o
    0x10001124   0x0000003c   Zero   RW          178    .bss                nba3pointchallengemain.o
    0x10001160   0x00000030   Zero   RW          272    .bss                RTX_CM3.LIB(rt_task.o)
    0x10001190   0x00000030   Zero   RW          560    .bss                RTX_CM3.LIB(rt_list.o)
    0x100011c0   0x00002000   Zero   RW           46    STACK               startup_lpc17xx.o


==============================================================================

Image component sizes


      Code (inc. data)   RO Data    RW Data    ZI Data      Debug   Object Name

      2980         62       6272          5          0       8664   glcd_spi_lpc1700.o
       580         34          0          0          0       1457   iocontrols.o
      2596        408        104         96         60      11628   nba3pointchallengemain.o
       844        206          0          0          0       2085   nbagraphics.o
       160          6          0         12          0       3107   retarget.o
        10          0         40          4       4060       8512   rtx_config.o
        40         12        204          0       8192        816   startup_lpc17xx.o
       792         78          0          4          0       5257   system_lpc17xx.o
       940         60          0         32        128      45507   uart.o

    ----------------------------------------------------------------------
      8942        866       6656        156      12440      87033   Object Totals
         0          0         32          0          0          0   (incl. Generated)
         0          0          4          3          0          0   (incl. Padding)

    ----------------------------------------------------------------------

      Code (inc. data)   RO Data    RW Data    ZI Data      Debug   Library Member Name

         4          4          0          0          0        136   SVC_Table.o
       516         56          0          1          0       2465   hal_cm3.o
        76          4          0          0          0        541   rt_event.o
       478         40          0          0         48       4249   rt_list.o
       192          4          0          0          0        605   rt_mailbox.o
       128          0          0          0          0       1489   rt_membox.o
       288         12          0          0          0       1601   rt_mutex.o
        96         22          0          8          0        962   rt_robin.o
       180         14          0          0          0       1883   rt_semaphore.o
       258         42          0          8          0       2962   rt_system.o
       960        166          0          8         48       6716   rt_task.o
         0          0          0          4          0        150   rt_time.o
        64          8          0          8          0        583   rt_timer.o
       172          8          0          0          0        112   cos.o
       252         22         48          0          0        124   cos_i.o
        16          6          0          0          0         68   dunder.o
        40          0          0          0          0         68   fpclassify.o
       170          0          0          0          0         96   poly.o
      2528        190        136          0          0        316   pow.o
         0          0          8          0          0          0   qnan.o
       904         72        200          0          0        132   rred.o
       176         10          0          0          0        116   sin.o
       236         12         40          0          0        128   sin_i.o
        78          0          0          0          0         84   sqrt.o
         0          0          0          0          0          0   entry.o
         8          4          0          0          0          0   entry2.o
         4          0          0          0          0          0   entry5.o
         0          0          0          0          0          0   entry7b.o
         8          4          0          0          0          0   entry8.o
        12          6          0          4          0         68   errno.o
        30          0          0          0          0          0   handlers.o
        36          8          0          0          0         68   init.o
         0          0          0          0          0          0   iusefp.o
        30          0          0          0          0         68   llshl.o
        36          0          0          0          0         68   llsshr.o
        32          0          0          0          0         68   llushr.o
      2292         96          0          0          0        596   printfa.o
        44          0          0          0          0         80   uidiv.o
        98          0          0          0          0         92   uldiv.o
        40          2          0          0          0         68   cdcmple.o
        40          2          0          0          0         68   cdrcmple.o
        56          0          0          0          0         88   d2f.o
       334          0          0          0          0        144   dadd.o
       222          0          0          0          0        100   ddiv.o
       190          0          0          0          0        176   depilogue.o
        62          0          0          0          0         80   dfixi.o
        48          0          0          0          0         68   dfixul.o
        34          0          0          0          0         76   dflti.o
        26          0          0          0          0         76   dfltui.o
       228          0          0          0          0         92   dmul.o
        46          0          0          0          0         80   dscalb.o
       162          0          0          0          0        100   dsqrt.o
        38          0          0          0          0         68   f2d.o
       108          0          0          0          0        168   fepilogue.o
        50          0          0          0          0         68   ffixi.o
        18          0          0          0          0         68   fflti.o

    ----------------------------------------------------------------------
     12162        814        432         44         96      28282   Library Totals
        18          0          0          3          0          0   (incl. Padding)

    ----------------------------------------------------------------------

      Code (inc. data)   RO Data    RW Data    ZI Data      Debug   Library Name

      3240        372          0         37         96      24342   RTX_CM3.LIB
      4572        320        432          0          0       1244   m_ws.l
      2630        118          0          4          0       1108   mc_w.l
      1702          4          0          0          0       1588   mf_w.l

    ----------------------------------------------------------------------
     12162        814        432         44         96      28282   Library Totals

    ----------------------------------------------------------------------

==============================================================================


      Code (inc. data)   RO Data    RW Data    ZI Data      Debug   

     21104       1680       7088        200      12536     110271   Grand Totals
     21104       1680       7088        200      12536     110271   ELF Image Totals
     21104       1680       7088        200          0          0   ROM Totals

==============================================================================

    Total RO  Size (Code + RO Data)                28192 (  27.53kB)
    Total RW  Size (RW Data + ZI Data)             12736 (  12.44kB)
    Total ROM Size (Code + RO Data + RW Data)      28392 (  27.73kB)

==============================================================================

