<html>
<body>
<pre>
<h1>µVision Build Log</h1>
<h2>Project:</h2>
N:\MTE241\Project4\Project2.uvproj
Project File Date:  07/10/2018

<h2>Output:</h2>
Build target 'Target 1'
compiling system_LPC17xx.c...
compiling nba3PointChallengeMain.c...
nba3PointChallengeMain.c(396): warning:  #223-D: function "clearScreen" declared implicitly
compiling nbaGraphics.c...
nbaGraphics.c(200): warning:  #9-D: nested comment is not allowed
nbaGraphics.c(245): warning:  #9-D: nested comment is not allowed
nbaGraphics.c(183): warning:  #177-D: variable "i" was declared but never referenced
nbaGraphics.c(184): warning:  #177-D: variable "j" was declared but never referenced
nbaGraphics.c(185): warning:  #177-D: variable "temp" was declared but never referenced
nbaGraphics.c(186): warning:  #177-D: variable "lIndex" was declared but never referenced
nbaGraphics.c(187): warning:  #177-D: variable "rIndex" was declared but never referenced
nbaGraphics.c(188): warning:  #177-D: variable "uIndex" was declared but never referenced
nbaGraphics.c(189): warning:  #177-D: variable "bIndex" was declared but never referenced
nbaGraphics.c(376): warning:  #223-D: function "SystemInit" declared implicitly
linking...
Project2.axf: Warning: L6304W: Duplicate input file system_lpc17xx.o ignored.
Program Size: Code=20940 RO-data=7060 RW-data=224 ZI-data=12480  
"Project2.axf" - 0 Error(s), 12 Warning(s).
Load "N:\\MTE241\\Project4\\Project2.AXF" 
Erase Done.
Programming Done.
Verify OK.
Build target 'Target 1'
compiling nba3PointChallengeMain.c...
nba3PointChallengeMain.c(396): warning:  #223-D: function "clearScreen" declared implicitly
nba3PointChallengeMain.c(398): error:  #165: too few arguments in function call
nba3PointChallengeMain.c(398): error:  #18: expected a ")"
Target not created
Load "N:\\MTE241\\Project4\\Project2.AXF" 
_____^
*** error 56: cannot open file
Build target 'Target 1'
compiling nba3PointChallengeMain.c...
nba3PointChallengeMain.c(396): warning:  #223-D: function "clearScreen" declared implicitly
nba3PointChallengeMain.c(398): error:  #165: too few arguments in function call
nba3PointChallengeMain.c(398): error:  #18: expected a ")"
Target not created
Build target 'Target 1'
compiling nba3PointChallengeMain.c...
nba3PointChallengeMain.c(396): warning:  #223-D: function "clearScreen" declared implicitly
linking...
Project2.axf: Warning: L6304W: Duplicate input file system_lpc17xx.o ignored.
Program Size: Code=20968 RO-data=7064 RW-data=224 ZI-data=12480  
"Project2.axf" - 0 Error(s), 2 Warning(s).
Load "N:\\MTE241\\Project4\\Project2.AXF" 
Erase Done.
Programming Done.
Verify OK.
Build target 'Target 1'
compiling nbaGraphics.c...
nbaGraphics.c(200): warning:  #9-D: nested comment is not allowed
nbaGraphics.c(245): warning:  #9-D: nested comment is not allowed
nbaGraphics.c(183): warning:  #177-D: variable "i" was declared but never referenced
nbaGraphics.c(184): warning:  #177-D: variable "j" was declared but never referenced
nbaGraphics.c(185): warning:  #177-D: variable "temp" was declared but never referenced
nbaGraphics.c(186): warning:  #177-D: variable "lIndex" was declared but never referenced
nbaGraphics.c(187): warning:  #177-D: variable "rIndex" was declared but never referenced
nbaGraphics.c(188): warning:  #177-D: variable "uIndex" was declared but never referenced
nbaGraphics.c(189): warning:  #177-D: variable "bIndex" was declared but never referenced
nbaGraphics.c(374): warning:  #223-D: function "SystemInit" declared implicitly
linking...
Project2.axf: Warning: L6304W: Duplicate input file system_lpc17xx.o ignored.
Program Size: Code=20960 RO-data=7064 RW-data=224 ZI-data=12480  
"Project2.axf" - 0 Error(s), 11 Warning(s).
Rebuild target 'Target 1'
compiling system_LPC17xx.c...
compiling system_LPC17xx.c...
assembling startup_LPC17xx.s...
compiling RTX_config.c...
compiling uart.c...
compiling Retarget.c...
compiling GLCD_SPI_LPC1700.c...
compiling nba3PointChallengeMain.c...
nba3PointChallengeMain.c(396): warning:  #223-D: function "clearScreen" declared implicitly
compiling IOControls.c...
IOControls.c(11): warning:  #61-D: integer operation result is out of range
IOControls.c(11): warning:  #68-D: integer conversion resulted in a change of sign
IOControls.c(17): warning:  #61-D: integer operation result is out of range
IOControls.c(17): warning:  #68-D: integer conversion resulted in a change of sign
IOControls.c(33): warning:  #61-D: integer operation result is out of range
IOControls.c(33): warning:  #68-D: integer conversion resulted in a change of sign
compiling nbaGraphics.c...
nbaGraphics.c(200): warning:  #9-D: nested comment is not allowed
nbaGraphics.c(245): warning:  #9-D: nested comment is not allowed
nbaGraphics.c(183): warning:  #177-D: variable "i" was declared but never referenced
nbaGraphics.c(184): warning:  #177-D: variable "j" was declared but never referenced
nbaGraphics.c(185): warning:  #177-D: variable "temp" was declared but never referenced
nbaGraphics.c(186): warning:  #177-D: variable "lIndex" was declared but never referenced
nbaGraphics.c(187): warning:  #177-D: variable "rIndex" was declared but never referenced
nbaGraphics.c(188): warning:  #177-D: variable "uIndex" was declared but never referenced
nbaGraphics.c(189): warning:  #177-D: variable "bIndex" was declared but never referenced
nbaGraphics.c(374): warning:  #223-D: function "SystemInit" declared implicitly
linking...
Project2.axf: Warning: L6304W: Duplicate input file system_lpc17xx.o ignored.
Program Size: Code=20960 RO-data=7064 RW-data=224 ZI-data=12480  
"Project2.axf" - 0 Error(s), 18 Warning(s).
Load "N:\\MTE241\\Project4\\Project2.AXF" 
Erase Done.
Programming Done.
Verify OK.
Build target 'Target 1'
compiling nbaGraphics.c...
nbaGraphics.c(200): warning:  #9-D: nested comment is not allowed
nbaGraphics.c(245): warning:  #9-D: nested comment is not allowed
nbaGraphics.c(183): warning:  #177-D: variable "i" was declared but never referenced
nbaGraphics.c(184): warning:  #177-D: variable "j" was declared but never referenced
nbaGraphics.c(185): warning:  #177-D: variable "temp" was declared but never referenced
nbaGraphics.c(186): warning:  #177-D: variable "lIndex" was declared but never referenced
nbaGraphics.c(187): warning:  #177-D: variable "rIndex" was declared but never referenced
nbaGraphics.c(188): warning:  #177-D: variable "uIndex" was declared but never referenced
nbaGraphics.c(189): warning:  #177-D: variable "bIndex" was declared but never referenced
nbaGraphics.c(374): warning:  #223-D: function "SystemInit" declared implicitly
linking...
Project2.axf: Warning: L6304W: Duplicate input file system_lpc17xx.o ignored.
Program Size: Code=20960 RO-data=7064 RW-data=224 ZI-data=12480  
"Project2.axf" - 0 Error(s), 11 Warning(s).
Load "N:\\MTE241\\Project4\\Project2.AXF" 
Erase Done.
Programming Done.
Verify OK.
Build target 'Target 1'
compiling nba3PointChallengeMain.c...
nba3PointChallengeMain.c(396): warning:  #223-D: function "clearScreen" declared implicitly
linking...
Project2.axf: Warning: L6304W: Duplicate input file system_lpc17xx.o ignored.
Program Size: Code=20960 RO-data=7064 RW-data=224 ZI-data=12480  
"Project2.axf" - 0 Error(s), 2 Warning(s).
Load "N:\\MTE241\\Project4\\Project2.AXF" 
Erase Done.
Programming Done.
Verify OK.
Build target 'Target 1'
compiling nba3PointChallengeMain.c...
nba3PointChallengeMain.c(396): warning:  #223-D: function "clearScreen" declared implicitly
linking...
Project2.axf: Warning: L6304W: Duplicate input file system_lpc17xx.o ignored.
Program Size: Code=20960 RO-data=7064 RW-data=224 ZI-data=12480  
"Project2.axf" - 0 Error(s), 2 Warning(s).
Load "N:\\MTE241\\Project4\\Project2.AXF" 
Erase Done.
Programming Done.
Verify OK.
Build target 'Target 1'
compiling nbaGraphics.c...
nbaGraphics.c(200): warning:  #9-D: nested comment is not allowed
nbaGraphics.c(245): warning:  #9-D: nested comment is not allowed
nbaGraphics.c(183): warning:  #177-D: variable "i" was declared but never referenced
nbaGraphics.c(184): warning:  #177-D: variable "j" was declared but never referenced
nbaGraphics.c(185): warning:  #177-D: variable "temp" was declared but never referenced
nbaGraphics.c(186): warning:  #177-D: variable "lIndex" was declared but never referenced
nbaGraphics.c(187): warning:  #177-D: variable "rIndex" was declared but never referenced
nbaGraphics.c(188): warning:  #177-D: variable "uIndex" was declared but never referenced
nbaGraphics.c(189): warning:  #177-D: variable "bIndex" was declared but never referenced
nbaGraphics.c(374): warning:  #223-D: function "SystemInit" declared implicitly
linking...
Project2.axf: Warning: L6304W: Duplicate input file system_lpc17xx.o ignored.
Program Size: Code=20960 RO-data=7064 RW-data=224 ZI-data=12480  
"Project2.axf" - 0 Error(s), 11 Warning(s).
Load "N:\\MTE241\\Project4\\Project2.AXF" 
Erase Done.
Programming Done.
Verify OK.
Build target 'Target 1'
compiling nbaGraphics.c...
nbaGraphics.c(200): warning:  #9-D: nested comment is not allowed
nbaGraphics.c(245): warning:  #9-D: nested comment is not allowed
nbaGraphics.c(183): warning:  #177-D: variable "i" was declared but never referenced
nbaGraphics.c(184): warning:  #177-D: variable "j" was declared but never referenced
nbaGraphics.c(185): warning:  #177-D: variable "temp" was declared but never referenced
nbaGraphics.c(186): warning:  #177-D: variable "lIndex" was declared but never referenced
nbaGraphics.c(187): warning:  #177-D: variable "rIndex" was declared but never referenced
nbaGraphics.c(188): warning:  #177-D: variable "uIndex" was declared but never referenced
nbaGraphics.c(189): warning:  #177-D: variable "bIndex" was declared but never referenced
nbaGraphics.c(375): warning:  #223-D: function "SystemInit" declared implicitly
linking...
Project2.axf: Warning: L6304W: Duplicate input file system_lpc17xx.o ignored.
Program Size: Code=20964 RO-data=7060 RW-data=224 ZI-data=12480  
"Project2.axf" - 0 Error(s), 11 Warning(s).
Load "N:\\MTE241\\Project4\\Project2.AXF" 
Erase Done.
Programming Done.
Verify OK.
compiling nbaGraphics.c...
nbaGraphics.c(200): warning:  #9-D: nested comment is not allowed
nbaGraphics.c(245): warning:  #9-D: nested comment is not allowed
nbaGraphics.c(183): warning:  #177-D: variable "i" was declared but never referenced
nbaGraphics.c(184): warning:  #177-D: variable "j" was declared but never referenced
nbaGraphics.c(185): warning:  #177-D: variable "temp" was declared but never referenced
nbaGraphics.c(186): warning:  #177-D: variable "lIndex" was declared but never referenced
nbaGraphics.c(187): warning:  #177-D: variable "rIndex" was declared but never referenced
nbaGraphics.c(188): warning:  #177-D: variable "uIndex" was declared but never referenced
nbaGraphics.c(189): warning:  #177-D: variable "bIndex" was declared but never referenced
nbaGraphics.c(375): warning:  #223-D: function "SystemInit" declared implicitly
nbaGraphics.c - 0 Error(s), 10 Warning(s).
Load "N:\\MTE241\\Project4\\Project2.AXF" 
Erase Done.
Programming Done.
Verify OK.
Build target 'Target 1'
compiling nbaGraphics.c...
nbaGraphics.c(200): warning:  #9-D: nested comment is not allowed
nbaGraphics.c(245): warning:  #9-D: nested comment is not allowed
nbaGraphics.c(183): warning:  #177-D: variable "i" was declared but never referenced
nbaGraphics.c(184): warning:  #177-D: variable "j" was declared but never referenced
nbaGraphics.c(185): warning:  #177-D: variable "temp" was declared but never referenced
nbaGraphics.c(186): warning:  #177-D: variable "lIndex" was declared but never referenced
nbaGraphics.c(187): warning:  #177-D: variable "rIndex" was declared but never referenced
nbaGraphics.c(188): warning:  #177-D: variable "uIndex" was declared but never referenced
nbaGraphics.c(189): warning:  #177-D: variable "bIndex" was declared but never referenced
nbaGraphics.c(283): warning:  #181-D: argument is incompatible with corresponding format string conversion
nbaGraphics.c(284): warning:  #181-D: argument is incompatible with corresponding format string conversion
nbaGraphics.c(377): warning:  #223-D: function "SystemInit" declared implicitly
linking...
Project2.axf: Warning: L6304W: Duplicate input file system_lpc17xx.o ignored.
Program Size: Code=20992 RO-data=7064 RW-data=224 ZI-data=12480  
"Project2.axf" - 0 Error(s), 13 Warning(s).
Build target 'Target 1'
compiling nbaGraphics.c...
nbaGraphics.c(200): warning:  #9-D: nested comment is not allowed
nbaGraphics.c(245): warning:  #9-D: nested comment is not allowed
nbaGraphics.c(183): warning:  #177-D: variable "i" was declared but never referenced
nbaGraphics.c(184): warning:  #177-D: variable "j" was declared but never referenced
nbaGraphics.c(185): warning:  #177-D: variable "temp" was declared but never referenced
nbaGraphics.c(186): warning:  #177-D: variable "lIndex" was declared but never referenced
nbaGraphics.c(187): warning:  #177-D: variable "rIndex" was declared but never referenced
nbaGraphics.c(188): warning:  #177-D: variable "uIndex" was declared but never referenced
nbaGraphics.c(189): warning:  #177-D: variable "bIndex" was declared but never referenced
nbaGraphics.c(377): warning:  #223-D: function "SystemInit" declared implicitly
linking...
Project2.axf: Warning: L6304W: Duplicate input file system_lpc17xx.o ignored.
Program Size: Code=20988 RO-data=7060 RW-data=224 ZI-data=12480  
"Project2.axf" - 0 Error(s), 11 Warning(s).
Load "N:\\MTE241\\Project4\\Project2.AXF" 
Erase Done.
Programming Done.
Verify OK.
Build target 'Target 1'
compiling nbaGraphics.c...
nbaGraphics.c(199): warning:  #9-D: nested comment is not allowed
nbaGraphics.c(244): warning:  #9-D: nested comment is not allowed
nbaGraphics.c(182): warning:  #177-D: variable "i" was declared but never referenced
nbaGraphics.c(183): warning:  #177-D: variable "j" was declared but never referenced
nbaGraphics.c(184): warning:  #177-D: variable "temp" was declared but never referenced
nbaGraphics.c(185): warning:  #177-D: variable "lIndex" was declared but never referenced
nbaGraphics.c(186): warning:  #177-D: variable "rIndex" was declared but never referenced
nbaGraphics.c(187): warning:  #177-D: variable "uIndex" was declared but never referenced
nbaGraphics.c(188): warning:  #177-D: variable "bIndex" was declared but never referenced
nbaGraphics.c(376): warning:  #223-D: function "SystemInit" declared implicitly
linking...
Project2.axf: Warning: L6304W: Duplicate input file system_lpc17xx.o ignored.
Program Size: Code=20988 RO-data=7060 RW-data=224 ZI-data=12480  
"Project2.axf" - 0 Error(s), 11 Warning(s).
Load "N:\\MTE241\\Project4\\Project2.AXF" 
Erase Done.
Programming Done.
Verify OK.
compiling nbaGraphics.c...
nbaGraphics.c(199): warning:  #9-D: nested comment is not allowed
nbaGraphics.c(244): warning:  #9-D: nested comment is not allowed
nbaGraphics.c(182): warning:  #177-D: variable "i" was declared but never referenced
nbaGraphics.c(183): warning:  #177-D: variable "j" was declared but never referenced
nbaGraphics.c(184): warning:  #177-D: variable "temp" was declared but never referenced
nbaGraphics.c(185): warning:  #177-D: variable "lIndex" was declared but never referenced
nbaGraphics.c(186): warning:  #177-D: variable "rIndex" was declared but never referenced
nbaGraphics.c(187): warning:  #177-D: variable "uIndex" was declared but never referenced
nbaGraphics.c(188): warning:  #177-D: variable "bIndex" was declared but never referenced
nbaGraphics.c(376): warning:  #223-D: function "SystemInit" declared implicitly
nbaGraphics.c - 0 Error(s), 10 Warning(s).
Build target 'Target 1'
linking...
Project2.axf: Warning: L6304W: Duplicate input file system_lpc17xx.o ignored.
Program Size: Code=20960 RO-data=7064 RW-data=224 ZI-data=12480  
"Project2.axf" - 0 Error(s), 1 Warning(s).
Build target 'Target 1'
linking...
Project2.axf: Warning: L6304W: Duplicate input file system_lpc17xx.o ignored.
Program Size: Code=20960 RO-data=7064 RW-data=224 ZI-data=12480  
"Project2.axf" - 0 Error(s), 1 Warning(s).
Load "N:\\MTE241\\Project4\\Project2.AXF" 
Erase Done.
Programming Done.
Verify OK.
Build target 'Target 1'
compiling nbaGraphics.c...
nbaGraphics.c(199): warning:  #9-D: nested comment is not allowed
nbaGraphics.c(244): warning:  #9-D: nested comment is not allowed
nbaGraphics.c(182): warning:  #177-D: variable "i" was declared but never referenced
nbaGraphics.c(183): warning:  #177-D: variable "j" was declared but never referenced
nbaGraphics.c(184): warning:  #177-D: variable "temp" was declared but never referenced
nbaGraphics.c(185): warning:  #177-D: variable "lIndex" was declared but never referenced
nbaGraphics.c(186): warning:  #177-D: variable "rIndex" was declared but never referenced
nbaGraphics.c(187): warning:  #177-D: variable "uIndex" was declared but never referenced
nbaGraphics.c(188): warning:  #177-D: variable "bIndex" was declared but never referenced
nbaGraphics.c(376): warning:  #223-D: function "SystemInit" declared implicitly
linking...
Project2.axf: Warning: L6304W: Duplicate input file system_lpc17xx.o ignored.
Program Size: Code=20960 RO-data=7064 RW-data=224 ZI-data=12480  
"Project2.axf" - 0 Error(s), 11 Warning(s).
Load "N:\\MTE241\\Project4\\Project2.AXF" 
Erase Done.
Programming Done.
Verify OK.
Build target 'Target 1'
compiling nbaGraphics.c...
nbaGraphics.c(199): warning:  #9-D: nested comment is not allowed
nbaGraphics.c(244): warning:  #9-D: nested comment is not allowed
nbaGraphics.c(182): warning:  #177-D: variable "i" was declared but never referenced
nbaGraphics.c(183): warning:  #177-D: variable "j" was declared but never referenced
nbaGraphics.c(184): warning:  #177-D: variable "temp" was declared but never referenced
nbaGraphics.c(185): warning:  #177-D: variable "lIndex" was declared but never referenced
nbaGraphics.c(186): warning:  #177-D: variable "rIndex" was declared but never referenced
nbaGraphics.c(187): warning:  #177-D: variable "uIndex" was declared but never referenced
nbaGraphics.c(188): warning:  #177-D: variable "bIndex" was declared but never referenced
nbaGraphics.c(376): warning:  #223-D: function "SystemInit" declared implicitly
linking...
Project2.axf: Warning: L6304W: Duplicate input file system_lpc17xx.o ignored.
Program Size: Code=20960 RO-data=7064 RW-data=224 ZI-data=12480  
"Project2.axf" - 0 Error(s), 11 Warning(s).
Load "N:\\MTE241\\Project4\\Project2.AXF" 
Erase Done.
Programming Done.
Verify OK.
Build target 'Target 1'
compiling nbaGraphics.c...
nbaGraphics.c(199): warning:  #9-D: nested comment is not allowed
nbaGraphics.c(244): warning:  #9-D: nested comment is not allowed
nbaGraphics.c(182): warning:  #177-D: variable "i" was declared but never referenced
nbaGraphics.c(183): warning:  #177-D: variable "j" was declared but never referenced
nbaGraphics.c(184): warning:  #177-D: variable "temp" was declared but never referenced
nbaGraphics.c(185): warning:  #177-D: variable "lIndex" was declared but never referenced
nbaGraphics.c(186): warning:  #177-D: variable "rIndex" was declared but never referenced
nbaGraphics.c(187): warning:  #177-D: variable "uIndex" was declared but never referenced
nbaGraphics.c(188): warning:  #177-D: variable "bIndex" was declared but never referenced
nbaGraphics.c(376): warning:  #223-D: function "SystemInit" declared implicitly
linking...
Project2.axf: Warning: L6304W: Duplicate input file system_lpc17xx.o ignored.
Program Size: Code=21008 RO-data=7064 RW-data=224 ZI-data=12480  
"Project2.axf" - 0 Error(s), 11 Warning(s).
Build target 'Target 1'
compiling nbaGraphics.c...
nbaGraphics.c(199): warning:  #9-D: nested comment is not allowed
nbaGraphics.c(244): warning:  #9-D: nested comment is not allowed
nbaGraphics.c(182): warning:  #177-D: variable "i" was declared but never referenced
nbaGraphics.c(183): warning:  #177-D: variable "j" was declared but never referenced
nbaGraphics.c(184): warning:  #177-D: variable "temp" was declared but never referenced
nbaGraphics.c(185): warning:  #177-D: variable "lIndex" was declared but never referenced
nbaGraphics.c(186): warning:  #177-D: variable "rIndex" was declared but never referenced
nbaGraphics.c(187): warning:  #177-D: variable "uIndex" was declared but never referenced
nbaGraphics.c(188): warning:  #177-D: variable "bIndex" was declared but never referenced
nbaGraphics.c(470): warning:  #223-D: function "SystemInit" declared implicitly
linking...
Project2.axf: Warning: L6304W: Duplicate input file system_lpc17xx.o ignored.
Program Size: Code=21276 RO-data=7060 RW-data=224 ZI-data=12480  
"Project2.axf" - 0 Error(s), 11 Warning(s).
Load "N:\\MTE241\\Project4\\Project2.AXF" 
Erase Done.
Programming Done.
Verify OK.
Load "N:\\MTE241\\Project4\\Project2.AXF" 
Erase Done.
Programming Done.
Verify OK.
Build target 'Target 1'
compiling nbaGraphics.c...
nbaGraphics.c(199): warning:  #9-D: nested comment is not allowed
nbaGraphics.c(244): warning:  #9-D: nested comment is not allowed
nbaGraphics.c(182): warning:  #177-D: variable "i" was declared but never referenced
nbaGraphics.c(183): warning:  #177-D: variable "j" was declared but never referenced
nbaGraphics.c(184): warning:  #177-D: variable "temp" was declared but never referenced
nbaGraphics.c(185): warning:  #177-D: variable "lIndex" was declared but never referenced
nbaGraphics.c(186): warning:  #177-D: variable "rIndex" was declared but never referenced
nbaGraphics.c(187): warning:  #177-D: variable "uIndex" was declared but never referenced
nbaGraphics.c(188): warning:  #177-D: variable "bIndex" was declared but never referenced
nbaGraphics.c(470): warning:  #223-D: function "SystemInit" declared implicitly
linking...
Project2.axf: Warning: L6304W: Duplicate input file system_lpc17xx.o ignored.
Program Size: Code=21252 RO-data=7060 RW-data=224 ZI-data=12480  
"Project2.axf" - 0 Error(s), 11 Warning(s).
Load "N:\\MTE241\\Project4\\Project2.AXF" 
Erase Done.
Programming Done.
Verify OK.
Rebuild target 'Target 1'
compiling system_LPC17xx.c...
compiling system_LPC17xx.c...
assembling startup_LPC17xx.s...
compiling RTX_config.c...
compiling uart.c...
compiling Retarget.c...
compiling GLCD_SPI_LPC1700.c...
compiling nba3PointChallengeMain.c...
nba3PointChallengeMain.c(396): warning:  #223-D: function "clearScreen" declared implicitly
compiling IOControls.c...
IOControls.c(11): warning:  #61-D: integer operation result is out of range
IOControls.c(11): warning:  #68-D: integer conversion resulted in a change of sign
IOControls.c(17): warning:  #61-D: integer operation result is out of range
IOControls.c(17): warning:  #68-D: integer conversion resulted in a change of sign
IOControls.c(33): warning:  #61-D: integer operation result is out of range
IOControls.c(33): warning:  #68-D: integer conversion resulted in a change of sign
compiling nbaGraphics.c...
nbaGraphics.c(199): warning:  #9-D: nested comment is not allowed
nbaGraphics.c(244): warning:  #9-D: nested comment is not allowed
nbaGraphics.c(182): warning:  #177-D: variable "i" was declared but never referenced
nbaGraphics.c(183): warning:  #177-D: variable "j" was declared but never referenced
nbaGraphics.c(184): warning:  #177-D: variable "temp" was declared but never referenced
nbaGraphics.c(185): warning:  #177-D: variable "lIndex" was declared but never referenced
nbaGraphics.c(186): warning:  #177-D: variable "rIndex" was declared but never referenced
nbaGraphics.c(187): warning:  #177-D: variable "uIndex" was declared but never referenced
nbaGraphics.c(188): warning:  #177-D: variable "bIndex" was declared but never referenced
nbaGraphics.c(470): warning:  #223-D: function "SystemInit" declared implicitly
linking...
Project2.axf: Warning: L6304W: Duplicate input file system_lpc17xx.o ignored.
Program Size: Code=21252 RO-data=7060 RW-data=224 ZI-data=12480  
"Project2.axf" - 0 Error(s), 18 Warning(s).
Build target 'Target 1'
linking...
Project2.axf: Warning: L6304W: Duplicate input file system_lpc17xx.o ignored.
Program Size: Code=21252 RO-data=7060 RW-data=224 ZI-data=12480  
"Project2.axf" - 0 Error(s), 1 Warning(s).
Load "N:\\MTE241\\Project4\\Project2.AXF" 
Erase Done.
Programming Done.
Verify OK.
Build target 'Target 1'
compiling nbaGraphics.c...
nbaGraphics.c(199): warning:  #9-D: nested comment is not allowed
nbaGraphics.c(244): warning:  #9-D: nested comment is not allowed
nbaGraphics.c(182): warning:  #177-D: variable "i" was declared but never referenced
nbaGraphics.c(183): warning:  #177-D: variable "j" was declared but never referenced
nbaGraphics.c(184): warning:  #177-D: variable "temp" was declared but never referenced
nbaGraphics.c(185): warning:  #177-D: variable "lIndex" was declared but never referenced
nbaGraphics.c(186): warning:  #177-D: variable "rIndex" was declared but never referenced
nbaGraphics.c(187): warning:  #177-D: variable "uIndex" was declared but never referenced
nbaGraphics.c(188): warning:  #177-D: variable "bIndex" was declared but never referenced
nbaGraphics.c(278): warning:  #550-D: variable "buf4" was set but never used
nbaGraphics.c(279): warning:  #177-D: variable "buf5" was declared but never referenced
nbaGraphics.c(280): warning:  #177-D: variable "buf3" was declared but never referenced
nbaGraphics.c(378): error:  #40: expected an identifier
nbaGraphics.c(378): warning:  #77-D: this declaration has no storage class or type specifier
nbaGraphics.c(378): error:  #92: identifier-list parameters may only be used in a function definition
nbaGraphics.c(378): error:  #147-D: declaration is incompatible with "int sprintf(char *restrict, const char *restrict, ...)" (declared at line 380 of "c:\Software\Keil\ARM\ARMCC\bin\..\include\stdio.h")
nbaGraphics.c(380): error:  #79: expected a type specifier
nbaGraphics.c(380): error:  #79: expected a type specifier
nbaGraphics.c(380): error:  #79: expected a type specifier
nbaGraphics.c(380): error:  #79: expected a type specifier
nbaGraphics.c(380): warning:  #77-D: this declaration has no storage class or type specifier
nbaGraphics.c(380): error:  #147: declaration is incompatible with "void GLCD_DisplayString(unsigned int, unsigned int, unsigned char, unsigned char *)" (declared at line 50 of "GLCD.h")
nbaGraphics.c(381): error:  #79: expected a type specifier
nbaGraphics.c(381): error:  #79: expected a type specifier
nbaGraphics.c(381): error:  #79: expected a type specifier
nbaGraphics.c(381): error:  #20: identifier "buf4" is undefined
nbaGraphics.c(381): error:  #94-D: the size of an array must be greater than zero
nbaGraphics.c(381): warning:  #77-D: this declaration has no storage class or type specifier
nbaGraphics.c(381): error:  #147: declaration is incompatible with "void GLCD_DisplayChar(unsigned int, unsigned int, unsigned char, unsigned char)" (declared at line 49 of "GLCD.h")
nbaGraphics.c(383): error:  #79: expected a type specifier
nbaGraphics.c(383): error:  #79: expected a type specifier
nbaGraphics.c(383): error:  #79: expected a type specifier
nbaGraphics.c(383): error:  #20: identifier "buf4" is undefined
nbaGraphics.c(383): warning:  #77-D: this declaration has no storage class or type specifier
nbaGraphics.c(385): error:  #79: expected a type specifier
nbaGraphics.c(385): error:  #79: expected a type specifier
nbaGraphics.c(385): error:  #79: expected a type specifier
nbaGraphics.c(385): error:  #20: identifier "buf4" is undefined
nbaGraphics.c(385): warning:  #77-D: this declaration has no storage class or type specifier
nbaGraphics.c(388): error:  #79: expected a type specifier
nbaGraphics.c(388): error:  #79: expected a type specifier
nbaGraphics.c(388): error:  #79: expected a type specifier
nbaGraphics.c(388): error:  #79: expected a type specifier
nbaGraphics.c(388): warning:  #77-D: this declaration has no storage class or type specifier
nbaGraphics.c(389): error:  #79: expected a type specifier
nbaGraphics.c(389): error:  #79: expected a type specifier
nbaGraphics.c(389): error:  #79: expected a type specifier
nbaGraphics.c(389): error:  #20: identifier "buf5" is undefined
Target not created
Build target 'Target 1'
compiling nbaGraphics.c...
nbaGraphics.c(199): warning:  #9-D: nested comment is not allowed
nbaGraphics.c(244): warning:  #9-D: nested comment is not allowed
nbaGraphics.c(182): warning:  #177-D: variable "i" was declared but never referenced
nbaGraphics.c(183): warning:  #177-D: variable "j" was declared but never referenced
nbaGraphics.c(184): warning:  #177-D: variable "temp" was declared but never referenced
nbaGraphics.c(185): warning:  #177-D: variable "lIndex" was declared but never referenced
nbaGraphics.c(186): warning:  #177-D: variable "rIndex" was declared but never referenced
nbaGraphics.c(187): warning:  #177-D: variable "uIndex" was declared but never referenced
nbaGraphics.c(188): warning:  #177-D: variable "bIndex" was declared but never referenced
nbaGraphics.c(276): warning:  #177-D: variable "i" was declared but never referenced
nbaGraphics.c(277): warning:  #177-D: variable "value" was declared but never referenced
nbaGraphics.c(470): warning:  #223-D: function "SystemInit" declared implicitly
linking...
Project2.axf: Warning: L6304W: Duplicate input file system_lpc17xx.o ignored.
Program Size: Code=20916 RO-data=7060 RW-data=224 ZI-data=12480  
"Project2.axf" - 0 Error(s), 13 Warning(s).
Build target 'Target 1'
compiling nbaGraphics.c...
nbaGraphics.c(199): warning:  #9-D: nested comment is not allowed
nbaGraphics.c(244): warning:  #9-D: nested comment is not allowed
nbaGraphics.c(182): warning:  #177-D: variable "i" was declared but never referenced
nbaGraphics.c(183): warning:  #177-D: variable "j" was declared but never referenced
nbaGraphics.c(184): warning:  #177-D: variable "temp" was declared but never referenced
nbaGraphics.c(185): warning:  #177-D: variable "lIndex" was declared but never referenced
nbaGraphics.c(186): warning:  #177-D: variable "rIndex" was declared but never referenced
nbaGraphics.c(187): warning:  #177-D: variable "uIndex" was declared but never referenced
nbaGraphics.c(188): warning:  #177-D: variable "bIndex" was declared but never referenced
nbaGraphics.c(276): warning:  #177-D: variable "i" was declared but never referenced
nbaGraphics.c(277): warning:  #177-D: variable "value" was declared but never referenced
nbaGraphics.c(470): warning:  #223-D: function "SystemInit" declared implicitly
linking...
Project2.axf: Warning: L6304W: Duplicate input file system_lpc17xx.o ignored.
Program Size: Code=20928 RO-data=7064 RW-data=224 ZI-data=12480  
"Project2.axf" - 0 Error(s), 13 Warning(s).
Load "N:\\MTE241\\Project4\\Project2.AXF" 
Erase Done.
Programming Done.
Verify OK.
Build target 'Target 1'
compiling nbaGraphics.c...
nbaGraphics.c(199): warning:  #9-D: nested comment is not allowed
nbaGraphics.c(244): warning:  #9-D: nested comment is not allowed
nbaGraphics.c(182): warning:  #177-D: variable "i" was declared but never referenced
nbaGraphics.c(183): warning:  #177-D: variable "j" was declared but never referenced
nbaGraphics.c(184): warning:  #177-D: variable "temp" was declared but never referenced
nbaGraphics.c(185): warning:  #177-D: variable "lIndex" was declared but never referenced
nbaGraphics.c(186): warning:  #177-D: variable "rIndex" was declared but never referenced
nbaGraphics.c(187): warning:  #177-D: variable "uIndex" was declared but never referenced
nbaGraphics.c(188): warning:  #177-D: variable "bIndex" was declared but never referenced
nbaGraphics.c(276): warning:  #177-D: variable "i" was declared but never referenced
nbaGraphics.c(277): warning:  #177-D: variable "value" was declared but never referenced
nbaGraphics.c(470): warning:  #223-D: function "SystemInit" declared implicitly
linking...
Project2.axf: Warning: L6304W: Duplicate input file system_lpc17xx.o ignored.
Program Size: Code=20936 RO-data=7064 RW-data=224 ZI-data=12480  
"Project2.axf" - 0 Error(s), 13 Warning(s).
Build target 'Target 1'
linking...
Project2.axf: Warning: L6304W: Duplicate input file system_lpc17xx.o ignored.
Program Size: Code=20936 RO-data=7064 RW-data=224 ZI-data=12480  
"Project2.axf" - 0 Error(s), 1 Warning(s).
Load "N:\\MTE241\\Project4\\Project2.AXF" 
Erase Done.
Programming Done.
Verify OK.
