<html>
<body>
<pre>
<h1>µVision Build Log</h1>
<h2>Project:</h2>
N:\MTE241\Project4\Project2.uvproj
Project File Date:  07/04/2018

<h2>Output:</h2>
compiling nba3PointChallengeMain.c...
IOControls.h(9): warning:  #1-D: last line of file ends without a newline
nba3PointChallengeMain.c(92): warning:  #9-D: nested comment is not allowed
nba3PointChallengeMain.c - 0 Error(s), 2 Warning(s).
compiling nba3PointChallengeMain.c...
IOControls.h(9): warning:  #1-D: last line of file ends without a newline
nba3PointChallengeMain.c(92): warning:  #9-D: nested comment is not allowed
nba3PointChallengeMain.c - 0 Error(s), 2 Warning(s).
Load "N:\\MTE241\\Project4\\Project2.AXF" 
Erase Done.
Programming Done.
Verify OK.
Build target 'Target 1'
compiling system_LPC17xx.c...
compiling nba3PointChallengeMain.c...
IOControls.h(9): warning:  #1-D: last line of file ends without a newline
nba3PointChallengeMain.c(92): warning:  #9-D: nested comment is not allowed
nba3PointChallengeMain.c(398): warning:  #111-D: statement is unreachable
compiling IOControls.c...
IOControls.h(9): warning:  #1-D: last line of file ends without a newline
IOControls.c(75): warning:  #1-D: last line of file ends without a newline
linking...
Project2.axf: Warning: L6304W: Duplicate input file system_lpc17xx.o ignored.
Program Size: Code=6236 RO-data=276 RW-data=116 ZI-data=12436  
"Project2.axf" - 0 Error(s), 6 Warning(s).
compiling nba3PointChallengeMain.c...
IOControls.h(9): warning:  #1-D: last line of file ends without a newline
nba3PointChallengeMain.c(92): warning:  #9-D: nested comment is not allowed
nba3PointChallengeMain.c(398): warning:  #111-D: statement is unreachable
nba3PointChallengeMain.c - 0 Error(s), 3 Warning(s).
Load "N:\\MTE241\\Project4\\Project2.AXF" 
Erase Done.
Programming Done.
Verify OK.
compiling nba3PointChallengeMain.c...
IOControls.h(9): warning:  #1-D: last line of file ends without a newline
nba3PointChallengeMain.c(92): warning:  #9-D: nested comment is not allowed
nba3PointChallengeMain.c(310): error:  #20: identifier "taskl" is undefined
nba3PointChallengeMain.c(402): warning:  #111-D: statement is unreachable
nba3PointChallengeMain.c - 1 Error(s), 3 Warning(s).
compiling nba3PointChallengeMain.c...
IOControls.h(9): warning:  #1-D: last line of file ends without a newline
nba3PointChallengeMain.c(92): warning:  #9-D: nested comment is not allowed
nba3PointChallengeMain.c(402): warning:  #111-D: statement is unreachable
nba3PointChallengeMain.c - 0 Error(s), 3 Warning(s).
compiling nba3PointChallengeMain.c...
IOControls.h(9): warning:  #1-D: last line of file ends without a newline
nba3PointChallengeMain.c(92): warning:  #9-D: nested comment is not allowed
nba3PointChallengeMain.c(387): error:  #169: expected a declaration
nba3PointChallengeMain.c(390): error:  #169: expected a declaration
nba3PointChallengeMain.c(392): warning: At end of source:  #12-D: parsing restarts here after previous syntax error
nba3PointChallengeMain.c - 2 Error(s), 3 Warning(s).
compiling nba3PointChallengeMain.c...
IOControls.h(9): warning:  #1-D: last line of file ends without a newline
nba3PointChallengeMain.c(92): warning:  #9-D: nested comment is not allowed
nba3PointChallengeMain.c - 0 Error(s), 2 Warning(s).
Rebuild target 'Target 1'
compiling system_LPC17xx.c...
compiling system_LPC17xx.c...
assembling startup_LPC17xx.s...
compiling RTX_config.c...
compiling uart.c...
compiling Retarget.c...
compiling GLCD_SPI_LPC1700.c...
compiling nba3PointChallengeMain.c...
IOControls.h(9): warning:  #1-D: last line of file ends without a newline
nba3PointChallengeMain.c(92): warning:  #9-D: nested comment is not allowed
compiling IOControls.c...
IOControls.h(9): warning:  #1-D: last line of file ends without a newline
IOControls.c(75): warning:  #1-D: last line of file ends without a newline
linking...
Project2.axf: Warning: L6304W: Duplicate input file system_lpc17xx.o ignored.
Program Size: Code=7012 RO-data=276 RW-data=124 ZI-data=12484  
"Project2.axf" - 0 Error(s), 5 Warning(s).
Load "N:\\MTE241\\Project4\\Project2.AXF" 
Erase Done.
Programming Done.
Verify OK.
compiling IOControls.c...
IOControls.h(9): warning:  #1-D: last line of file ends without a newline
IOControls.c(75): warning:  #1-D: last line of file ends without a newline
IOControls.c - 0 Error(s), 2 Warning(s).
Load "N:\\MTE241\\Project4\\Project2.AXF" 
Erase Done.
Programming Done.
Verify OK.
Build target 'Target 1'
compiling nba3PointChallengeMain.c...
IOControls.h(9): warning:  #1-D: last line of file ends without a newline
nba3PointChallengeMain.c(92): warning:  #9-D: nested comment is not allowed
compiling IOControls.c...
IOControls.h(9): warning:  #1-D: last line of file ends without a newline
IOControls.c(75): warning:  #1-D: last line of file ends without a newline
linking...
Project2.axf: Warning: L6304W: Duplicate input file system_lpc17xx.o ignored.
Program Size: Code=6912 RO-data=276 RW-data=124 ZI-data=12484  
"Project2.axf" - 0 Error(s), 5 Warning(s).
compiling IOControls.c...
IOControls.h(9): warning:  #1-D: last line of file ends without a newline
IOControls.c(75): warning:  #1-D: last line of file ends without a newline
IOControls.c - 0 Error(s), 2 Warning(s).
Load "N:\\MTE241\\Project4\\Project2.AXF" 
Erase Done.
Programming Done.
Verify OK.
compiling IOControls.c...
IOControls.h(9): warning:  #1-D: last line of file ends without a newline
IOControls.c(14): error:  #268: declaration may not appear after executable statement in block
IOControls.c(19): error:  #29: expected an expression
IOControls.c(48): error:  #268: declaration may not appear after executable statement in block
IOControls.c(67): error:  #268: declaration may not appear after executable statement in block
IOControls.c(72): warning:  #1-D: last line of file ends without a newline
IOControls.c - 4 Error(s), 2 Warning(s).
compiling IOControls.c...
IOControls.h(9): warning:  #1-D: last line of file ends without a newline
IOControls.c(73): warning:  #1-D: last line of file ends without a newline
IOControls.c - 0 Error(s), 2 Warning(s).
Rebuild target 'Target 1'
compiling system_LPC17xx.c...
compiling system_LPC17xx.c...
assembling startup_LPC17xx.s...
compiling RTX_config.c...
compiling uart.c...
compiling Retarget.c...
compiling GLCD_SPI_LPC1700.c...
compiling nba3PointChallengeMain.c...
IOControls.h(9): warning:  #1-D: last line of file ends without a newline
nba3PointChallengeMain.c(92): warning:  #9-D: nested comment is not allowed
compiling IOControls.c...
IOControls.h(9): warning:  #1-D: last line of file ends without a newline
IOControls.c(73): warning:  #1-D: last line of file ends without a newline
linking...
Project2.axf: Warning: L6304W: Duplicate input file system_lpc17xx.o ignored.
Program Size: Code=6864 RO-data=276 RW-data=124 ZI-data=12484  
"Project2.axf" - 0 Error(s), 5 Warning(s).
Load "N:\\MTE241\\Project4\\Project2.AXF" 
Erase Done.
Programming Done.
Verify OK.
compiling IOControls.c...
IOControls.h(9): warning:  #1-D: last line of file ends without a newline
IOControls.c(73): warning:  #1-D: last line of file ends without a newline
IOControls.c - 0 Error(s), 2 Warning(s).
compiling IOControls.c...
IOControls.h(9): warning:  #1-D: last line of file ends without a newline
IOControls.c(78): warning:  #1-D: last line of file ends without a newline
IOControls.c - 0 Error(s), 2 Warning(s).
Load "N:\\MTE241\\Project4\\Project2.AXF" 
Erase Done.
Programming Done.
Verify OK.
compiling nba3PointChallengeMain.c...
IOControls.h(9): warning:  #1-D: last line of file ends without a newline
nba3PointChallengeMain.c(92): warning:  #9-D: nested comment is not allowed
nba3PointChallengeMain.c(356): warning:  #223-D: function "initIOControl" declared implicitly
nba3PointChallengeMain.c - 0 Error(s), 3 Warning(s).
Load "N:\\MTE241\\Project4\\Project2.AXF" 
Erase Done.
Programming Done.
Verify OK.
compiling nba3PointChallengeMain.c...
IOControls.h(9): warning:  #1-D: last line of file ends without a newline
nba3PointChallengeMain.c(92): warning:  #9-D: nested comment is not allowed
nba3PointChallengeMain.c(356): warning:  #223-D: function "initIOControl" declared implicitly
nba3PointChallengeMain.c - 0 Error(s), 3 Warning(s).
Load "N:\\MTE241\\Project4\\Project2.AXF" 
Erase Done.
Programming Done.
Verify OK.
compiling nba3PointChallengeMain.c...
IOControls.h(9): warning:  #1-D: last line of file ends without a newline
nba3PointChallengeMain.c(92): warning:  #9-D: nested comment is not allowed
nba3PointChallengeMain.c - 0 Error(s), 2 Warning(s).
Load "N:\\MTE241\\Project4\\Project2.AXF" 
Erase Done.
Programming Done.
Verify OK.
compiling IOControls.c...
IOControls.h(9): warning:  #1-D: last line of file ends without a newline
IOControls.c(69): warning:  #1-D: last line of file ends without a newline
IOControls.c - 0 Error(s), 2 Warning(s).
Load "N:\\MTE241\\Project4\\Project2.AXF" 
Erase Done.
Programming Done.
Verify OK.
compiling nba3PointChallengeMain.c...
IOControls.h(9): warning:  #1-D: last line of file ends without a newline
nba3PointChallengeMain.c(92): warning:  #9-D: nested comment is not allowed
nba3PointChallengeMain.c - 0 Error(s), 2 Warning(s).
Load "N:\\MTE241\\Project4\\Project2.AXF" 
Erase Done.
Programming Done.
Verify OK.
Build target 'Target 1'
linking...
Project2.axf: Warning: L6304W: Duplicate input file system_lpc17xx.o ignored.
Program Size: Code=7024 RO-data=276 RW-data=124 ZI-data=12484  
"Project2.axf" - 0 Error(s), 1 Warning(s).
compiling nba3PointChallengeMain.c...
IOControls.h(9): warning:  #1-D: last line of file ends without a newline
nba3PointChallengeMain.c(92): warning:  #9-D: nested comment is not allowed
nba3PointChallengeMain.c - 0 Error(s), 2 Warning(s).
Rebuild target 'Target 1'
compiling system_LPC17xx.c...
compiling system_LPC17xx.c...
assembling startup_LPC17xx.s...
compiling RTX_config.c...
compiling uart.c...
compiling Retarget.c...
compiling GLCD_SPI_LPC1700.c...
compiling nba3PointChallengeMain.c...
IOControls.h(9): warning:  #1-D: last line of file ends without a newline
nba3PointChallengeMain.c(92): warning:  #9-D: nested comment is not allowed
compiling IOControls.c...
IOControls.h(9): warning:  #1-D: last line of file ends without a newline
IOControls.c(69): warning:  #1-D: last line of file ends without a newline
linking...
Project2.axf: Warning: L6304W: Duplicate input file system_lpc17xx.o ignored.
Program Size: Code=7024 RO-data=276 RW-data=124 ZI-data=12484  
"Project2.axf" - 0 Error(s), 5 Warning(s).
Load "N:\\MTE241\\Project4\\Project2.AXF" 
Erase Done.
Programming Done.
Verify OK.
Rebuild target 'Target 1'
compiling system_LPC17xx.c...
compiling system_LPC17xx.c...
assembling startup_LPC17xx.s...
compiling RTX_config.c...
compiling uart.c...
compiling Retarget.c...
compiling GLCD_SPI_LPC1700.c...
compiling nba3PointChallengeMain.c...
IOControls.h(9): warning:  #1-D: last line of file ends without a newline
nba3PointChallengeMain.c(92): warning:  #9-D: nested comment is not allowed
compiling IOControls.c...
IOControls.h(9): warning:  #1-D: last line of file ends without a newline
IOControls.c(71): warning:  #1-D: last line of file ends without a newline
linking...
Project2.axf: Warning: L6304W: Duplicate input file system_lpc17xx.o ignored.
Program Size: Code=7052 RO-data=276 RW-data=124 ZI-data=12484  
"Project2.axf" - 0 Error(s), 5 Warning(s).
compiling IOControls.c...
IOControls.h(9): warning:  #1-D: last line of file ends without a newline
IOControls.c(71): warning:  #1-D: last line of file ends without a newline
IOControls.c - 0 Error(s), 2 Warning(s).
Load "N:\\MTE241\\Project4\\Project2.AXF" 
Erase Done.
Programming Done.
Verify OK.
Load "N:\\MTE241\\Project4\\Project2.AXF" 
Erase Done.
Programming Done.
Verify OK.
Build target 'Target 1'
linking...
Project2.axf: Warning: L6304W: Duplicate input file system_lpc17xx.o ignored.
Program Size: Code=7052 RO-data=276 RW-data=124 ZI-data=12484  
"Project2.axf" - 0 Error(s), 1 Warning(s).
Rebuild target 'Target 1'
compiling system_LPC17xx.c...
compiling system_LPC17xx.c...
assembling startup_LPC17xx.s...
compiling RTX_config.c...
compiling uart.c...
compiling Retarget.c...
compiling GLCD_SPI_LPC1700.c...
compiling nba3PointChallengeMain.c...
IOControls.h(9): warning:  #1-D: last line of file ends without a newline
nba3PointChallengeMain.c(92): warning:  #9-D: nested comment is not allowed
compiling IOControls.c...
IOControls.h(9): warning:  #1-D: last line of file ends without a newline
IOControls.c(71): warning:  #1-D: last line of file ends without a newline
linking...
Project2.axf: Warning: L6304W: Duplicate input file system_lpc17xx.o ignored.
Program Size: Code=7052 RO-data=276 RW-data=124 ZI-data=12484  
"Project2.axf" - 0 Error(s), 5 Warning(s).
compiling IOControls.c...
IOControls.h(9): warning:  #1-D: last line of file ends without a newline
IOControls.c(71): warning:  #1-D: last line of file ends without a newline
IOControls.c - 0 Error(s), 2 Warning(s).
compiling IOControls.c...
IOControls.h(9): warning:  #1-D: last line of file ends without a newline
IOControls.c(71): warning:  #1-D: last line of file ends without a newline
IOControls.c - 0 Error(s), 2 Warning(s).
Build target 'Target 1'
linking...
Project2.axf: Warning: L6304W: Duplicate input file system_lpc17xx.o ignored.
Program Size: Code=7052 RO-data=276 RW-data=124 ZI-data=12484  
"Project2.axf" - 0 Error(s), 1 Warning(s).
Rebuild target 'Target 1'
compiling system_LPC17xx.c...
compiling system_LPC17xx.c...
assembling startup_LPC17xx.s...
compiling RTX_config.c...
compiling uart.c...
compiling Retarget.c...
compiling GLCD_SPI_LPC1700.c...
compiling nba3PointChallengeMain.c...
IOControls.h(9): warning:  #1-D: last line of file ends without a newline
nba3PointChallengeMain.c(92): warning:  #9-D: nested comment is not allowed
compiling IOControls.c...
IOControls.h(9): warning:  #1-D: last line of file ends without a newline
IOControls.c(71): warning:  #1-D: last line of file ends without a newline
linking...
Project2.axf: Warning: L6304W: Duplicate input file system_lpc17xx.o ignored.
Program Size: Code=7052 RO-data=276 RW-data=124 ZI-data=12484  
"Project2.axf" - 0 Error(s), 5 Warning(s).
Load "N:\\MTE241\\Project4\\Project2.AXF" 
Erase Done.
Programming Done.
Verify OK.
Load "N:\\MTE241\\Project4\\Project2.AXF" 
Erase Done.
Programming Done.
Verify OK.
Load "N:\\MTE241\\Project4\\Project2.AXF" 
Erase Done.
Programming Done.
Verify OK.
compiling IOControls.c...
IOControls.h(9): warning:  #1-D: last line of file ends without a newline
IOControls.c(13): warning:  #550-D: variable "XYAngle" was set but never used
IOControls.c(71): warning:  #1-D: last line of file ends without a newline
IOControls.c - 0 Error(s), 3 Warning(s).
Build target 'Target 1'
linking...
Project2.axf: Warning: L6304W: Duplicate input file system_lpc17xx.o ignored.
Program Size: Code=7024 RO-data=276 RW-data=124 ZI-data=12484  
"Project2.axf" - 0 Error(s), 1 Warning(s).
Rebuild target 'Target 1'
compiling system_LPC17xx.c...
compiling system_LPC17xx.c...
assembling startup_LPC17xx.s...
compiling RTX_config.c...
compiling uart.c...
compiling Retarget.c...
compiling GLCD_SPI_LPC1700.c...
compiling nba3PointChallengeMain.c...
IOControls.h(9): warning:  #1-D: last line of file ends without a newline
nba3PointChallengeMain.c(92): warning:  #9-D: nested comment is not allowed
compiling IOControls.c...
IOControls.h(9): warning:  #1-D: last line of file ends without a newline
IOControls.c(13): warning:  #550-D: variable "XYAngle" was set but never used
IOControls.c(71): warning:  #1-D: last line of file ends without a newline
linking...
Project2.axf: Warning: L6304W: Duplicate input file system_lpc17xx.o ignored.
Program Size: Code=7024 RO-data=276 RW-data=124 ZI-data=12484  
"Project2.axf" - 0 Error(s), 6 Warning(s).
Load "N:\\MTE241\\Project4\\Project2.AXF" 
Erase Done.
Programming Done.
Verify OK.
Load "N:\\MTE241\\Project4\\Project2.AXF" 
Erase Done.
Programming Done.
Verify OK.
compiling nba3PointChallengeMain.c...
IOControls.h(9): warning:  #1-D: last line of file ends without a newline
nba3PointChallengeMain.c(92): warning:  #9-D: nested comment is not allowed
nba3PointChallengeMain.c - 0 Error(s), 2 Warning(s).
Rebuild target 'Target 1'
compiling system_LPC17xx.c...
compiling system_LPC17xx.c...
assembling startup_LPC17xx.s...
compiling RTX_config.c...
compiling uart.c...
compiling Retarget.c...
compiling GLCD_SPI_LPC1700.c...
compiling nba3PointChallengeMain.c...
IOControls.h(9): warning:  #1-D: last line of file ends without a newline
nba3PointChallengeMain.c(92): warning:  #9-D: nested comment is not allowed
compiling IOControls.c...
IOControls.h(9): warning:  #1-D: last line of file ends without a newline
IOControls.c(13): warning:  #550-D: variable "XYAngle" was set but never used
IOControls.c(71): warning:  #1-D: last line of file ends without a newline
linking...
Project2.axf: Warning: L6304W: Duplicate input file system_lpc17xx.o ignored.
Program Size: Code=6540 RO-data=276 RW-data=124 ZI-data=12484  
"Project2.axf" - 0 Error(s), 6 Warning(s).
Load "N:\\MTE241\\Project4\\Project2.AXF" 
Erase Done.
Programming Done.
Verify OK.
compiling IOControls.c...
IOControls.h(9): warning:  #1-D: last line of file ends without a newline
IOControls.c(71): warning:  #1-D: last line of file ends without a newline
IOControls.c - 0 Error(s), 2 Warning(s).
Load "N:\\MTE241\\Project4\\Project2.AXF" 
Erase Done.
Programming Done.
Verify OK.
Load "N:\\MTE241\\Project4\\Project2.AXF" 
Erase Done.
Programming Done.
Verify OK.
compiling nba3PointChallengeMain.c...
IOControls.h(9): warning:  #1-D: last line of file ends without a newline
nba3PointChallengeMain.c(92): warning:  #9-D: nested comment is not allowed
nba3PointChallengeMain.c - 0 Error(s), 2 Warning(s).
Build target 'Target 1'
linking...
Project2.axf: Warning: L6304W: Duplicate input file system_lpc17xx.o ignored.
Program Size: Code=6936 RO-data=276 RW-data=124 ZI-data=12484  
"Project2.axf" - 0 Error(s), 1 Warning(s).
Rebuild target 'Target 1'
compiling system_LPC17xx.c...
compiling system_LPC17xx.c...
assembling startup_LPC17xx.s...
compiling RTX_config.c...
compiling uart.c...
compiling Retarget.c...
compiling GLCD_SPI_LPC1700.c...
compiling nba3PointChallengeMain.c...
IOControls.h(9): warning:  #1-D: last line of file ends without a newline
nba3PointChallengeMain.c(92): warning:  #9-D: nested comment is not allowed
compiling IOControls.c...
IOControls.h(9): warning:  #1-D: last line of file ends without a newline
IOControls.c(71): warning:  #1-D: last line of file ends without a newline
linking...
Project2.axf: Warning: L6304W: Duplicate input file system_lpc17xx.o ignored.
Program Size: Code=6936 RO-data=276 RW-data=124 ZI-data=12484  
"Project2.axf" - 0 Error(s), 5 Warning(s).
Load "N:\\MTE241\\Project4\\Project2.AXF" 
Erase Done.
Programming Done.
Verify OK.
compiling nba3PointChallengeMain.c...
IOControls.h(9): warning:  #1-D: last line of file ends without a newline
nba3PointChallengeMain.c(92): warning:  #9-D: nested comment is not allowed
nba3PointChallengeMain.c - 0 Error(s), 2 Warning(s).
compiling nba3PointChallengeMain.c...
IOControls.h(9): warning:  #1-D: last line of file ends without a newline
nba3PointChallengeMain.c(92): warning:  #9-D: nested comment is not allowed
nba3PointChallengeMain.c - 0 Error(s), 2 Warning(s).
Load "N:\\MTE241\\Project4\\Project2.AXF" 
Erase Done.
Programming Done.
Verify OK.
compiling nba3PointChallengeMain.c...
IOControls.h(9): warning:  #1-D: last line of file ends without a newline
nba3PointChallengeMain.c(92): warning:  #9-D: nested comment is not allowed
nba3PointChallengeMain.c - 0 Error(s), 2 Warning(s).
Load "N:\\MTE241\\Project4\\Project2.AXF" 
Erase Done.
Programming Done.
Verify OK.
Build target 'Target 1'
compiling IOControls.c...
IOControls.h(9): warning:  #1-D: last line of file ends without a newline
IOControls.c(36): error:  #147: declaration is incompatible with "int checkJoyStick(int)" (declared at line 6 of "IOControls.h")
IOControls.c(68): warning:  #1-D: last line of file ends without a newline
Target not created
compiling IOControls.c...
IOControls.h(9): warning:  #1-D: last line of file ends without a newline
IOControls.c(68): warning:  #1-D: last line of file ends without a newline
IOControls.c - 0 Error(s), 2 Warning(s).
Load "N:\\MTE241\\Project4\\Project2.AXF" 
_____^
*** error 56: cannot open file
Load "N:\\MTE241\\Project4\\Project2.AXF" 
_____^
*** error 56: cannot open file
Build target 'Target 1'
linking...
Project2.axf: Warning: L6304W: Duplicate input file system_lpc17xx.o ignored.
Program Size: Code=6816 RO-data=276 RW-data=128 ZI-data=12480  
"Project2.axf" - 0 Error(s), 1 Warning(s).
Rebuild target 'Target 1'
compiling system_LPC17xx.c...
compiling system_LPC17xx.c...
assembling startup_LPC17xx.s...
compiling RTX_config.c...
compiling uart.c...
compiling Retarget.c...
compiling GLCD_SPI_LPC1700.c...
compiling nba3PointChallengeMain.c...
IOControls.h(9): warning:  #1-D: last line of file ends without a newline
nba3PointChallengeMain.c(92): warning:  #9-D: nested comment is not allowed
compiling IOControls.c...
IOControls.h(9): warning:  #1-D: last line of file ends without a newline
IOControls.c(68): warning:  #1-D: last line of file ends without a newline
linking...
Project2.axf: Warning: L6304W: Duplicate input file system_lpc17xx.o ignored.
Program Size: Code=6816 RO-data=276 RW-data=128 ZI-data=12480  
"Project2.axf" - 0 Error(s), 5 Warning(s).
Load "N:\\MTE241\\Project4\\Project2.AXF" 
Erase Done.
Programming Done.
Verify OK.
compiling IOControls.c...
IOControls.h(9): warning:  #1-D: last line of file ends without a newline
IOControls.c(65): warning:  #1-D: last line of file ends without a newline
IOControls.c - 0 Error(s), 2 Warning(s).
Load "N:\\MTE241\\Project4\\Project2.AXF" 
Erase Done.
Programming Done.
Verify OK.
compiling uart.c...
uart.c - 0 Error(s), 0 Warning(s).
Build target 'Target 1'
compiling nba3PointChallengeMain.c...
IOControls.h(9): warning:  #1-D: last line of file ends without a newline
nba3PointChallengeMain.c(92): warning:  #9-D: nested comment is not allowed
linking...
Project2.axf: Warning: L6304W: Duplicate input file system_lpc17xx.o ignored.
Program Size: Code=7052 RO-data=276 RW-data=128 ZI-data=12480  
"Project2.axf" - 0 Error(s), 3 Warning(s).
Load "N:\\MTE241\\Project4\\Project2.AXF" 
Erase Done.
Programming Done.
Verify OK.
compiling uart.c...
uart.c - 0 Error(s), 0 Warning(s).
Build target 'Target 1'
compiling nba3PointChallengeMain.c...
IOControls.h(9): warning:  #1-D: last line of file ends without a newline
nba3PointChallengeMain.c(92): warning:  #9-D: nested comment is not allowed
nba3PointChallengeMain.c(343): warning:  #181-D: argument is incompatible with corresponding format string conversion
linking...
Project2.axf: Warning: L6304W: Duplicate input file system_lpc17xx.o ignored.
Program Size: Code=9472 RO-data=276 RW-data=128 ZI-data=12480  
"Project2.axf" - 0 Error(s), 4 Warning(s).
Rebuild target 'Target 1'
compiling system_LPC17xx.c...
compiling system_LPC17xx.c...
assembling startup_LPC17xx.s...
compiling RTX_config.c...
compiling uart.c...
compiling Retarget.c...
compiling GLCD_SPI_LPC1700.c...
compiling nba3PointChallengeMain.c...
IOControls.h(9): warning:  #1-D: last line of file ends without a newline
nba3PointChallengeMain.c(92): warning:  #9-D: nested comment is not allowed
nba3PointChallengeMain.c(343): warning:  #181-D: argument is incompatible with corresponding format string conversion
compiling IOControls.c...
IOControls.h(9): warning:  #1-D: last line of file ends without a newline
IOControls.c(65): warning:  #1-D: last line of file ends without a newline
linking...
Project2.axf: Warning: L6304W: Duplicate input file system_lpc17xx.o ignored.
Program Size: Code=9472 RO-data=276 RW-data=128 ZI-data=12480  
"Project2.axf" - 0 Error(s), 6 Warning(s).
Load "N:\\MTE241\\Project4\\Project2.AXF" 
Erase Done.
Programming Done.
Verify OK.
compiling nba3PointChallengeMain.c...
IOControls.h(9): warning:  #1-D: last line of file ends without a newline
nba3PointChallengeMain.c(92): warning:  #9-D: nested comment is not allowed
nba3PointChallengeMain.c(343): warning:  #181-D: argument is incompatible with corresponding format string conversion
nba3PointChallengeMain.c - 0 Error(s), 3 Warning(s).
Build target 'Target 1'
linking...
Project2.axf: Warning: L6304W: Duplicate input file system_lpc17xx.o ignored.
Program Size: Code=9472 RO-data=276 RW-data=104 ZI-data=12512  
"Project2.axf" - 0 Error(s), 1 Warning(s).
Rebuild target 'Target 1'
compiling system_LPC17xx.c...
compiling system_LPC17xx.c...
assembling startup_LPC17xx.s...
compiling RTX_config.c...
compiling uart.c...
compiling Retarget.c...
compiling GLCD_SPI_LPC1700.c...
compiling nba3PointChallengeMain.c...
IOControls.h(9): warning:  #1-D: last line of file ends without a newline
nba3PointChallengeMain.c(92): warning:  #9-D: nested comment is not allowed
nba3PointChallengeMain.c(343): warning:  #181-D: argument is incompatible with corresponding format string conversion
compiling IOControls.c...
IOControls.h(9): warning:  #1-D: last line of file ends without a newline
IOControls.c(65): warning:  #1-D: last line of file ends without a newline
linking...
Project2.axf: Warning: L6304W: Duplicate input file system_lpc17xx.o ignored.
Program Size: Code=9472 RO-data=276 RW-data=104 ZI-data=12512  
"Project2.axf" - 0 Error(s), 6 Warning(s).
Load "N:\\MTE241\\Project4\\Project2.AXF" 
Erase Done.
Programming Done.
Verify OK.
compiling nba3PointChallengeMain.c...
IOControls.h(9): warning:  #1-D: last line of file ends without a newline
nba3PointChallengeMain.c(92): warning:  #9-D: nested comment is not allowed
nba3PointChallengeMain.c(343): warning:  #181-D: argument is incompatible with corresponding format string conversion
nba3PointChallengeMain.c - 0 Error(s), 3 Warning(s).
Load "N:\\MTE241\\Project4\\Project2.AXF" 
Erase Done.
Programming Done.
Verify OK.
compiling nba3PointChallengeMain.c...
IOControls.h(9): warning:  #1-D: last line of file ends without a newline
nba3PointChallengeMain.c(92): warning:  #9-D: nested comment is not allowed
nba3PointChallengeMain.c - 0 Error(s), 2 Warning(s).
Load "N:\\MTE241\\Project4\\Project2.AXF" 
Erase Done.
Programming Done.
Verify OK.
compiling nba3PointChallengeMain.c...
IOControls.h(9): warning:  #1-D: last line of file ends without a newline
nba3PointChallengeMain.c(92): warning:  #9-D: nested comment is not allowed
nba3PointChallengeMain.c - 0 Error(s), 2 Warning(s).
Build target 'Target 1'
linking...
Project2.axf: Warning: L6304W: Duplicate input file system_lpc17xx.o ignored.
Program Size: Code=7040 RO-data=276 RW-data=104 ZI-data=12512  
"Project2.axf" - 0 Error(s), 1 Warning(s).
Rebuild target 'Target 1'
compiling system_LPC17xx.c...
compiling system_LPC17xx.c...
assembling startup_LPC17xx.s...
compiling RTX_config.c...
compiling uart.c...
compiling Retarget.c...
compiling GLCD_SPI_LPC1700.c...
compiling nba3PointChallengeMain.c...
IOControls.h(9): warning:  #1-D: last line of file ends without a newline
nba3PointChallengeMain.c(92): warning:  #9-D: nested comment is not allowed
compiling IOControls.c...
IOControls.h(9): warning:  #1-D: last line of file ends without a newline
IOControls.c(65): warning:  #1-D: last line of file ends without a newline
linking...
Project2.axf: Warning: L6304W: Duplicate input file system_lpc17xx.o ignored.
Program Size: Code=7040 RO-data=276 RW-data=104 ZI-data=12512  
"Project2.axf" - 0 Error(s), 5 Warning(s).
Load "N:\\MTE241\\Project4\\Project2.AXF" 
Erase Done.
Programming Done.
Verify OK.
compiling IOControls.c...
IOControls.h(9): warning:  #1-D: last line of file ends without a newline
IOControls.c(65): warning:  #1-D: last line of file ends without a newline
IOControls.c - 0 Error(s), 2 Warning(s).
Load "N:\\MTE241\\Project4\\Project2.AXF" 
Erase Done.
Programming Done.
Verify OK.
Rebuild target 'Target 1'
compiling system_LPC17xx.c...
compiling system_LPC17xx.c...
assembling startup_LPC17xx.s...
compiling RTX_config.c...
compiling uart.c...
compiling Retarget.c...
compiling GLCD_SPI_LPC1700.c...
compiling nba3PointChallengeMain.c...
IOControls.h(9): warning:  #1-D: last line of file ends without a newline
nba3PointChallengeMain.c(92): warning:  #9-D: nested comment is not allowed
compiling IOControls.c...
IOControls.h(9): warning:  #1-D: last line of file ends without a newline
IOControls.c(65): warning:  #1-D: last line of file ends without a newline
linking...
Project2.axf: Warning: L6304W: Duplicate input file system_lpc17xx.o ignored.
Program Size: Code=7048 RO-data=276 RW-data=104 ZI-data=12512  
"Project2.axf" - 0 Error(s), 5 Warning(s).
compiling IOControls.c...
IOControls.h(9): warning:  #1-D: last line of file ends without a newline
IOControls.c(65): warning:  #1-D: last line of file ends without a newline
IOControls.c - 0 Error(s), 2 Warning(s).
Build target 'Target 1'
linking...
Project2.axf: Warning: L6304W: Duplicate input file system_lpc17xx.o ignored.
Program Size: Code=7048 RO-data=276 RW-data=104 ZI-data=12512  
"Project2.axf" - 0 Error(s), 1 Warning(s).
Rebuild target 'Target 1'
compiling system_LPC17xx.c...
compiling system_LPC17xx.c...
assembling startup_LPC17xx.s...
compiling RTX_config.c...
compiling uart.c...
compiling Retarget.c...
compiling GLCD_SPI_LPC1700.c...
compiling nba3PointChallengeMain.c...
IOControls.h(9): warning:  #1-D: last line of file ends without a newline
nba3PointChallengeMain.c(92): warning:  #9-D: nested comment is not allowed
compiling IOControls.c...
IOControls.h(9): warning:  #1-D: last line of file ends without a newline
IOControls.c(65): warning:  #1-D: last line of file ends without a newline
linking...
Project2.axf: Warning: L6304W: Duplicate input file system_lpc17xx.o ignored.
Program Size: Code=7048 RO-data=276 RW-data=104 ZI-data=12512  
"Project2.axf" - 0 Error(s), 5 Warning(s).
compiling nba3PointChallengeMain.c...
IOControls.h(9): warning:  #1-D: last line of file ends without a newline
nba3PointChallengeMain.c(92): warning:  #9-D: nested comment is not allowed
nba3PointChallengeMain.c(343): error:  #20: identifier "value" is undefined
nba3PointChallengeMain.c(357): error:  #20: identifier "value" is undefined
nba3PointChallengeMain.c - 2 Error(s), 2 Warning(s).
Build target 'Target 1'
compiling nba3PointChallengeMain.c...
IOControls.h(9): warning:  #1-D: last line of file ends without a newline
nba3PointChallengeMain.c(92): warning:  #9-D: nested comment is not allowed
nba3PointChallengeMain.c(343): error:  #20: identifier "value" is undefined
nba3PointChallengeMain.c(357): error:  #20: identifier "value" is undefined
Target not created
Rebuild target 'Target 1'
compiling system_LPC17xx.c...
compiling system_LPC17xx.c...
assembling startup_LPC17xx.s...
compiling RTX_config.c...
compiling uart.c...
compiling Retarget.c...
compiling GLCD_SPI_LPC1700.c...
compiling nba3PointChallengeMain.c...
IOControls.h(9): warning:  #1-D: last line of file ends without a newline
nba3PointChallengeMain.c(92): warning:  #9-D: nested comment is not allowed
nba3PointChallengeMain.c(343): error:  #20: identifier "value" is undefined
nba3PointChallengeMain.c(357): error:  #20: identifier "value" is undefined
compiling IOControls.c...
IOControls.h(9): warning:  #1-D: last line of file ends without a newline
IOControls.c(65): warning:  #1-D: last line of file ends without a newline
Target not created
Load "N:\\MTE241\\Project4\\Project2.AXF" 
_____^
*** error 56: cannot open file
Rebuild target 'Target 1'
compiling system_LPC17xx.c...
compiling system_LPC17xx.c...
assembling startup_LPC17xx.s...
compiling RTX_config.c...
compiling uart.c...
compiling Retarget.c...
compiling GLCD_SPI_LPC1700.c...
compiling nba3PointChallengeMain.c...
IOControls.h(9): warning:  #1-D: last line of file ends without a newline
nba3PointChallengeMain.c(92): warning:  #9-D: nested comment is not allowed
nba3PointChallengeMain.c(343): error:  #20: identifier "value" is undefined
nba3PointChallengeMain.c(357): error:  #20: identifier "value" is undefined
compiling IOControls.c...
IOControls.h(9): warning:  #1-D: last line of file ends without a newline
IOControls.c(65): warning:  #1-D: last line of file ends without a newline
Target not created
compiling nba3PointChallengeMain.c...
IOControls.h(9): warning:  #1-D: last line of file ends without a newline
nba3PointChallengeMain.c(92): warning:  #9-D: nested comment is not allowed
nba3PointChallengeMain.c(343): error:  #20: identifier "value" is undefined
nba3PointChallengeMain.c(357): error:  #20: identifier "value" is undefined
nba3PointChallengeMain.c - 2 Error(s), 2 Warning(s).
Rebuild target 'Target 1'
compiling system_LPC17xx.c...
compiling system_LPC17xx.c...
assembling startup_LPC17xx.s...
compiling RTX_config.c...
compiling uart.c...
compiling Retarget.c...
compiling GLCD_SPI_LPC1700.c...
compiling nba3PointChallengeMain.c...
IOControls.h(9): warning:  #1-D: last line of file ends without a newline
nba3PointChallengeMain.c(92): warning:  #9-D: nested comment is not allowed
nba3PointChallengeMain.c(343): error:  #20: identifier "value" is undefined
compiling IOControls.c...
IOControls.h(9): warning:  #1-D: last line of file ends without a newline
IOControls.c(65): warning:  #1-D: last line of file ends without a newline
Target not created
compiling nba3PointChallengeMain.c...
IOControls.h(9): warning:  #1-D: last line of file ends without a newline
nba3PointChallengeMain.c(92): warning:  #9-D: nested comment is not allowed
nba3PointChallengeMain.c - 0 Error(s), 2 Warning(s).
Rebuild target 'Target 1'
compiling system_LPC17xx.c...
compiling system_LPC17xx.c...
assembling startup_LPC17xx.s...
compiling RTX_config.c...
compiling uart.c...
compiling Retarget.c...
compiling GLCD_SPI_LPC1700.c...
compiling nba3PointChallengeMain.c...
IOControls.h(9): warning:  #1-D: last line of file ends without a newline
nba3PointChallengeMain.c(92): warning:  #9-D: nested comment is not allowed
compiling IOControls.c...
IOControls.h(9): warning:  #1-D: last line of file ends without a newline
IOControls.c(65): warning:  #1-D: last line of file ends without a newline
linking...
Project2.axf: Warning: L6304W: Duplicate input file system_lpc17xx.o ignored.
Program Size: Code=7048 RO-data=276 RW-data=104 ZI-data=12512  
"Project2.axf" - 0 Error(s), 5 Warning(s).
Load "N:\\MTE241\\Project4\\Project2.AXF" 
Erase Done.
Programming Done.
Verify OK.
compiling IOControls.c...
IOControls.h(9): warning:  #1-D: last line of file ends without a newline
IOControls.c(67): warning:  #1-D: last line of file ends without a newline
IOControls.c - 0 Error(s), 2 Warning(s).
Rebuild target 'Target 1'
compiling system_LPC17xx.c...
compiling system_LPC17xx.c...
assembling startup_LPC17xx.s...
compiling RTX_config.c...
compiling uart.c...
compiling Retarget.c...
compiling GLCD_SPI_LPC1700.c...
compiling nba3PointChallengeMain.c...
IOControls.h(9): warning:  #1-D: last line of file ends without a newline
nba3PointChallengeMain.c(92): warning:  #9-D: nested comment is not allowed
compiling IOControls.c...
IOControls.h(9): warning:  #1-D: last line of file ends without a newline
IOControls.c(67): warning:  #1-D: last line of file ends without a newline
linking...
Project2.axf: Warning: L6304W: Duplicate input file system_lpc17xx.o ignored.
Program Size: Code=7056 RO-data=276 RW-data=104 ZI-data=12512  
"Project2.axf" - 0 Error(s), 5 Warning(s).
Load "N:\\MTE241\\Project4\\Project2.AXF" 
Erase Done.
Programming Done.
Verify OK.
Rebuild target 'Target 1'
compiling system_LPC17xx.c...
compiling system_LPC17xx.c...
assembling startup_LPC17xx.s...
compiling RTX_config.c...
compiling uart.c...
compiling Retarget.c...
compiling GLCD_SPI_LPC1700.c...
compiling nba3PointChallengeMain.c...
IOControls.h(9): warning:  #1-D: last line of file ends without a newline
nba3PointChallengeMain.c(92): warning:  #9-D: nested comment is not allowed
compiling IOControls.c...
IOControls.h(9): warning:  #1-D: last line of file ends without a newline
IOControls.c(67): warning:  #1-D: last line of file ends without a newline
linking...
Project2.axf: Warning: L6304W: Duplicate input file system_lpc17xx.o ignored.
Program Size: Code=7056 RO-data=276 RW-data=104 ZI-data=12512  
"Project2.axf" - 0 Error(s), 5 Warning(s).
Load "N:\\MTE241\\Project4\\Project2.AXF" 
Erase Done.
Programming Done.
Verify OK.
Rebuild target 'Target 1'
compiling system_LPC17xx.c...
compiling system_LPC17xx.c...
assembling startup_LPC17xx.s...
compiling RTX_config.c...
compiling uart.c...
compiling Retarget.c...
compiling GLCD_SPI_LPC1700.c...
compiling nba3PointChallengeMain.c...
IOControls.h(9): warning:  #1-D: last line of file ends without a newline
nba3PointChallengeMain.c(92): warning:  #9-D: nested comment is not allowed
nba3PointChallengeMain.c(345): warning:  #181-D: argument is incompatible with corresponding format string conversion
compiling IOControls.c...
IOControls.h(9): warning:  #1-D: last line of file ends without a newline
IOControls.c(67): warning:  #1-D: last line of file ends without a newline
linking...
Project2.axf: Warning: L6304W: Duplicate input file system_lpc17xx.o ignored.
Program Size: Code=9348 RO-data=276 RW-data=104 ZI-data=12512  
"Project2.axf" - 0 Error(s), 6 Warning(s).
Load "N:\\MTE241\\Project4\\Project2.AXF" 
Erase Done.
Programming Done.
Verify OK.
Rebuild target 'Target 1'
compiling system_LPC17xx.c...
compiling system_LPC17xx.c...
assembling startup_LPC17xx.s...
compiling RTX_config.c...
compiling uart.c...
compiling Retarget.c...
compiling GLCD_SPI_LPC1700.c...
compiling nba3PointChallengeMain.c...
IOControls.h(9): warning:  #1-D: last line of file ends without a newline
nba3PointChallengeMain.c(92): warning:  #9-D: nested comment is not allowed
nba3PointChallengeMain.c(345): warning:  #181-D: argument is incompatible with corresponding format string conversion
compiling IOControls.c...
IOControls.h(9): warning:  #1-D: last line of file ends without a newline
IOControls.c(67): warning:  #1-D: last line of file ends without a newline
linking...
Project2.axf: Warning: L6304W: Duplicate input file system_lpc17xx.o ignored.
Program Size: Code=9320 RO-data=276 RW-data=104 ZI-data=12512  
"Project2.axf" - 0 Error(s), 6 Warning(s).
Load "N:\\MTE241\\Project4\\Project2.AXF" 
Erase Done.
Programming Done.
Verify OK.
Rebuild target 'Target 1'
compiling system_LPC17xx.c...
compiling system_LPC17xx.c...
assembling startup_LPC17xx.s...
compiling RTX_config.c...
compiling uart.c...
compiling Retarget.c...
compiling GLCD_SPI_LPC1700.c...
compiling nba3PointChallengeMain.c...
IOControls.h(9): warning:  #1-D: last line of file ends without a newline
nba3PointChallengeMain.c(92): warning:  #9-D: nested comment is not allowed
compiling IOControls.c...
IOControls.h(9): warning:  #1-D: last line of file ends without a newline
IOControls.c(67): warning:  #1-D: last line of file ends without a newline
linking...
Project2.axf: Warning: L6304W: Duplicate input file system_lpc17xx.o ignored.
Program Size: Code=6576 RO-data=276 RW-data=104 ZI-data=12512  
"Project2.axf" - 0 Error(s), 5 Warning(s).
Load "N:\\MTE241\\Project4\\Project2.AXF" 
Erase Done.
Programming Done.
Verify OK.
Rebuild target 'Target 1'
compiling system_LPC17xx.c...
compiling system_LPC17xx.c...
assembling startup_LPC17xx.s...
compiling RTX_config.c...
compiling uart.c...
compiling Retarget.c...
compiling GLCD_SPI_LPC1700.c...
compiling nba3PointChallengeMain.c...
IOControls.h(9): warning:  #1-D: last line of file ends without a newline
nba3PointChallengeMain.c(92): warning:  #9-D: nested comment is not allowed
compiling IOControls.c...
IOControls.h(9): warning:  #1-D: last line of file ends without a newline
IOControls.c(67): warning:  #1-D: last line of file ends without a newline
linking...
Project2.axf: Warning: L6304W: Duplicate input file system_lpc17xx.o ignored.
Program Size: Code=6240 RO-data=276 RW-data=104 ZI-data=12512  
"Project2.axf" - 0 Error(s), 5 Warning(s).
Load "N:\\MTE241\\Project4\\Project2.AXF" 
Erase Done.
Programming Done.
Verify OK.
Load "N:\\MTE241\\Project4\\Project2.AXF" 
Erase Done.
Programming Done.
Verify OK.
Rebuild target 'Target 1'
compiling system_LPC17xx.c...
compiling system_LPC17xx.c...
assembling startup_LPC17xx.s...
compiling RTX_config.c...
compiling uart.c...
compiling Retarget.c...
compiling GLCD_SPI_LPC1700.c...
compiling nba3PointChallengeMain.c...
IOControls.h(10): warning:  #1-D: last line of file ends without a newline
nba3PointChallengeMain.c(92): warning:  #9-D: nested comment is not allowed
nba3PointChallengeMain.c(387): warning:  #223-D: function "initIOControl" declared implicitly
compiling IOControls.c...
IOControls.h(10): warning:  #1-D: last line of file ends without a newline
IOControls.c(22): warning:  #61-D: integer operation result is out of range
IOControls.c(22): warning:  #68-D: integer conversion resulted in a change of sign
IOControls.c(35): warning:  #61-D: integer operation result is out of range
IOControls.c(35): warning:  #68-D: integer conversion resulted in a change of sign
IOControls.c(51): warning:  #61-D: integer operation result is out of range
IOControls.c(51): warning:  #68-D: integer conversion resulted in a change of sign
IOControls.c(30): warning:  #177-D: variable "bitOn" was declared but never referenced
IOControls.c(105): warning:  #1-D: last line of file ends without a newline
linking...
Project2.axf: Warning: L6304W: Duplicate input file system_lpc17xx.o ignored.
Project2.axf: Error: L6218E: Undefined symbol initIOControl (referred from nba3pointchallengemain.o).
Target not created
compiling IOControls.c...
IOControls.c(22): warning:  #61-D: integer operation result is out of range
IOControls.c(22): warning:  #68-D: integer conversion resulted in a change of sign
IOControls.c(35): warning:  #61-D: integer operation result is out of range
IOControls.c(35): warning:  #68-D: integer conversion resulted in a change of sign
IOControls.c(51): warning:  #61-D: integer operation result is out of range
IOControls.c(51): warning:  #68-D: integer conversion resulted in a change of sign
IOControls.c(30): warning:  #177-D: variable "bitOn" was declared but never referenced
IOControls.c - 0 Error(s), 7 Warning(s).
Rebuild target 'Target 1'
compiling system_LPC17xx.c...
compiling system_LPC17xx.c...
assembling startup_LPC17xx.s...
compiling RTX_config.c...
compiling uart.c...
compiling Retarget.c...
compiling GLCD_SPI_LPC1700.c...
compiling nba3PointChallengeMain.c...
nba3PointChallengeMain.c(92): warning:  #9-D: nested comment is not allowed
nba3PointChallengeMain.c(387): warning:  #223-D: function "initIOControl" declared implicitly
compiling IOControls.c...
IOControls.c(21): warning:  #61-D: integer operation result is out of range
IOControls.c(21): warning:  #68-D: integer conversion resulted in a change of sign
IOControls.c(37): warning:  #61-D: integer operation result is out of range
IOControls.c(37): warning:  #68-D: integer conversion resulted in a change of sign
IOControls.c(16): warning:  #177-D: variable "bitOn" was declared but never referenced
IOControls.c(99): warning:  #1-D: last line of file ends without a newline
linking...
Project2.axf: Warning: L6304W: Duplicate input file system_lpc17xx.o ignored.
Project2.axf: Error: L6218E: Undefined symbol initIOControl (referred from nba3pointchallengemain.o).
Target not created
Load "N:\\MTE241\\Project4\\Project2.AXF" 
_____^
*** error 56: cannot open file
Rebuild target 'Target 1'
compiling system_LPC17xx.c...
compiling system_LPC17xx.c...
assembling startup_LPC17xx.s...
compiling RTX_config.c...
compiling uart.c...
compiling Retarget.c...
compiling GLCD_SPI_LPC1700.c...
compiling nba3PointChallengeMain.c...
nba3PointChallengeMain.c(92): warning:  #9-D: nested comment is not allowed
compiling IOControls.c...
IOControls.c(21): warning:  #61-D: integer operation result is out of range
IOControls.c(21): warning:  #68-D: integer conversion resulted in a change of sign
IOControls.c(37): warning:  #61-D: integer operation result is out of range
IOControls.c(37): warning:  #68-D: integer conversion resulted in a change of sign
IOControls.c(16): warning:  #177-D: variable "bitOn" was declared but never referenced
IOControls.c(99): warning:  #1-D: last line of file ends without a newline
linking...
Project2.axf: Warning: L6304W: Duplicate input file system_lpc17xx.o ignored.
Program Size: Code=6508 RO-data=276 RW-data=104 ZI-data=12512  
"Project2.axf" - 0 Error(s), 8 Warning(s).
Load "N:\\MTE241\\Project4\\Project2.AXF" 
Erase Done.
Programming Done.
Verify OK.
Rebuild target 'Target 1'
compiling system_LPC17xx.c...
compiling system_LPC17xx.c...
assembling startup_LPC17xx.s...
compiling RTX_config.c...
compiling uart.c...
compiling Retarget.c...
compiling GLCD_SPI_LPC1700.c...
compiling nba3PointChallengeMain.c...
nba3PointChallengeMain.c(92): warning:  #9-D: nested comment is not allowed
compiling IOControls.c...
IOControls.c(21): warning:  #61-D: integer operation result is out of range
IOControls.c(21): warning:  #68-D: integer conversion resulted in a change of sign
IOControls.c(37): warning:  #61-D: integer operation result is out of range
IOControls.c(37): warning:  #68-D: integer conversion resulted in a change of sign
IOControls.c(16): warning:  #177-D: variable "bitOn" was declared but never referenced
IOControls.c(99): warning:  #1-D: last line of file ends without a newline
linking...
Project2.axf: Warning: L6304W: Duplicate input file system_lpc17xx.o ignored.
Program Size: Code=6512 RO-data=276 RW-data=104 ZI-data=12512  
"Project2.axf" - 0 Error(s), 8 Warning(s).
Load "N:\\MTE241\\Project4\\Project2.AXF" 
Erase Done.
Programming Done.
Verify OK.
Rebuild target 'Target 1'
compiling system_LPC17xx.c...
compiling system_LPC17xx.c...
assembling startup_LPC17xx.s...
compiling RTX_config.c...
compiling uart.c...
compiling Retarget.c...
compiling GLCD_SPI_LPC1700.c...
compiling nba3PointChallengeMain.c...
nba3PointChallengeMain.c(92): warning:  #9-D: nested comment is not allowed
compiling IOControls.c...
IOControls.c(21): warning:  #61-D: integer operation result is out of range
IOControls.c(21): warning:  #68-D: integer conversion resulted in a change of sign
IOControls.c(37): warning:  #61-D: integer operation result is out of range
IOControls.c(37): warning:  #68-D: integer conversion resulted in a change of sign
IOControls.c(16): warning:  #177-D: variable "bitOn" was declared but never referenced
IOControls.c(99): warning:  #1-D: last line of file ends without a newline
linking...
Project2.axf: Warning: L6304W: Duplicate input file system_lpc17xx.o ignored.
Program Size: Code=6516 RO-data=276 RW-data=104 ZI-data=12512  
"Project2.axf" - 0 Error(s), 8 Warning(s).
Load "N:\\MTE241\\Project4\\Project2.AXF" 
Erase Done.
Programming Done.
Verify OK.
Load "N:\\MTE241\\Project4\\Project2.AXF" 
Erase Done.
Programming Done.
Verify OK.
Rebuild target 'Target 1'
compiling system_LPC17xx.c...
compiling system_LPC17xx.c...
assembling startup_LPC17xx.s...
compiling RTX_config.c...
compiling uart.c...
compiling Retarget.c...
compiling GLCD_SPI_LPC1700.c...
compiling nba3PointChallengeMain.c...
nba3PointChallengeMain.c(92): warning:  #9-D: nested comment is not allowed
compiling IOControls.c...
IOControls.c(21): warning:  #61-D: integer operation result is out of range
IOControls.c(21): warning:  #68-D: integer conversion resulted in a change of sign
IOControls.c(37): warning:  #61-D: integer operation result is out of range
IOControls.c(37): warning:  #68-D: integer conversion resulted in a change of sign
IOControls.c(16): warning:  #177-D: variable "bitOn" was declared but never referenced
IOControls.c(99): warning:  #1-D: last line of file ends without a newline
linking...
Project2.axf: Warning: L6304W: Duplicate input file system_lpc17xx.o ignored.
Program Size: Code=6572 RO-data=276 RW-data=108 ZI-data=12516  
"Project2.axf" - 0 Error(s), 8 Warning(s).
Load "N:\\MTE241\\Project4\\Project2.AXF" 
Erase Done.
Programming Done.
Verify OK.
Load "N:\\MTE241\\Project4\\Project2.AXF" 
Erase Done.
Programming Done.
Verify OK.
Rebuild target 'Target 1'
compiling system_LPC17xx.c...
compiling system_LPC17xx.c...
assembling startup_LPC17xx.s...
compiling RTX_config.c...
compiling uart.c...
compiling Retarget.c...
compiling GLCD_SPI_LPC1700.c...
compiling nba3PointChallengeMain.c...
nba3PointChallengeMain.c(92): warning:  #9-D: nested comment is not allowed
compiling IOControls.c...
IOControls.c(21): warning:  #61-D: integer operation result is out of range
IOControls.c(21): warning:  #68-D: integer conversion resulted in a change of sign
IOControls.c(37): warning:  #61-D: integer operation result is out of range
IOControls.c(37): warning:  #68-D: integer conversion resulted in a change of sign
IOControls.c(16): warning:  #177-D: variable "bitOn" was declared but never referenced
IOControls.c(99): warning:  #1-D: last line of file ends without a newline
linking...
Project2.axf: Warning: L6304W: Duplicate input file system_lpc17xx.o ignored.
Program Size: Code=6576 RO-data=276 RW-data=108 ZI-data=12532  
"Project2.axf" - 0 Error(s), 8 Warning(s).
Load "N:\\MTE241\\Project4\\Project2.AXF" 
Erase Done.
Programming Done.
Verify OK.
Rebuild target 'Target 1'
compiling system_LPC17xx.c...
compiling system_LPC17xx.c...
assembling startup_LPC17xx.s...
compiling RTX_config.c...
compiling uart.c...
compiling Retarget.c...
compiling GLCD_SPI_LPC1700.c...
compiling nba3PointChallengeMain.c...
nba3PointChallengeMain.c(92): warning:  #9-D: nested comment is not allowed
nba3PointChallengeMain.c(375): error:  #29: expected an expression
compiling IOControls.c...
IOControls.c(21): warning:  #61-D: integer operation result is out of range
IOControls.c(21): warning:  #68-D: integer conversion resulted in a change of sign
IOControls.c(37): warning:  #61-D: integer operation result is out of range
IOControls.c(37): warning:  #68-D: integer conversion resulted in a change of sign
IOControls.c(16): warning:  #177-D: variable "bitOn" was declared but never referenced
IOControls.c(99): warning:  #1-D: last line of file ends without a newline
Target not created
Rebuild target 'Target 1'
compiling system_LPC17xx.c...
compiling system_LPC17xx.c...
assembling startup_LPC17xx.s...
compiling RTX_config.c...
compiling uart.c...
compiling Retarget.c...
compiling GLCD_SPI_LPC1700.c...
compiling nba3PointChallengeMain.c...
nba3PointChallengeMain.c(92): warning:  #9-D: nested comment is not allowed
nba3PointChallengeMain.c(375): error:  #29: expected an expression
compiling IOControls.c...
IOControls.c(19): warning:  #61-D: integer operation result is out of range
IOControls.c(19): warning:  #68-D: integer conversion resulted in a change of sign
IOControls.c(35): warning:  #61-D: integer operation result is out of range
IOControls.c(35): warning:  #68-D: integer conversion resulted in a change of sign
IOControls.c(97): warning:  #1-D: last line of file ends without a newline
Target not created
Load "N:\\MTE241\\Project4\\Project2.AXF" 
_____^
*** error 56: cannot open file
Load "N:\\MTE241\\Project4\\Project2.AXF" 
_____^
*** error 56: cannot open file
Build target 'Target 1'
compiling nba3PointChallengeMain.c...
nba3PointChallengeMain.c(92): warning:  #9-D: nested comment is not allowed
nba3PointChallengeMain.c(375): error:  #29: expected an expression
Target not created
compiling IOControls.c...
IOControls.c(19): warning:  #61-D: integer operation result is out of range
IOControls.c(19): warning:  #68-D: integer conversion resulted in a change of sign
IOControls.c(35): warning:  #61-D: integer operation result is out of range
IOControls.c(35): warning:  #68-D: integer conversion resulted in a change of sign
IOControls.c(97): warning:  #1-D: last line of file ends without a newline
IOControls.c - 0 Error(s), 5 Warning(s).
Load "N:\\MTE241\\Project4\\Project2.AXF" 
_____^
*** error 56: cannot open file
Rebuild target 'Target 1'
compiling system_LPC17xx.c...
compiling system_LPC17xx.c...
assembling startup_LPC17xx.s...
compiling RTX_config.c...
compiling uart.c...
compiling Retarget.c...
compiling GLCD_SPI_LPC1700.c...
compiling nba3PointChallengeMain.c...
nba3PointChallengeMain.c(92): warning:  #9-D: nested comment is not allowed
nba3PointChallengeMain.c(375): error:  #29: expected an expression
compiling IOControls.c...
IOControls.c(19): warning:  #61-D: integer operation result is out of range
IOControls.c(19): warning:  #68-D: integer conversion resulted in a change of sign
IOControls.c(35): warning:  #61-D: integer operation result is out of range
IOControls.c(35): warning:  #68-D: integer conversion resulted in a change of sign
IOControls.c(97): warning:  #1-D: last line of file ends without a newline
Target not created
Rebuild target 'Target 1'
compiling system_LPC17xx.c...
compiling system_LPC17xx.c...
assembling startup_LPC17xx.s...
compiling RTX_config.c...
compiling uart.c...
compiling Retarget.c...
compiling GLCD_SPI_LPC1700.c...
compiling nba3PointChallengeMain.c...
nba3PointChallengeMain.c(92): warning:  #9-D: nested comment is not allowed
nba3PointChallengeMain.c(375): error:  #29: expected an expression
compiling IOControls.c...
IOControls.c(17): warning:  #61-D: integer operation result is out of range
IOControls.c(17): warning:  #68-D: integer conversion resulted in a change of sign
IOControls.c(33): warning:  #61-D: integer operation result is out of range
IOControls.c(33): warning:  #68-D: integer conversion resulted in a change of sign
IOControls.c(12): warning:  #177-D: variable "bitOn" was declared but never referenced
IOControls.c(95): warning:  #1-D: last line of file ends without a newline
Target not created
Rebuild target 'Target 1'
compiling system_LPC17xx.c...
compiling system_LPC17xx.c...
assembling startup_LPC17xx.s...
compiling RTX_config.c...
compiling uart.c...
compiling Retarget.c...
compiling GLCD_SPI_LPC1700.c...
compiling nba3PointChallengeMain.c...
nba3PointChallengeMain.c(92): warning:  #9-D: nested comment is not allowed
compiling IOControls.c...
IOControls.c(17): warning:  #61-D: integer operation result is out of range
IOControls.c(17): warning:  #68-D: integer conversion resulted in a change of sign
IOControls.c(33): warning:  #61-D: integer operation result is out of range
IOControls.c(33): warning:  #68-D: integer conversion resulted in a change of sign
IOControls.c(12): warning:  #177-D: variable "bitOn" was declared but never referenced
IOControls.c(95): warning:  #1-D: last line of file ends without a newline
linking...
Project2.axf: Warning: L6304W: Duplicate input file system_lpc17xx.o ignored.
Program Size: Code=6576 RO-data=276 RW-data=108 ZI-data=12532  
"Project2.axf" - 0 Error(s), 8 Warning(s).
Load "N:\\MTE241\\Project4\\Project2.AXF" 
Erase Done.
Programming Done.
Verify OK.
Rebuild target 'Target 1'
compiling system_LPC17xx.c...
compiling system_LPC17xx.c...
assembling startup_LPC17xx.s...
compiling RTX_config.c...
compiling uart.c...
compiling Retarget.c...
compiling GLCD_SPI_LPC1700.c...
compiling nba3PointChallengeMain.c...
nba3PointChallengeMain.c(92): warning:  #9-D: nested comment is not allowed
compiling IOControls.c...
IOControls.c(17): warning:  #61-D: integer operation result is out of range
IOControls.c(17): warning:  #68-D: integer conversion resulted in a change of sign
IOControls.c(33): warning:  #61-D: integer operation result is out of range
IOControls.c(33): warning:  #68-D: integer conversion resulted in a change of sign
IOControls.c(12): warning:  #177-D: variable "bitOn" was declared but never referenced
IOControls.c(95): warning:  #1-D: last line of file ends without a newline
linking...
Project2.axf: Warning: L6304W: Duplicate input file system_lpc17xx.o ignored.
Program Size: Code=6572 RO-data=276 RW-data=108 ZI-data=12532  
"Project2.axf" - 0 Error(s), 8 Warning(s).
Rebuild target 'Target 1'
compiling system_LPC17xx.c...
compiling system_LPC17xx.c...
assembling startup_LPC17xx.s...
compiling RTX_config.c...
compiling uart.c...
compiling Retarget.c...
compiling GLCD_SPI_LPC1700.c...
compiling nba3PointChallengeMain.c...
nba3PointChallengeMain.c(92): warning:  #9-D: nested comment is not allowed
compiling IOControls.c...
IOControls.c(17): warning:  #61-D: integer operation result is out of range
IOControls.c(17): warning:  #68-D: integer conversion resulted in a change of sign
IOControls.c(33): warning:  #61-D: integer operation result is out of range
IOControls.c(33): warning:  #68-D: integer conversion resulted in a change of sign
IOControls.c(12): warning:  #177-D: variable "bitOn" was declared but never referenced
IOControls.c(95): warning:  #1-D: last line of file ends without a newline
linking...
Project2.axf: Warning: L6304W: Duplicate input file system_lpc17xx.o ignored.
Program Size: Code=6568 RO-data=276 RW-data=108 ZI-data=12532  
"Project2.axf" - 0 Error(s), 8 Warning(s).
Load "N:\\MTE241\\Project4\\Project2.AXF" 
Erase Done.
Programming Done.
Verify OK.
Rebuild target 'Target 1'
compiling system_LPC17xx.c...
compiling system_LPC17xx.c...
assembling startup_LPC17xx.s...
compiling RTX_config.c...
compiling uart.c...
compiling Retarget.c...
compiling GLCD_SPI_LPC1700.c...
compiling nba3PointChallengeMain.c...
nba3PointChallengeMain.c(92): warning:  #9-D: nested comment is not allowed
compiling IOControls.c...
IOControls.c(17): warning:  #61-D: integer operation result is out of range
IOControls.c(17): warning:  #68-D: integer conversion resulted in a change of sign
IOControls.c(33): warning:  #61-D: integer operation result is out of range
IOControls.c(33): warning:  #68-D: integer conversion resulted in a change of sign
IOControls.c(12): warning:  #177-D: variable "bitOn" was declared but never referenced
IOControls.c(95): warning:  #1-D: last line of file ends without a newline
linking...
Project2.axf: Warning: L6304W: Duplicate input file system_lpc17xx.o ignored.
Program Size: Code=6564 RO-data=276 RW-data=108 ZI-data=12532  
"Project2.axf" - 0 Error(s), 8 Warning(s).
Load "N:\\MTE241\\Project4\\Project2.AXF" 
Erase Done.
Programming Done.
Verify OK.
Load "N:\\MTE241\\Project4\\Project2.AXF" 
Erase Done.
Programming Done.
Verify OK.
Rebuild target 'Target 1'
compiling system_LPC17xx.c...
compiling system_LPC17xx.c...
assembling startup_LPC17xx.s...
compiling RTX_config.c...
compiling uart.c...
compiling Retarget.c...
compiling GLCD_SPI_LPC1700.c...
compiling nba3PointChallengeMain.c...
nba3PointChallengeMain.c(92): warning:  #9-D: nested comment is not allowed
compiling IOControls.c...
IOControls.c(17): warning:  #61-D: integer operation result is out of range
IOControls.c(17): warning:  #68-D: integer conversion resulted in a change of sign
IOControls.c(33): warning:  #61-D: integer operation result is out of range
IOControls.c(33): warning:  #68-D: integer conversion resulted in a change of sign
IOControls.c(12): warning:  #177-D: variable "bitOn" was declared but never referenced
IOControls.c(95): warning:  #1-D: last line of file ends without a newline
linking...
Project2.axf: Warning: L6304W: Duplicate input file system_lpc17xx.o ignored.
Program Size: Code=6572 RO-data=276 RW-data=108 ZI-data=12532  
"Project2.axf" - 0 Error(s), 8 Warning(s).
Load "N:\\MTE241\\Project4\\Project2.AXF" 
Erase Done.
Programming Done.
Verify OK.
Rebuild target 'Target 1'
compiling system_LPC17xx.c...
compiling system_LPC17xx.c...
assembling startup_LPC17xx.s...
compiling RTX_config.c...
compiling uart.c...
compiling Retarget.c...
compiling GLCD_SPI_LPC1700.c...
compiling nba3PointChallengeMain.c...
nbaGraphics.h(7): warning:  #1-D: last line of file ends without a newline
nba3PointChallengeMain.c(38): error:  #65: expected a ";"
nba3PointChallengeMain.c(311): warning:  #9-D: nested comment is not allowed
nba3PointChallengeMain.c(409): warning: At end of source:  #12-D: parsing restarts here after previous syntax error
nba3PointChallengeMain.c(38): error:  #235: variable "ShotQuality" was declared with a never-completed type
compiling IOControls.c...
IOControls.c(17): warning:  #61-D: integer operation result is out of range
IOControls.c(17): warning:  #68-D: integer conversion resulted in a change of sign
IOControls.c(33): warning:  #61-D: integer operation result is out of range
IOControls.c(33): warning:  #68-D: integer conversion resulted in a change of sign
IOControls.c(12): warning:  #177-D: variable "bitOn" was declared but never referenced
IOControls.c(95): warning:  #1-D: last line of file ends without a newline
Target not created
